Archive member included to satisfy reference by file (symbol)

/home/szy/gcc-arm-none-eabi-7-2017-q4-major/bin/../lib/gcc/arm-none-eabi/7.2.1/../../../../arm-none-eabi/lib/thumb/v7e-m/fpv4-sp/hard/libstdc++.a(eh_personality.o)
                              CMakeFiles/demo_f407.elf.dir/Applications/motor_task.cpp.obj (__gxx_personality_v0)
/home/szy/gcc-arm-none-eabi-7-2017-q4-major/bin/../lib/gcc/arm-none-eabi/7.2.1/../../../../arm-none-eabi/lib/thumb/v7e-m/fpv4-sp/hard/libstdc++.a(eh_call.o)
                              /home/szy/gcc-arm-none-eabi-7-2017-q4-major/bin/../lib/gcc/arm-none-eabi/7.2.1/../../../../arm-none-eabi/lib/thumb/v7e-m/fpv4-sp/hard/libstdc++.a(eh_personality.o) (__cxa_call_terminate)
/home/szy/gcc-arm-none-eabi-7-2017-q4-major/bin/../lib/gcc/arm-none-eabi/7.2.1/../../../../arm-none-eabi/lib/thumb/v7e-m/fpv4-sp/hard/libstdc++.a(eh_catch.o)
                              /home/szy/gcc-arm-none-eabi-7-2017-q4-major/bin/../lib/gcc/arm-none-eabi/7.2.1/../../../../arm-none-eabi/lib/thumb/v7e-m/fpv4-sp/hard/libstdc++.a(eh_personality.o) (__cxa_begin_catch)
/home/szy/gcc-arm-none-eabi-7-2017-q4-major/bin/../lib/gcc/arm-none-eabi/7.2.1/../../../../arm-none-eabi/lib/thumb/v7e-m/fpv4-sp/hard/libstdc++.a(eh_globals.o)
                              /home/szy/gcc-arm-none-eabi-7-2017-q4-major/bin/../lib/gcc/arm-none-eabi/7.2.1/../../../../arm-none-eabi/lib/thumb/v7e-m/fpv4-sp/hard/libstdc++.a(eh_call.o) (__cxa_get_globals_fast)
/home/szy/gcc-arm-none-eabi-7-2017-q4-major/bin/../lib/gcc/arm-none-eabi/7.2.1/../../../../arm-none-eabi/lib/thumb/v7e-m/fpv4-sp/hard/libstdc++.a(eh_terminate.o)
                              /home/szy/gcc-arm-none-eabi-7-2017-q4-major/bin/../lib/gcc/arm-none-eabi/7.2.1/../../../../arm-none-eabi/lib/thumb/v7e-m/fpv4-sp/hard/libstdc++.a(eh_call.o) (__cxxabiv1::__terminate(void (*)()))
/home/szy/gcc-arm-none-eabi-7-2017-q4-major/bin/../lib/gcc/arm-none-eabi/7.2.1/../../../../arm-none-eabi/lib/thumb/v7e-m/fpv4-sp/hard/libstdc++.a(eh_arm.o)
                              CMakeFiles/demo_f407.elf.dir/Applications/motor_task.cpp.obj (__cxa_end_cleanup)
/home/szy/gcc-arm-none-eabi-7-2017-q4-major/bin/../lib/gcc/arm-none-eabi/7.2.1/../../../../arm-none-eabi/lib/thumb/v7e-m/fpv4-sp/hard/libstdc++.a(del_ops.o)
                              CMakeFiles/demo_f407.elf.dir/Applications/motor_task.cpp.obj (operator delete(void*, unsigned int))
/home/szy/gcc-arm-none-eabi-7-2017-q4-major/bin/../lib/gcc/arm-none-eabi/7.2.1/../../../../arm-none-eabi/lib/thumb/v7e-m/fpv4-sp/hard/libstdc++.a(eh_throw.o)
                              /home/szy/gcc-arm-none-eabi-7-2017-q4-major/bin/../lib/gcc/arm-none-eabi/7.2.1/../../../../arm-none-eabi/lib/thumb/v7e-m/fpv4-sp/hard/libstdc++.a(eh_call.o) (__cxa_throw)
/home/szy/gcc-arm-none-eabi-7-2017-q4-major/bin/../lib/gcc/arm-none-eabi/7.2.1/../../../../arm-none-eabi/lib/thumb/v7e-m/fpv4-sp/hard/libstdc++.a(si_class_type_info.o)
                              CMakeFiles/demo_f407.elf.dir/Components/Motor/GM6020.cpp.obj (vtable for __cxxabiv1::__si_class_type_info)
/home/szy/gcc-arm-none-eabi-7-2017-q4-major/bin/../lib/gcc/arm-none-eabi/7.2.1/../../../../arm-none-eabi/lib/thumb/v7e-m/fpv4-sp/hard/libstdc++.a(tinfo.o)
                              /home/szy/gcc-arm-none-eabi-7-2017-q4-major/bin/../lib/gcc/arm-none-eabi/7.2.1/../../../../arm-none-eabi/lib/thumb/v7e-m/fpv4-sp/hard/libstdc++.a(si_class_type_info.o) (std::type_info::__is_pointer_p() const)
/home/szy/gcc-arm-none-eabi-7-2017-q4-major/bin/../lib/gcc/arm-none-eabi/7.2.1/../../../../arm-none-eabi/lib/thumb/v7e-m/fpv4-sp/hard/libstdc++.a(class_type_info.o)
                              /home/szy/gcc-arm-none-eabi-7-2017-q4-major/bin/../lib/gcc/arm-none-eabi/7.2.1/../../../../arm-none-eabi/lib/thumb/v7e-m/fpv4-sp/hard/libstdc++.a(si_class_type_info.o) (__cxxabiv1::__class_type_info::__do_upcast(__cxxabiv1::__class_type_info const*, void**) const)
/home/szy/gcc-arm-none-eabi-7-2017-q4-major/bin/../lib/gcc/arm-none-eabi/7.2.1/../../../../arm-none-eabi/lib/thumb/v7e-m/fpv4-sp/hard/libstdc++.a(eh_exception.o)
                              /home/szy/gcc-arm-none-eabi-7-2017-q4-major/bin/../lib/gcc/arm-none-eabi/7.2.1/../../../../arm-none-eabi/lib/thumb/v7e-m/fpv4-sp/hard/libstdc++.a(eh_call.o) (std::bad_exception::~bad_exception())
/home/szy/gcc-arm-none-eabi-7-2017-q4-major/bin/../lib/gcc/arm-none-eabi/7.2.1/../../../../arm-none-eabi/lib/thumb/v7e-m/fpv4-sp/hard/libstdc++.a(eh_term_handler.o)
                              /home/szy/gcc-arm-none-eabi-7-2017-q4-major/bin/../lib/gcc/arm-none-eabi/7.2.1/../../../../arm-none-eabi/lib/thumb/v7e-m/fpv4-sp/hard/libstdc++.a(eh_terminate.o) (__cxxabiv1::__terminate_handler)
/home/szy/gcc-arm-none-eabi-7-2017-q4-major/bin/../lib/gcc/arm-none-eabi/7.2.1/../../../../arm-none-eabi/lib/thumb/v7e-m/fpv4-sp/hard/libstdc++.a(eh_alloc.o)
[...]
Memory Configuration

Name             Origin             Length             Attributes
CCMRAM           0x0000000010000000 0x0000000000010000 xrw
RAM              0x0000000020000000 0x0000000000020000 xrw
FLASH            0x0000000008000000 0x0000000000100000 xr
*default*        0x0000000000000000 0xffffffffffffffff

Linker script and memory map

LOAD /home/szy/gcc-arm-none-eabi-7-2017-q4-major/bin/../lib/gcc/arm-none-eabi/7.2.1/thumb/v7e-m/fpv4-sp/hard/crti.o
LOAD /home/szy/gcc-arm-none-eabi-7-2017-q4-major/bin/../lib/gcc/arm-none-eabi/7.2.1/thumb/v7e-m/fpv4-sp/hard/crtbegin.o
LOAD /home/szy/gcc-arm-none-eabi-7-2017-q4-major/bin/../lib/gcc/arm-none-eabi/7.2.1/../../../../arm-none-eabi/lib/thumb/v7e-m/fpv4-sp/hard/crt0.o
LOAD CMakeFiles/demo_f407.elf.dir/Applications/init_task.cpp.obj
LOAD CMakeFiles/demo_f407.elf.dir/Applications/motor_task.cpp.obj
LOAD CMakeFiles/demo_f407.elf.dir/Components/Math/MahonyAHRS.c.obj
LOAD CMakeFiles/demo_f407.elf.dir/Components/Math/compensator.cpp.obj
LOAD CMakeFiles/demo_f407.elf.dir/Components/Math/mecanum.c.obj
LOAD CMakeFiles/demo_f407.elf.dir/Components/Math/pid.cpp.obj
LOAD CMakeFiles/demo_f407.elf.dir/Components/Motor/GM6020.cpp.obj
LOAD CMakeFiles/demo_f407.elf.dir/Components/Motor/M2006.cpp.obj
LOAD CMakeFiles/demo_f407.elf.dir/Components/Motor/M3508.cpp.obj
LOAD CMakeFiles/demo_f407.elf.dir/Components/Motor/motor.cpp.obj
LOAD CMakeFiles/demo_f407.elf.dir/Components/Support/fifo.c.obj
LOAD CMakeFiles/demo_f407.elf.dir/Components/Support/mem_mang4.c.obj
LOAD CMakeFiles/demo_f407.elf.dir/Components/Support/mf_crc.c.obj
LOAD CMakeFiles/demo_f407.elf.dir/Components/canRxCallback.cpp.obj
LOAD CMakeFiles/demo_f407.elf.dir/Components/operator.cpp.obj
LOAD CMakeFiles/demo_f407.elf.dir/Core/Src/can.c.obj
LOAD CMakeFiles/demo_f407.elf.dir/Core/Src/dma.c.obj
LOAD CMakeFiles/demo_f407.elf.dir/Core/Src/freertos.c.obj
LOAD CMakeFiles/demo_f407.elf.dir/Core/Src/gpio.c.obj
LOAD CMakeFiles/demo_f407.elf.dir/Core/Src/main.c.obj
LOAD CMakeFiles/demo_f407.elf.dir/Core/Src/stm32f4xx_hal_msp.c.obj
LOAD CMakeFiles/demo_f407.elf.dir/Core/Src/stm32f4xx_hal_timebase_tim.c.obj
LOAD CMakeFiles/demo_f407.elf.dir/Core/Src/stm32f4xx_it.c.obj
LOAD CMakeFiles/demo_f407.elf.dir/Core/Src/syscalls.c.obj
LOAD CMakeFiles/demo_f407.elf.dir/Core/Src/sysmem.c.obj
LOAD CMakeFiles/demo_f407.elf.dir/Core/Src/system_stm32f4xx.c.obj
LOAD CMakeFiles/demo_f407.elf.dir/Core/Src/usart.c.obj
LOAD CMakeFiles/demo_f407.elf.dir/Core/Startup/startup_stm32f407ighx.s.obj
LOAD CMakeFiles/demo_f407.elf.dir/Drivers/STM32F4xx_HAL_Driver/Src/stm32f4xx_hal.c.obj
LOAD CMakeFiles/demo_f407.elf.dir/Drivers/STM32F4xx_HAL_Driver/Src/stm32f4xx_hal_can.c.obj
LOAD CMakeFiles/demo_f407.elf.dir/Drivers/STM32F4xx_HAL_Driver/Src/stm32f4xx_hal_cortex.c.obj
LOAD CMakeFiles/demo_f407.elf.dir/Drivers/STM32F4xx_HAL_Driver/Src/stm32f4xx_hal_dma.c.obj
LOAD CMakeFiles/demo_f407.elf.dir/Drivers/STM32F4xx_HAL_Driver/Src/stm32f4xx_hal_dma_ex.c.obj
LOAD CMakeFiles/demo_f407.elf.dir/Drivers/STM32F4xx_HAL_Driver/Src/stm32f4xx_hal_exti.c.obj
LOAD CMakeFiles/demo_f407.elf.dir/Drivers/STM32F4xx_HAL_Driver/Src/stm32f4xx_hal_flash.c.obj
LOAD CMakeFiles/demo_f407.elf.dir/Drivers/STM32F4xx_HAL_Driver/Src/stm32f4xx_hal_flash_ex.c.obj
LOAD CMakeFiles/demo_f407.elf.dir/Drivers/STM32F4xx_HAL_Driver/Src/stm32f4xx_hal_flash_ramfunc.c.obj
LOAD CMakeFiles/demo_f407.elf.dir/Drivers/STM32F4xx_HAL_Driver/Src/stm32f4xx_hal_gpio.c.obj
LOAD CMakeFiles/demo_f407.elf.dir/Drivers/STM32F4xx_HAL_Driver/Src/stm32f4xx_hal_pwr.c.obj
LOAD CMakeFiles/demo_f407.elf.dir/Drivers/STM32F4xx_HAL_Driver/Src/stm32f4xx_hal_pwr_ex.c.obj
LOAD CMakeFiles/demo_f407.elf.dir/Drivers/STM32F4xx_HAL_Driver/Src/stm32f4xx_hal_rcc.c.obj
LOAD CMakeFiles/demo_f407.elf.dir/Drivers/STM32F4xx_HAL_Driver/Src/stm32f4xx_hal_rcc_ex.c.obj
LOAD CMakeFiles/demo_f407.elf.dir/Drivers/STM32F4xx_HAL_Driver/Src/stm32f4xx_hal_tim.c.obj
LOAD CMakeFiles/demo_f407.elf.dir/Drivers/STM32F4xx_HAL_Driver/Src/stm32f4xx_hal_tim_ex.c.obj
LOAD CMakeFiles/demo_f407.elf.dir/Drivers/STM32F4xx_HAL_Driver/Src/stm32f4xx_hal_uart.c.obj
LOAD CMakeFiles/demo_f407.elf.dir/Middlewares/Third_Party/FreeRTOS/Source/CMSIS_RTOS/cmsis_os.c.obj
LOAD CMakeFiles/demo_f407.elf.dir/Middlewares/Third_Party/FreeRTOS/Source/croutine.c.obj
LOAD CMakeFiles/demo_f407.elf.dir/Middlewares/Third_Party/FreeRTOS/Source/event_groups.c.obj
LOAD CMakeFiles/demo_f407.elf.dir/Middlewares/Third_Party/FreeRTOS/Source/list.c.obj
LOAD CMakeFiles/demo_f407.elf.dir/Middlewares/Third_Party/FreeRTOS/Source/portable/GCC/ARM_CM4F/port.c.obj
LOAD CMakeFiles/demo_f407.elf.dir/Middlewares/Third_Party/FreeRTOS/Source/portable/MemMang/heap_4.c.obj
LOAD CMakeFiles/demo_f407.elf.dir/Middlewares/Third_Party/FreeRTOS/Source/queue.c.obj
LOAD CMakeFiles/demo_f407.elf.dir/Middlewares/Third_Party/FreeRTOS/Source/stream_buffer.c.obj
LOAD CMakeFiles/demo_f407.elf.dir/Middlewares/Third_Party/FreeRTOS/Source/tasks.c.obj
LOAD CMakeFiles/demo_f407.elf.dir/Middlewares/Third_Party/FreeRTOS/Source/timers.c.obj
LOAD /home/szy/gcc-arm-none-eabi-7-2017-q4-major/bin/../lib/gcc/arm-none-eabi/7.2.1/../../../../arm-none-eabi/lib/thumb/v7e-m/fpv4-sp/hard/libstdc++.a
LOAD /home/szy/gcc-arm-none-eabi-7-2017-q4-major/bin/../lib/gcc/arm-none-eabi/7.2.1/../../../../arm-none-eabi/lib/thumb/v7e-m/fpv4-sp/hard/libm.a
START GROUP
LOAD /home/szy/gcc-arm-none-eabi-7-2017-q4-major/bin/../lib/gcc/arm-none-eabi/7.2.1/thumb/v7e-m/fpv4-sp/hard/libgcc.a
LOAD /home/szy/gcc-arm-none-eabi-7-2017-q4-major/bin/../lib/gcc/arm-none-eabi/7.2.1/../../../../arm-none-eabi/lib/thumb/v7e-m/fpv4-sp/hard/libg.a
LOAD /home/szy/gcc-arm-none-eabi-7-2017-q4-major/bin/../lib/gcc/arm-none-eabi/7.2.1/../../../../arm-none-eabi/lib/thumb/v7e-m/fpv4-sp/hard/libc.a
END GROUP
LOAD /home/szy/gcc-arm-none-eabi-7-2017-q4-major/bin/../lib/gcc/arm-none-eabi/7.2.1/thumb/v7e-m/fpv4-sp/hard/crtend.o
LOAD /home/szy/gcc-arm-none-eabi-7-2017-q4-major/bin/../lib/gcc/arm-none-eabi/7.2.1/thumb/v7e-m/fpv4-sp/hard/crtn.o
                0x0000000020020000                _estack = (ORIGIN (RAM) + LENGTH (RAM))
                0x0000000000000200                _Min_Heap_Size = 0x200
                0x0000000000000400                _Min_Stack_Size = 0x400

.isr_vector     0x0000000008000000      0x188
                0x0000000008000000                . = ALIGN (0x4)
 *(.isr_vector)
 .isr_vector    0x0000000008000000      0x188 CMakeFiles/demo_f407.elf.dir/Core/Startup/startup_stm32f407ighx.s.obj
                0x0000000008000000                g_pfnVectors
                0x0000000008000188                . = ALIGN (0x4)

.text           0x00000000080001c0    0x12390
                0x00000000080001c0                . = ALIGN (0x4)
 *(.text)
 .text          0x00000000080001c0       0x40 /home/szy/gcc-arm-none-eabi-7-2017-q4-major/bin/../lib/gcc/arm-none-eabi/7.2.1/thumb/v7e-m/fpv4-sp/hard/crtbegin.o
 .text          0x0000000008000200     0x6adc /home/szy/gcc-arm-none-eabi-7-2017-q4-major/bin/../lib/gcc/arm-none-eabi/7.2.1/../../../../arm-none-eabi/lib/thumb/v7e-m/fpv4-sp/hard/libstdc++.a(cp-demangle.o)
                0x0000000008006bf0                __cxa_demangle
                0x0000000008006cb8                __gcclibcxx_demangle_callback
 .text          0x0000000008006cdc      0x378 /home/szy/gcc-arm-none-eabi-7-2017-q4-major/bin/../lib/gcc/arm-none-eabi/7.2.1/thumb/v7e-m/fpv4-sp/hard/libgcc.a(_arm_addsubdf3.o)
                0x0000000008006cdc                __aeabi_drsub
                0x0000000008006ce4                __aeabi_dsub
                0x0000000008006ce4                __subdf3
                0x0000000008006ce8                __adddf3
                0x0000000008006ce8                __aeabi_dadd
                0x0000000008006f60                __aeabi_ui2d
                0x0000000008006f60                __floatunsidf
                0x0000000008006f80                __floatsidf
                0x0000000008006f80                __aeabi_i2d
                0x0000000008006fa4                __extendsfdf2
                0x0000000008006fa4                __aeabi_f2d
                0x0000000008006fe8                __aeabi_ul2d
                0x0000000008006fe8                __floatundidf
                0x0000000008006ff8                __floatdidf
                0x0000000008006ff8                __aeabi_l2d
 .text          0x0000000008007054      0x424 /home/szy/gcc-arm-none-eabi-7-2017-q4-major/bin/../lib/gcc/arm-none-eabi/7.2.1/thumb/v7e-m/fpv4-sp/hard/libgcc.a(_arm_muldivdf3.o)
                0x0000000008007054                __aeabi_dmul
                0x0000000008007054                __muldf3
                0x00000000080072a8                __aeabi_ddiv
                0x00000000080072a8                __divdf3
 .text          0x0000000008007478      0x110 /home/szy/gcc-arm-none-eabi-7-2017-q4-major/bin/../lib/gcc/arm-none-eabi/7.2.1/thumb/v7e-m/fpv4-sp/hard/libgcc.a(_arm_cmpdf2.o)
                0x0000000008007478                __gtdf2
                0x0000000008007478                __gedf2
                0x0000000008007480                __ltdf2
                0x0000000008007480                __ledf2
                0x0000000008007488                __cmpdf2
                0x0000000008007488                __eqdf2
                0x0000000008007488                __nedf2
                0x0000000008007504                __aeabi_cdrcmple
                0x0000000008007514                __aeabi_cdcmple
                0x0000000008007514                __aeabi_cdcmpeq
                0x0000000008007524                __aeabi_dcmpeq
                0x0000000008007538                __aeabi_dcmplt
                0x000000000800754c                __aeabi_dcmple
                0x0000000008007560                __aeabi_dcmpge
                0x0000000008007574                __aeabi_dcmpgt
 .text          0x0000000008007588       0x2c /home/szy/gcc-arm-none-eabi-7-2017-q4-major/bin/../lib/gcc/arm-none-eabi/7.2.1/thumb/v7e-m/fpv4-sp/hard/libgcc.a(_arm_unorddf2.o)
                0x0000000008007588                __aeabi_dcmpun
                0x0000000008007588                __unorddf2
 .text          0x00000000080075b4       0x50 /home/szy/gcc-arm-none-eabi-7-2017-q4-major/bin/../lib/gcc/arm-none-eabi/7.2.1/thumb/v7e-m/fpv4-sp/hard/libgcc.a(_arm_fixdfsi.o)
                0x00000000080075b4                __fixdfsi
                0x00000000080075b4                __aeabi_d2iz
 .text          0x0000000008007604       0x30 /home/szy/gcc-arm-none-eabi-7-2017-q4-major/bin/../lib/gcc/arm-none-eabi/7.2.1/thumb/v7e-m/fpv4-sp/hard/libgcc.a(_aeabi_uldivmod.o)
                0x0000000008007604                __aeabi_uldivmod
 .text          0x0000000008007634      0x2cc /home/szy/gcc-arm-none-eabi-7-2017-q4-major/bin/../lib/gcc/arm-none-eabi/7.2.1/thumb/v7e-m/fpv4-sp/hard/libgcc.a(_udivmoddi4.o)
                0x0000000008007634                __udivmoddi4
 .text          0x0000000008007900      0x9ec /home/szy/gcc-arm-none-eabi-7-2017-q4-major/bin/../lib/gcc/arm-none-eabi/7.2.1/thumb/v7e-m/fpv4-sp/hard/libgcc.a(unwind-arm.o)
                0x0000000008007bb4                _Unwind_GetCFA
                0x0000000008007bb8                __gnu_Unwind_RaiseException
                0x0000000008007c18                __gnu_Unwind_ForcedUnwind
                0x0000000008007c2c                __gnu_Unwind_Resume
                0x0000000008007c70                __gnu_Unwind_Resume_or_Rethrow
                0x0000000008007c80                _Unwind_Complete
                0x0000000008007c84                _Unwind_DeleteException
                0x0000000008007c90                _Unwind_VRS_Get
                0x0000000008007cd4                _Unwind_VRS_Set
                0x0000000008007d1c                __gnu_Unwind_Backtrace
                0x0000000008008060                __aeabi_unwind_cpp_pr0
                0x0000000008008064                __aeabi_unwind_cpp_pr1
                0x0000000008008068                __aeabi_unwind_cpp_pr2
                0x000000000800806c                _Unwind_VRS_Pop
 .text          0x00000000080082ec      0x1ac /home/szy/gcc-arm-none-eabi-7-2017-q4-major/bin/../lib/gcc/arm-none-eabi/7.2.1/thumb/v7e-m/fpv4-sp/hard/libgcc.a(libunwind.o)
                0x00000000080082ec                __restore_core_regs
                0x00000000080082ec                restore_core_regs
                0x0000000008008304                __gnu_Unwind_Restore_VFP
                0x000000000800830c                __gnu_Unwind_Save_VFP
                0x0000000008008314                __gnu_Unwind_Restore_VFP_D
                0x000000000800831c                __gnu_Unwind_Save_VFP_D
                0x0000000008008324                __gnu_Unwind_Restore_VFP_D_16_to_31
                0x000000000800832c                __gnu_Unwind_Save_VFP_D_16_to_31
                0x0000000008008334                __gnu_Unwind_Restore_WMMXD
                0x0000000008008378                __gnu_Unwind_Save_WMMXD
                0x00000000080083bc                __gnu_Unwind_Restore_WMMXC
                0x00000000080083d0                __gnu_Unwind_Save_WMMXC
                0x00000000080083e4                ___Unwind_RaiseException
                0x00000000080083e4                _Unwind_RaiseException
                0x0000000008008408                ___Unwind_Resume
                0x0000000008008408                _Unwind_Resume
                0x000000000800842c                _Unwind_Resume_or_Rethrow
                0x000000000800842c                ___Unwind_Resume_or_Rethrow
                0x0000000008008450                ___Unwind_ForcedUnwind
                0x0000000008008450                _Unwind_ForcedUnwind
                0x0000000008008474                _Unwind_Backtrace
                0x0000000008008474                ___Unwind_Backtrace
 .text          0x0000000008008498      0x374 /home/szy/gcc-arm-none-eabi-7-2017-q4-major/bin/../lib/gcc/arm-none-eabi/7.2.1/thumb/v7e-m/fpv4-sp/hard/libgcc.a(pr-support.o)
                0x00000000080084f0                __gnu_unwind_execute
                0x00000000080087b4                __gnu_unwind_frame
                0x00000000080087dc                _Unwind_GetRegionStart
                0x00000000080087e8                _Unwind_GetLanguageSpecificData
                0x00000000080087fc                _Unwind_GetDataRelBase
                0x0000000008008804                _Unwind_GetTextRelBase
 .text          0x000000000800880c        0x4 /home/szy/gcc-arm-none-eabi-7-2017-q4-major/bin/../lib/gcc/arm-none-eabi/7.2.1/thumb/v7e-m/fpv4-sp/hard/libgcc.a(_dvmd_tls.o)
                0x000000000800880c                __aeabi_ldiv0
                0x000000000800880c                __aeabi_idiv0
 .text          0x0000000008008810       0xa0 /home/szy/gcc-arm-none-eabi-7-2017-q4-major/bin/../lib/gcc/arm-none-eabi/7.2.1/../../../../arm-none-eabi/lib/thumb/v7e-m/fpv4-sp/hard/libg.a(lib_a-memchr.o)
                0x0000000008008810                memchr
 .text          0x00000000080088b0      0x134 /home/szy/gcc-arm-none-eabi-7-2017-q4-major/bin/../lib/gcc/arm-none-eabi/7.2.1/../../../../arm-none-eabi/lib/thumb/v7e-m/fpv4-sp/hard/libg.a(lib_a-memcpy.o)
                0x00000000080088b0                memcpy
 *fill*         0x00000000080089e4       0x1c 
 .text          0x0000000008008a00      0x2dc /home/szy/gcc-arm-none-eabi-7-2017-q4-major/bin/../lib/gcc/arm-none-eabi/7.2.1/../../../../arm-none-eabi/lib/thumb/v7e-m/fpv4-sp/hard/libg.a(lib_a-strcmp.o)
                0x0000000008008a08                strcmp
 *fill*         0x0000000008008cdc       0x24 
 .text          0x0000000008008d00       0xdc /home/szy/gcc-arm-none-eabi-7-2017-q4-major/bin/../lib/gcc/arm-none-eabi/7.2.1/../../../../arm-none-eabi/lib/thumb/v7e-m/fpv4-sp/hard/libg.a(lib_a-strlen.o)
                0x0000000008008d00                strlen
 *(.text*)
 .text.init_task
                0x0000000008008ddc       0x30 CMakeFiles/demo_f407.elf.dir/Applications/init_task.cpp.obj
                0x0000000008008ddc                init_task
 .text.motor_task
                0x0000000008008e0c      0x124 CMakeFiles/demo_f407.elf.dir/Applications/motor_task.cpp.obj
                0x0000000008008e0c                motor_task
 .text.HAL_UART_RxCpltCallback
                0x0000000008008f30        0x2 CMakeFiles/demo_f407.elf.dir/Applications/motor_task.cpp.obj
                0x0000000008008f30                HAL_UART_RxCpltCallback
 .text._ZN3PID10PID_OutputEff
                0x0000000008008f32       0xb0 CMakeFiles/demo_f407.elf.dir/Components/Math/pid.cpp.obj
                0x0000000008008f32                PID::PID_Output(float, float)
 *fill*         0x0000000008008fe2        0x2 
 .text._ZN3PIDC2EP13PIDParaStruct
                0x0000000008008fe4       0x38 CMakeFiles/demo_f407.elf.dir/Components/Math/pid.cpp.obj
                0x0000000008008fe4                PID::PID(PIDParaStruct*)
                0x0000000008008fe4                PID::PID(PIDParaStruct*)
 .text._ZNK6GM602010fillCanBufEPh
                0x000000000800901c       0x42 CMakeFiles/demo_f407.elf.dir/Components/Motor/GM6020.cpp.obj
                0x000000000800901c                GM6020::fillCanBuf(unsigned char*) const
 *fill*         0x000000000800905e        0x2 
 .text._ZN6GM602010updateInfoEPKh
                0x0000000008009060       0x50 CMakeFiles/demo_f407.elf.dir/Components/Motor/GM6020.cpp.obj
                0x0000000008009060                GM6020::updateInfo(unsigned char const*)
 .text._ZN6GM6020C2EhP19__CAN_HandleTypeDefs
                0x00000000080090b0       0xbc CMakeFiles/demo_f407.elf.dir/Components/Motor/GM6020.cpp.obj
                0x00000000080090b0                GM6020::GM6020(unsigned char, __CAN_HandleTypeDef*, short)
                0x00000000080090b0                GM6020::GM6020(unsigned char, __CAN_HandleTypeDef*, short)
 .text._ZN5M200610updateInfoEPKh
                0x000000000800916c       0x40 CMakeFiles/demo_f407.elf.dir/Components/Motor/M2006.cpp.obj
                0x000000000800916c                M2006::updateInfo(unsigned char const*)
 .text._ZNK5M200610fillCanBufEPh
                0x00000000080091ac       0x42 CMakeFiles/demo_f407.elf.dir/Components/Motor/M2006.cpp.obj
                0x00000000080091ac                M2006::fillCanBuf(unsigned char*) const
 *fill*         0x00000000080091ee        0x2 
 .text._ZN5M2006C2EhP19__CAN_HandleTypeDef
                0x00000000080091f0       0xb4 CMakeFiles/demo_f407.elf.dir/Components/Motor/M2006.cpp.obj
                0x00000000080091f0                M2006::M2006(unsigned char, __CAN_HandleTypeDef*)
                0x00000000080091f0                M2006::M2006(unsigned char, __CAN_HandleTypeDef*)
 .text._ZN5M200610sendCanCmdEPh
                0x00000000080092a4       0x2e CMakeFiles/demo_f407.elf.dir/Components/Motor/M2006.cpp.obj
                0x00000000080092a4                M2006::sendCanCmd(unsigned char*)
 *fill*         0x00000000080092d2        0x2 
 .text._ZN5M200611setExpSpeedEs
                0x00000000080092d4       0x48 CMakeFiles/demo_f407.elf.dir/Components/Motor/M2006.cpp.obj
                0x00000000080092d4                M2006::setExpSpeed(short)
 .text._ZN5M350810updateInfoEPKh
                0x000000000800931c       0xa0 CMakeFiles/demo_f407.elf.dir/Components/Motor/M3508.cpp.obj
                0x000000000800931c                M3508::updateInfo(unsigned char const*)
 .text._ZNK5M350810fillCanBufEPh
                0x00000000080093bc       0x42 CMakeFiles/demo_f407.elf.dir/Components/Motor/M3508.cpp.obj
                0x00000000080093bc                M3508::fillCanBuf(unsigned char*) const
 *fill*         0x00000000080093fe        0x2 
 .text._ZN5M3508C2EhP19__CAN_HandleTypeDefs
                0x0000000008009400       0xac CMakeFiles/demo_f407.elf.dir/Components/Motor/M3508.cpp.obj
                0x0000000008009400                M3508::M3508(unsigned char, __CAN_HandleTypeDef*, short)
                0x0000000008009400                M3508::M3508(unsigned char, __CAN_HandleTypeDef*, short)
 .text._ZN5Motor16getNormalizedEcdEss
                0x00000000080094ac       0x36 CMakeFiles/demo_f407.elf.dir/Components/Motor/motor.cpp.obj
                0x00000000080094ac                Motor::getNormalizedEcd(short, short)
 *fill*         0x00000000080094e2        0x2 
 .text.HAL_CAN_RxFifo0MsgPendingCallback
                0x00000000080094e4       0x58 CMakeFiles/demo_f407.elf.dir/Components/canRxCallback.cpp.obj
                0x00000000080094e4                HAL_CAN_RxFifo0MsgPendingCallback
 .text.HAL_CAN_RxFifo0FullCallback
                0x000000000800953c       0x24 CMakeFiles/demo_f407.elf.dir/Components/canRxCallback.cpp.obj
                0x000000000800953c                HAL_CAN_RxFifo0FullCallback
 .text.HAL_CAN_ErrorCallback
                0x0000000008009560       0x14 CMakeFiles/demo_f407.elf.dir/Components/canRxCallback.cpp.obj
                0x0000000008009560                HAL_CAN_ErrorCallback
 .text._Znwj    0x0000000008009574        0x8 CMakeFiles/demo_f407.elf.dir/Components/operator.cpp.obj
                0x0000000008009574                operator new(unsigned int)
 .text._ZdlPv   0x000000000800957c        0x8 CMakeFiles/demo_f407.elf.dir/Components/operator.cpp.obj
                0x000000000800957c                operator delete(void*)
 .text.MX_CAN1_Init
                0x0000000008009584       0x44 CMakeFiles/demo_f407.elf.dir/Core/Src/can.c.obj
                0x0000000008009584                MX_CAN1_Init
 .text.MX_CAN2_Init
                0x00000000080095c8       0x44 CMakeFiles/demo_f407.elf.dir/Core/Src/can.c.obj
                0x00000000080095c8                MX_CAN2_Init
 .text.HAL_CAN_MspInit
                0x000000000800960c      0x140 CMakeFiles/demo_f407.elf.dir/Core/Src/can.c.obj
                0x000000000800960c                HAL_CAN_MspInit
 .text.CAN_Filter_Init
                0x000000000800974c       0x50 CMakeFiles/demo_f407.elf.dir/Core/Src/can.c.obj
                0x000000000800974c                CAN_Filter_Init
 .text.HAL_CAN_Transmit
                0x000000000800979c       0x26 CMakeFiles/demo_f407.elf.dir/Core/Src/can.c.obj
                0x000000000800979c                HAL_CAN_Transmit
 *fill*         0x00000000080097c2        0x2 
 .text.MX_DMA_Init
                0x00000000080097c4       0x34 CMakeFiles/demo_f407.elf.dir/Core/Src/dma.c.obj
                0x00000000080097c4                MX_DMA_Init
 .text.StartDefaultTask
                0x00000000080097f8        0xa CMakeFiles/demo_f407.elf.dir/Core/Src/freertos.c.obj
                0x00000000080097f8                StartDefaultTask
 *fill*         0x0000000008009802        0x2 
 .text.vApplicationGetIdleTaskMemory
                0x0000000008009804       0x18 CMakeFiles/demo_f407.elf.dir/Core/Src/freertos.c.obj
                0x0000000008009804                vApplicationGetIdleTaskMemory
 .text.MX_FREERTOS_Init
                0x000000000800981c       0x50 CMakeFiles/demo_f407.elf.dir/Core/Src/freertos.c.obj
                0x000000000800981c                MX_FREERTOS_Init
 .text.MX_GPIO_Init
                0x000000000800986c       0x94 CMakeFiles/demo_f407.elf.dir/Core/Src/gpio.c.obj
                0x000000000800986c                MX_GPIO_Init
 .text.HAL_TIM_PeriodElapsedCallback
                0x0000000008009900       0x18 CMakeFiles/demo_f407.elf.dir/Core/Src/main.c.obj
                0x0000000008009900                HAL_TIM_PeriodElapsedCallback
 .text.Error_Handler
                0x0000000008009918        0x4 CMakeFiles/demo_f407.elf.dir/Core/Src/main.c.obj
                0x0000000008009918                Error_Handler
 .text.SystemClock_Config
                0x000000000800991c       0xa8 CMakeFiles/demo_f407.elf.dir/Core/Src/main.c.obj
                0x000000000800991c                SystemClock_Config
 .text.main     0x00000000080099c4       0x28 CMakeFiles/demo_f407.elf.dir/Core/Src/main.c.obj
                0x00000000080099c4                main
 .text.HAL_MspInit
                0x00000000080099ec       0x44 CMakeFiles/demo_f407.elf.dir/Core/Src/stm32f4xx_hal_msp.c.obj
                0x00000000080099ec                HAL_MspInit
 .text.HAL_InitTick
                0x0000000008009a30       0x7c CMakeFiles/demo_f407.elf.dir/Core/Src/stm32f4xx_hal_timebase_tim.c.obj
                0x0000000008009a30                HAL_InitTick
 .text.NMI_Handler
                0x0000000008009aac        0x2 CMakeFiles/demo_f407.elf.dir/Core/Src/stm32f4xx_it.c.obj
                0x0000000008009aac                NMI_Handler
 .text.HardFault_Handler
                0x0000000008009aae        0x2 CMakeFiles/demo_f407.elf.dir/Core/Src/stm32f4xx_it.c.obj
                0x0000000008009aae                HardFault_Handler
 .text.MemManage_Handler
                0x0000000008009ab0        0x2 CMakeFiles/demo_f407.elf.dir/Core/Src/stm32f4xx_it.c.obj
                0x0000000008009ab0                MemManage_Handler
 .text.BusFault_Handler
                0x0000000008009ab2        0x2 CMakeFiles/demo_f407.elf.dir/Core/Src/stm32f4xx_it.c.obj
                0x0000000008009ab2                BusFault_Handler
 .text.UsageFault_Handler
                0x0000000008009ab4        0x2 CMakeFiles/demo_f407.elf.dir/Core/Src/stm32f4xx_it.c.obj
                0x0000000008009ab4                UsageFault_Handler
 .text.DebugMon_Handler
                0x0000000008009ab6        0x2 CMakeFiles/demo_f407.elf.dir/Core/Src/stm32f4xx_it.c.obj
                0x0000000008009ab6                DebugMon_Handler
 .text.CAN1_TX_IRQHandler
                0x0000000008009ab8       0x10 CMakeFiles/demo_f407.elf.dir/Core/Src/stm32f4xx_it.c.obj
                0x0000000008009ab8                CAN1_TX_IRQHandler
 .text.CAN1_RX0_IRQHandler
                0x0000000008009ac8       0x10 CMakeFiles/demo_f407.elf.dir/Core/Src/stm32f4xx_it.c.obj
                0x0000000008009ac8                CAN1_RX0_IRQHandler
 .text.TIM1_BRK_TIM9_IRQHandler
                0x0000000008009ad8       0x10 CMakeFiles/demo_f407.elf.dir/Core/Src/stm32f4xx_it.c.obj
                0x0000000008009ad8                TIM1_BRK_TIM9_IRQHandler
 .text.USART1_IRQHandler
                0x0000000008009ae8       0x10 CMakeFiles/demo_f407.elf.dir/Core/Src/stm32f4xx_it.c.obj
                0x0000000008009ae8                USART1_IRQHandler
 .text.CAN2_TX_IRQHandler
                0x0000000008009af8       0x10 CMakeFiles/demo_f407.elf.dir/Core/Src/stm32f4xx_it.c.obj
                0x0000000008009af8                CAN2_TX_IRQHandler
 .text.CAN2_RX0_IRQHandler
                0x0000000008009b08       0x10 CMakeFiles/demo_f407.elf.dir/Core/Src/stm32f4xx_it.c.obj
                0x0000000008009b08                CAN2_RX0_IRQHandler
 .text.DMA2_Stream7_IRQHandler
                0x0000000008009b18       0x10 CMakeFiles/demo_f407.elf.dir/Core/Src/stm32f4xx_it.c.obj
                0x0000000008009b18                DMA2_Stream7_IRQHandler
 .text._getpid  0x0000000008009b28        0x4 CMakeFiles/demo_f407.elf.dir/Core/Src/syscalls.c.obj
                0x0000000008009b28                _getpid
 .text._kill    0x0000000008009b2c       0x10 CMakeFiles/demo_f407.elf.dir/Core/Src/syscalls.c.obj
                0x0000000008009b2c                _kill
 .text._exit    0x0000000008009b3c        0xc CMakeFiles/demo_f407.elf.dir/Core/Src/syscalls.c.obj
                0x0000000008009b3c                _exit
 .text._read    0x0000000008009b48       0x1c CMakeFiles/demo_f407.elf.dir/Core/Src/syscalls.c.obj
                0x0000000008009b48                _read
 .text._write   0x0000000008009b64       0x1c CMakeFiles/demo_f407.elf.dir/Core/Src/syscalls.c.obj
                0x0000000008009b64                _write
 .text._close   0x0000000008009b80        0x6 CMakeFiles/demo_f407.elf.dir/Core/Src/syscalls.c.obj
                0x0000000008009b80                _close
 .text._fstat   0x0000000008009b86        0xa CMakeFiles/demo_f407.elf.dir/Core/Src/syscalls.c.obj
                0x0000000008009b86                _fstat
 .text._isatty  0x0000000008009b90        0x4 CMakeFiles/demo_f407.elf.dir/Core/Src/syscalls.c.obj
                0x0000000008009b90                _isatty
 .text._lseek   0x0000000008009b94        0x4 CMakeFiles/demo_f407.elf.dir/Core/Src/syscalls.c.obj
                0x0000000008009b94                _lseek
 .text._sbrk    0x0000000008009b98       0x48 CMakeFiles/demo_f407.elf.dir/Core/Src/sysmem.c.obj
                0x0000000008009b98                _sbrk
 .text.SystemInit
                0x0000000008009be0       0x14 CMakeFiles/demo_f407.elf.dir/Core/Src/system_stm32f4xx.c.obj
                0x0000000008009be0                SystemInit
 .text.MX_USART1_UART_Init
                0x0000000008009bf4       0x34 CMakeFiles/demo_f407.elf.dir/Core/Src/usart.c.obj
                0x0000000008009bf4                MX_USART1_UART_Init
 .text.HAL_UART_MspInit
                0x0000000008009c28       0xf4 CMakeFiles/demo_f407.elf.dir/Core/Src/usart.c.obj
                0x0000000008009c28                HAL_UART_MspInit
 .text.Reset_Handler
                0x0000000008009d1c       0x50 CMakeFiles/demo_f407.elf.dir/Core/Startup/startup_stm32f407ighx.s.obj
                0x0000000008009d1c                Reset_Handler
 .text.Default_Handler
                0x0000000008009d6c        0x2 CMakeFiles/demo_f407.elf.dir/Core/Startup/startup_stm32f407ighx.s.obj
                0x0000000008009d6c                RTC_Alarm_IRQHandler
                0x0000000008009d6c                HASH_RNG_IRQHandler
                0x0000000008009d6c                EXTI2_IRQHandler
                0x0000000008009d6c                TIM8_CC_IRQHandler
                0x0000000008009d6c                TIM1_CC_IRQHandler
                0x0000000008009d6c                DMA2_Stream5_IRQHandler
                0x0000000008009d6c                DMA1_Stream5_IRQHandler
                0x0000000008009d6c                PVD_IRQHandler
                0x0000000008009d6c                SDIO_IRQHandler
                0x0000000008009d6c                TAMP_STAMP_IRQHandler
                0x0000000008009d6c                CAN2_RX1_IRQHandler
                0x0000000008009d6c                EXTI3_IRQHandler
                0x0000000008009d6c                TIM8_TRG_COM_TIM14_IRQHandler
                0x0000000008009d6c                TIM1_UP_TIM10_IRQHandler
                0x0000000008009d6c                TIM8_UP_TIM13_IRQHandler
                0x0000000008009d6c                I2C3_ER_IRQHandler
                0x0000000008009d6c                EXTI0_IRQHandler
                0x0000000008009d6c                I2C2_EV_IRQHandler
                0x0000000008009d6c                DMA1_Stream2_IRQHandler
                0x0000000008009d6c                FPU_IRQHandler
                0x0000000008009d6c                OTG_HS_WKUP_IRQHandler
                0x0000000008009d6c                CAN2_SCE_IRQHandler
                0x0000000008009d6c                DMA2_Stream2_IRQHandler
                0x0000000008009d6c                SPI1_IRQHandler
                0x0000000008009d6c                TIM6_DAC_IRQHandler
                0x0000000008009d6c                DCMI_IRQHandler
                0x0000000008009d6c                DMA2_Stream3_IRQHandler
                0x0000000008009d6c                USART6_IRQHandler
                0x0000000008009d6c                USART3_IRQHandler
                0x0000000008009d6c                CAN1_RX1_IRQHandler
                0x0000000008009d6c                UART5_IRQHandler
                0x0000000008009d6c                DMA2_Stream0_IRQHandler
                0x0000000008009d6c                TIM4_IRQHandler
                0x0000000008009d6c                I2C1_EV_IRQHandler
                0x0000000008009d6c                DMA1_Stream6_IRQHandler
                0x0000000008009d6c                DMA1_Stream1_IRQHandler
                0x0000000008009d6c                UART4_IRQHandler
                0x0000000008009d6c                TIM3_IRQHandler
                0x0000000008009d6c                RCC_IRQHandler
                0x0000000008009d6c                TIM8_BRK_TIM12_IRQHandler
                0x0000000008009d6c                Default_Handler
                0x0000000008009d6c                EXTI15_10_IRQHandler
                0x0000000008009d6c                ADC_IRQHandler
                0x0000000008009d6c                DMA1_Stream7_IRQHandler
                0x0000000008009d6c                TIM7_IRQHandler
                0x0000000008009d6c                TIM5_IRQHandler
                0x0000000008009d6c                I2C3_EV_IRQHandler
                0x0000000008009d6c                EXTI9_5_IRQHandler
                0x0000000008009d6c                RTC_WKUP_IRQHandler
                0x0000000008009d6c                ETH_WKUP_IRQHandler
                0x0000000008009d6c                SPI2_IRQHandler
                0x0000000008009d6c                OTG_HS_EP1_IN_IRQHandler
                0x0000000008009d6c                DMA1_Stream0_IRQHandler
                0x0000000008009d6c                EXTI4_IRQHandler
                0x0000000008009d6c                FSMC_IRQHandler
                0x0000000008009d6c                ETH_IRQHandler
                0x0000000008009d6c                OTG_HS_EP1_OUT_IRQHandler
                0x0000000008009d6c                WWDG_IRQHandler
                0x0000000008009d6c                TIM2_IRQHandler
                0x0000000008009d6c                OTG_FS_WKUP_IRQHandler
                0x0000000008009d6c                TIM1_TRG_COM_TIM11_IRQHandler
                0x0000000008009d6c                OTG_HS_IRQHandler
                0x0000000008009d6c                EXTI1_IRQHandler
                0x0000000008009d6c                USART2_IRQHandler
                0x0000000008009d6c                I2C2_ER_IRQHandler
                0x0000000008009d6c                DMA2_Stream1_IRQHandler
                0x0000000008009d6c                CAN1_SCE_IRQHandler
                0x0000000008009d6c                FLASH_IRQHandler
                0x0000000008009d6c                DMA2_Stream4_IRQHandler
                0x0000000008009d6c                OTG_FS_IRQHandler
                0x0000000008009d6c                SPI3_IRQHandler
                0x0000000008009d6c                DMA1_Stream4_IRQHandler
                0x0000000008009d6c                I2C1_ER_IRQHandler
                0x0000000008009d6c                DMA2_Stream6_IRQHandler
                0x0000000008009d6c                DMA1_Stream3_IRQHandler
 *fill*         0x0000000008009d6e        0x2 
 .text.HAL_Init
                0x0000000008009d70       0x34 CMakeFiles/demo_f407.elf.dir/Drivers/STM32F4xx_HAL_Driver/Src/stm32f4xx_hal.c.obj
                0x0000000008009d70                HAL_Init
 .text.HAL_IncTick
                0x0000000008009da4       0x18 CMakeFiles/demo_f407.elf.dir/Drivers/STM32F4xx_HAL_Driver/Src/stm32f4xx_hal.c.obj
                0x0000000008009da4                HAL_IncTick
 .text.HAL_GetTick
                0x0000000008009dbc        0xc CMakeFiles/demo_f407.elf.dir/Drivers/STM32F4xx_HAL_Driver/Src/stm32f4xx_hal.c.obj
                0x0000000008009dbc                HAL_GetTick
 .text.HAL_CAN_Init
                0x0000000008009dc8      0x14c CMakeFiles/demo_f407.elf.dir/Drivers/STM32F4xx_HAL_Driver/Src/stm32f4xx_hal_can.c.obj
                0x0000000008009dc8                HAL_CAN_Init
 .text.HAL_CAN_ConfigFilter
                0x0000000008009f14      0x12c CMakeFiles/demo_f407.elf.dir/Drivers/STM32F4xx_HAL_Driver/Src/stm32f4xx_hal_can.c.obj
                0x0000000008009f14                HAL_CAN_ConfigFilter
 .text.HAL_CAN_Start
                0x000000000800a040       0x5c CMakeFiles/demo_f407.elf.dir/Drivers/STM32F4xx_HAL_Driver/Src/stm32f4xx_hal_can.c.obj
                0x000000000800a040                HAL_CAN_Start
 .text.HAL_CAN_AddTxMessage
                0x000000000800a09c       0xea CMakeFiles/demo_f407.elf.dir/Drivers/STM32F4xx_HAL_Driver/Src/stm32f4xx_hal_can.c.obj
                0x000000000800a09c                HAL_CAN_AddTxMessage
 .text.HAL_CAN_GetRxMessage
                0x000000000800a186      0x134 CMakeFiles/demo_f407.elf.dir/Drivers/STM32F4xx_HAL_Driver/Src/stm32f4xx_hal_can.c.obj
                0x000000000800a186                HAL_CAN_GetRxMessage
 .text.HAL_CAN_ActivateNotification
                0x000000000800a2ba       0x24 CMakeFiles/demo_f407.elf.dir/Drivers/STM32F4xx_HAL_Driver/Src/stm32f4xx_hal_can.c.obj
                0x000000000800a2ba                HAL_CAN_ActivateNotification
 .text.HAL_CAN_TxMailbox0CompleteCallback
                0x000000000800a2de        0x2 CMakeFiles/demo_f407.elf.dir/Drivers/STM32F4xx_HAL_Driver/Src/stm32f4xx_hal_can.c.obj
                0x000000000800a2de                HAL_CAN_TxMailbox0CompleteCallback
 .text.HAL_CAN_TxMailbox1CompleteCallback
                0x000000000800a2e0        0x2 CMakeFiles/demo_f407.elf.dir/Drivers/STM32F4xx_HAL_Driver/Src/stm32f4xx_hal_can.c.obj
                0x000000000800a2e0                HAL_CAN_TxMailbox1CompleteCallback
 .text.HAL_CAN_TxMailbox2CompleteCallback
                0x000000000800a2e2        0x2 CMakeFiles/demo_f407.elf.dir/Drivers/STM32F4xx_HAL_Driver/Src/stm32f4xx_hal_can.c.obj
                0x000000000800a2e2                HAL_CAN_TxMailbox2CompleteCallback
 .text.HAL_CAN_TxMailbox0AbortCallback
                0x000000000800a2e4        0x2 CMakeFiles/demo_f407.elf.dir/Drivers/STM32F4xx_HAL_Driver/Src/stm32f4xx_hal_can.c.obj
                0x000000000800a2e4                HAL_CAN_TxMailbox0AbortCallback
 .text.HAL_CAN_TxMailbox1AbortCallback
                0x000000000800a2e6        0x2 CMakeFiles/demo_f407.elf.dir/Drivers/STM32F4xx_HAL_Driver/Src/stm32f4xx_hal_can.c.obj
                0x000000000800a2e6                HAL_CAN_TxMailbox1AbortCallback
 .text.HAL_CAN_TxMailbox2AbortCallback
                0x000000000800a2e8        0x2 CMakeFiles/demo_f407.elf.dir/Drivers/STM32F4xx_HAL_Driver/Src/stm32f4xx_hal_can.c.obj
                0x000000000800a2e8                HAL_CAN_TxMailbox2AbortCallback
 .text.HAL_CAN_RxFifo1MsgPendingCallback
                0x000000000800a2ea        0x2 CMakeFiles/demo_f407.elf.dir/Drivers/STM32F4xx_HAL_Driver/Src/stm32f4xx_hal_can.c.obj
                0x000000000800a2ea                HAL_CAN_RxFifo1MsgPendingCallback
 .text.HAL_CAN_RxFifo1FullCallback
                0x000000000800a2ec        0x2 CMakeFiles/demo_f407.elf.dir/Drivers/STM32F4xx_HAL_Driver/Src/stm32f4xx_hal_can.c.obj
                0x000000000800a2ec                HAL_CAN_RxFifo1FullCallback
 .text.HAL_CAN_SleepCallback
                0x000000000800a2ee        0x2 CMakeFiles/demo_f407.elf.dir/Drivers/STM32F4xx_HAL_Driver/Src/stm32f4xx_hal_can.c.obj
                0x000000000800a2ee                HAL_CAN_SleepCallback
 .text.HAL_CAN_WakeUpFromRxMsgCallback
                0x000000000800a2f0        0x2 CMakeFiles/demo_f407.elf.dir/Drivers/STM32F4xx_HAL_Driver/Src/stm32f4xx_hal_can.c.obj
                0x000000000800a2f0                HAL_CAN_WakeUpFromRxMsgCallback
 .text.HAL_CAN_IRQHandler
                0x000000000800a2f2      0x258 CMakeFiles/demo_f407.elf.dir/Drivers/STM32F4xx_HAL_Driver/Src/stm32f4xx_hal_can.c.obj
                0x000000000800a2f2                HAL_CAN_IRQHandler
 .text.HAL_CAN_ResetError
                0x000000000800a54a       0x20 CMakeFiles/demo_f407.elf.dir/Drivers/STM32F4xx_HAL_Driver/Src/stm32f4xx_hal_can.c.obj
                0x000000000800a54a                HAL_CAN_ResetError
 *fill*         0x000000000800a56a        0x2 
 .text.HAL_NVIC_SetPriorityGrouping
                0x000000000800a56c       0x24 CMakeFiles/demo_f407.elf.dir/Drivers/STM32F4xx_HAL_Driver/Src/stm32f4xx_hal_cortex.c.obj
                0x000000000800a56c                HAL_NVIC_SetPriorityGrouping
 .text.HAL_NVIC_SetPriority
                0x000000000800a590       0x68 CMakeFiles/demo_f407.elf.dir/Drivers/STM32F4xx_HAL_Driver/Src/stm32f4xx_hal_cortex.c.obj
                0x000000000800a590                HAL_NVIC_SetPriority
 .text.HAL_NVIC_EnableIRQ
                0x000000000800a5f8       0x1c CMakeFiles/demo_f407.elf.dir/Drivers/STM32F4xx_HAL_Driver/Src/stm32f4xx_hal_cortex.c.obj
                0x000000000800a5f8                HAL_NVIC_EnableIRQ
 .text.DMA_CalcBaseAndBitshift
                0x000000000800a614       0x3c CMakeFiles/demo_f407.elf.dir/Drivers/STM32F4xx_HAL_Driver/Src/stm32f4xx_hal_dma.c.obj
 .text.DMA_CheckFifoParam
                0x000000000800a650       0x8e CMakeFiles/demo_f407.elf.dir/Drivers/STM32F4xx_HAL_Driver/Src/stm32f4xx_hal_dma.c.obj
 *fill*         0x000000000800a6de        0x2 
 .text.HAL_DMA_Init
                0x000000000800a6e0       0xcc CMakeFiles/demo_f407.elf.dir/Drivers/STM32F4xx_HAL_Driver/Src/stm32f4xx_hal_dma.c.obj
                0x000000000800a6e0                HAL_DMA_Init
 .text.HAL_DMA_Abort
                0x000000000800a7ac       0x94 CMakeFiles/demo_f407.elf.dir/Drivers/STM32F4xx_HAL_Driver/Src/stm32f4xx_hal_dma.c.obj
                0x000000000800a7ac                HAL_DMA_Abort
 .text.HAL_DMA_Abort_IT
                0x000000000800a840       0x26 CMakeFiles/demo_f407.elf.dir/Drivers/STM32F4xx_HAL_Driver/Src/stm32f4xx_hal_dma.c.obj
                0x000000000800a840                HAL_DMA_Abort_IT
 *fill*         0x000000000800a866        0x2 
 .text.HAL_DMA_IRQHandler
                0x000000000800a868      0x1dc CMakeFiles/demo_f407.elf.dir/Drivers/STM32F4xx_HAL_Driver/Src/stm32f4xx_hal_dma.c.obj
                0x000000000800a868                HAL_DMA_IRQHandler
 .text.HAL_GPIO_Init
                0x000000000800aa44      0x1d4 CMakeFiles/demo_f407.elf.dir/Drivers/STM32F4xx_HAL_Driver/Src/stm32f4xx_hal_gpio.c.obj
                0x000000000800aa44                HAL_GPIO_Init
 .text.HAL_GPIO_WritePin
                0x000000000800ac18        0xc CMakeFiles/demo_f407.elf.dir/Drivers/STM32F4xx_HAL_Driver/Src/stm32f4xx_hal_gpio.c.obj
                0x000000000800ac18                HAL_GPIO_WritePin
 .text.HAL_GPIO_TogglePin
                0x000000000800ac24       0x12 CMakeFiles/demo_f407.elf.dir/Drivers/STM32F4xx_HAL_Driver/Src/stm32f4xx_hal_gpio.c.obj
                0x000000000800ac24                HAL_GPIO_TogglePin
 *fill*         0x000000000800ac36        0x2 
 .text.HAL_RCC_OscConfig
                0x000000000800ac38      0x3f8 CMakeFiles/demo_f407.elf.dir/Drivers/STM32F4xx_HAL_Driver/Src/stm32f4xx_hal_rcc.c.obj
                0x000000000800ac38                HAL_RCC_OscConfig
 .text.HAL_RCC_GetSysClockFreq
                0x000000000800b030       0xa8 CMakeFiles/demo_f407.elf.dir/Drivers/STM32F4xx_HAL_Driver/Src/stm32f4xx_hal_rcc.c.obj
                0x000000000800b030                HAL_RCC_GetSysClockFreq
 .text.HAL_RCC_ClockConfig
                0x000000000800b0d8      0x160 CMakeFiles/demo_f407.elf.dir/Drivers/STM32F4xx_HAL_Driver/Src/stm32f4xx_hal_rcc.c.obj
                0x000000000800b0d8                HAL_RCC_ClockConfig
 .text.HAL_RCC_GetHCLKFreq
                0x000000000800b238        0xc CMakeFiles/demo_f407.elf.dir/Drivers/STM32F4xx_HAL_Driver/Src/stm32f4xx_hal_rcc.c.obj
                0x000000000800b238                HAL_RCC_GetHCLKFreq
 .text.HAL_RCC_GetPCLK1Freq
                0x000000000800b244       0x20 CMakeFiles/demo_f407.elf.dir/Drivers/STM32F4xx_HAL_Driver/Src/stm32f4xx_hal_rcc.c.obj
                0x000000000800b244                HAL_RCC_GetPCLK1Freq
 .text.HAL_RCC_GetPCLK2Freq
                0x000000000800b264       0x20 CMakeFiles/demo_f407.elf.dir/Drivers/STM32F4xx_HAL_Driver/Src/stm32f4xx_hal_rcc.c.obj
                0x000000000800b264                HAL_RCC_GetPCLK2Freq
 .text.HAL_RCC_GetClockConfig
                0x000000000800b284       0x3c CMakeFiles/demo_f407.elf.dir/Drivers/STM32F4xx_HAL_Driver/Src/stm32f4xx_hal_rcc.c.obj
                0x000000000800b284                HAL_RCC_GetClockConfig
 .text.HAL_TIM_Base_MspInit
                0x000000000800b2c0        0x2 CMakeFiles/demo_f407.elf.dir/Drivers/STM32F4xx_HAL_Driver/Src/stm32f4xx_hal_tim.c.obj
                0x000000000800b2c0                HAL_TIM_Base_MspInit
 *fill*         0x000000000800b2c2        0x2 
 .text.HAL_TIM_Base_Start_IT
                0x000000000800b2c4       0x88 CMakeFiles/demo_f407.elf.dir/Drivers/STM32F4xx_HAL_Driver/Src/stm32f4xx_hal_tim.c.obj
                0x000000000800b2c4                HAL_TIM_Base_Start_IT
 .text.HAL_TIM_OC_DelayElapsedCallback
                0x000000000800b34c        0x2 CMakeFiles/demo_f407.elf.dir/Drivers/STM32F4xx_HAL_Driver/Src/stm32f4xx_hal_tim.c.obj
                0x000000000800b34c                HAL_TIM_OC_DelayElapsedCallback
 .text.HAL_TIM_IC_CaptureCallback
                0x000000000800b34e        0x2 CMakeFiles/demo_f407.elf.dir/Drivers/STM32F4xx_HAL_Driver/Src/stm32f4xx_hal_tim.c.obj
                0x000000000800b34e                HAL_TIM_IC_CaptureCallback
 .text.HAL_TIM_PWM_PulseFinishedCallback
                0x000000000800b350        0x2 CMakeFiles/demo_f407.elf.dir/Drivers/STM32F4xx_HAL_Driver/Src/stm32f4xx_hal_tim.c.obj
                0x000000000800b350                HAL_TIM_PWM_PulseFinishedCallback
 .text.HAL_TIM_TriggerCallback
                0x000000000800b352        0x2 CMakeFiles/demo_f407.elf.dir/Drivers/STM32F4xx_HAL_Driver/Src/stm32f4xx_hal_tim.c.obj
                0x000000000800b352                HAL_TIM_TriggerCallback
 .text.HAL_TIM_IRQHandler
                0x000000000800b354      0x17a CMakeFiles/demo_f407.elf.dir/Drivers/STM32F4xx_HAL_Driver/Src/stm32f4xx_hal_tim.c.obj
                0x000000000800b354                HAL_TIM_IRQHandler
 *fill*         0x000000000800b4ce        0x2 
 .text.TIM_Base_SetConfig
                0x000000000800b4d0       0xc8 CMakeFiles/demo_f407.elf.dir/Drivers/STM32F4xx_HAL_Driver/Src/stm32f4xx_hal_tim.c.obj
                0x000000000800b4d0                TIM_Base_SetConfig
 .text.HAL_TIM_Base_Init
                0x000000000800b598       0x56 CMakeFiles/demo_f407.elf.dir/Drivers/STM32F4xx_HAL_Driver/Src/stm32f4xx_hal_tim.c.obj
                0x000000000800b598                HAL_TIM_Base_Init
 .text.HAL_TIMEx_CommutCallback
                0x000000000800b5ee        0x2 CMakeFiles/demo_f407.elf.dir/Drivers/STM32F4xx_HAL_Driver/Src/stm32f4xx_hal_tim_ex.c.obj
                0x000000000800b5ee                HAL_TIMEx_CommutCallback
 .text.HAL_TIMEx_BreakCallback
                0x000000000800b5f0        0x2 CMakeFiles/demo_f407.elf.dir/Drivers/STM32F4xx_HAL_Driver/Src/stm32f4xx_hal_tim_ex.c.obj
                0x000000000800b5f0                HAL_TIMEx_BreakCallback
 .text.UART_EndRxTransfer
                0x000000000800b5f2       0x5c CMakeFiles/demo_f407.elf.dir/Drivers/STM32F4xx_HAL_Driver/Src/stm32f4xx_hal_uart.c.obj
 .text.UART_Transmit_IT
                0x000000000800b64e       0x62 CMakeFiles/demo_f407.elf.dir/Drivers/STM32F4xx_HAL_Driver/Src/stm32f4xx_hal_uart.c.obj
 .text.UART_SetConfig
                0x000000000800b6b0      0x134 CMakeFiles/demo_f407.elf.dir/Drivers/STM32F4xx_HAL_Driver/Src/stm32f4xx_hal_uart.c.obj
 .text.HAL_UART_Init
                0x000000000800b7e4       0x5e CMakeFiles/demo_f407.elf.dir/Drivers/STM32F4xx_HAL_Driver/Src/stm32f4xx_hal_uart.c.obj
                0x000000000800b7e4                HAL_UART_Init
 .text.HAL_UART_TxCpltCallback
                0x000000000800b842        0x2 CMakeFiles/demo_f407.elf.dir/Drivers/STM32F4xx_HAL_Driver/Src/stm32f4xx_hal_uart.c.obj
                0x000000000800b842                HAL_UART_TxCpltCallback
 .text.UART_EndTransmit_IT
                0x000000000800b844       0x1a CMakeFiles/demo_f407.elf.dir/Drivers/STM32F4xx_HAL_Driver/Src/stm32f4xx_hal_uart.c.obj
 .text.HAL_UART_ErrorCallback
                0x000000000800b85e        0x2 CMakeFiles/demo_f407.elf.dir/Drivers/STM32F4xx_HAL_Driver/Src/stm32f4xx_hal_uart.c.obj
                0x000000000800b85e                HAL_UART_ErrorCallback
 .text.UART_DMAAbortOnError
                0x000000000800b860       0x10 CMakeFiles/demo_f407.elf.dir/Drivers/STM32F4xx_HAL_Driver/Src/stm32f4xx_hal_uart.c.obj
 .text.HAL_UARTEx_RxEventCallback
                0x000000000800b870        0x2 CMakeFiles/demo_f407.elf.dir/Drivers/STM32F4xx_HAL_Driver/Src/stm32f4xx_hal_uart.c.obj
                0x000000000800b870                HAL_UARTEx_RxEventCallback
 .text.UART_Receive_IT
                0x000000000800b872       0xe2 CMakeFiles/demo_f407.elf.dir/Drivers/STM32F4xx_HAL_Driver/Src/stm32f4xx_hal_uart.c.obj
 .text.HAL_UART_IRQHandler
                0x000000000800b954      0x270 CMakeFiles/demo_f407.elf.dir/Drivers/STM32F4xx_HAL_Driver/Src/stm32f4xx_hal_uart.c.obj
                0x000000000800b954                HAL_UART_IRQHandler
 .text.makeFreeRtosPriority
                0x000000000800bbc4        0xc CMakeFiles/demo_f407.elf.dir/Middlewares/Third_Party/FreeRTOS/Source/CMSIS_RTOS/cmsis_os.c.obj
 .text.osKernelStart
                0x000000000800bbd0        0xa CMakeFiles/demo_f407.elf.dir/Middlewares/Third_Party/FreeRTOS/Source/CMSIS_RTOS/cmsis_os.c.obj
                0x000000000800bbd0                osKernelStart
 .text.osThreadCreate
                0x000000000800bbda       0x6c CMakeFiles/demo_f407.elf.dir/Middlewares/Third_Party/FreeRTOS/Source/CMSIS_RTOS/cmsis_os.c.obj
                0x000000000800bbda                osThreadCreate
 .text.osDelay  0x000000000800bc46       0x12 CMakeFiles/demo_f407.elf.dir/Middlewares/Third_Party/FreeRTOS/Source/CMSIS_RTOS/cmsis_os.c.obj
                0x000000000800bc46                osDelay
 .text.vListInitialise
                0x000000000800bc58       0x16 CMakeFiles/demo_f407.elf.dir/Middlewares/Third_Party/FreeRTOS/Source/list.c.obj
                0x000000000800bc58                vListInitialise
 .text.vListInitialiseItem
                0x000000000800bc6e        0x6 CMakeFiles/demo_f407.elf.dir/Middlewares/Third_Party/FreeRTOS/Source/list.c.obj
                0x000000000800bc6e                vListInitialiseItem
 .text.vListInsertEnd
                0x000000000800bc74       0x18 CMakeFiles/demo_f407.elf.dir/Middlewares/Third_Party/FreeRTOS/Source/list.c.obj
                0x000000000800bc74                vListInsertEnd
 .text.vListInsert
                0x000000000800bc8c       0x34 CMakeFiles/demo_f407.elf.dir/Middlewares/Third_Party/FreeRTOS/Source/list.c.obj
                0x000000000800bc8c                vListInsert
 .text.uxListRemove
                0x000000000800bcc0       0x28 CMakeFiles/demo_f407.elf.dir/Middlewares/Third_Party/FreeRTOS/Source/list.c.obj
                0x000000000800bcc0                uxListRemove
 .text.prvTaskExitError
                0x000000000800bce8       0x40 CMakeFiles/demo_f407.elf.dir/Middlewares/Third_Party/FreeRTOS/Source/portable/GCC/ARM_CM4F/port.c.obj
 .text.prvPortStartFirstTask
                0x000000000800bd28       0x28 CMakeFiles/demo_f407.elf.dir/Middlewares/Third_Party/FreeRTOS/Source/portable/GCC/ARM_CM4F/port.c.obj
 .text.vPortEnableVFP
                0x000000000800bd50       0x14 CMakeFiles/demo_f407.elf.dir/Middlewares/Third_Party/FreeRTOS/Source/portable/GCC/ARM_CM4F/port.c.obj
 .text.pxPortInitialiseStack
                0x000000000800bd64       0x2c CMakeFiles/demo_f407.elf.dir/Middlewares/Third_Party/FreeRTOS/Source/portable/GCC/ARM_CM4F/port.c.obj
                0x000000000800bd64                pxPortInitialiseStack
 .text.SVC_Handler
                0x000000000800bd90       0x24 CMakeFiles/demo_f407.elf.dir/Middlewares/Third_Party/FreeRTOS/Source/portable/GCC/ARM_CM4F/port.c.obj
                0x000000000800bd90                SVC_Handler
 .text.vPortEnterCritical
                0x000000000800bdb4       0x44 CMakeFiles/demo_f407.elf.dir/Middlewares/Third_Party/FreeRTOS/Source/portable/GCC/ARM_CM4F/port.c.obj
                0x000000000800bdb4                vPortEnterCritical
 .text.vPortExitCritical
                0x000000000800bdf8       0x2c CMakeFiles/demo_f407.elf.dir/Middlewares/Third_Party/FreeRTOS/Source/portable/GCC/ARM_CM4F/port.c.obj
                0x000000000800bdf8                vPortExitCritical
 *fill*         0x000000000800be24        0xc 
 .text.PendSV_Handler
                0x000000000800be30       0x64 CMakeFiles/demo_f407.elf.dir/Middlewares/Third_Party/FreeRTOS/Source/portable/GCC/ARM_CM4F/port.c.obj
                0x000000000800be30                PendSV_Handler
 .text.SysTick_Handler
                0x000000000800be94       0x2c CMakeFiles/demo_f407.elf.dir/Middlewares/Third_Party/FreeRTOS/Source/portable/GCC/ARM_CM4F/port.c.obj
                0x000000000800be94                SysTick_Handler
 .text.vPortSetupTimerInterrupt
                0x000000000800bec0       0x38 CMakeFiles/demo_f407.elf.dir/Middlewares/Third_Party/FreeRTOS/Source/portable/GCC/ARM_CM4F/port.c.obj
                0x000000000800bec0                vPortSetupTimerInterrupt
 .text.xPortStartScheduler
                0x000000000800bef8      0x110 CMakeFiles/demo_f407.elf.dir/Middlewares/Third_Party/FreeRTOS/Source/portable/GCC/ARM_CM4F/port.c.obj
                0x000000000800bef8                xPortStartScheduler
 .text.prvHeapInit
                0x000000000800c008       0x64 CMakeFiles/demo_f407.elf.dir/Middlewares/Third_Party/FreeRTOS/Source/portable/MemMang/heap_4.c.obj
 .text.prvInsertBlockIntoFreeList
                0x000000000800c06c       0x58 CMakeFiles/demo_f407.elf.dir/Middlewares/Third_Party/FreeRTOS/Source/portable/MemMang/heap_4.c.obj
 .text.pvPortMalloc
                0x000000000800c0c4      0x114 CMakeFiles/demo_f407.elf.dir/Middlewares/Third_Party/FreeRTOS/Source/portable/MemMang/heap_4.c.obj
                0x000000000800c0c4                pvPortMalloc
 .text.vPortFree
                0x000000000800c1d8       0x7c CMakeFiles/demo_f407.elf.dir/Middlewares/Third_Party/FreeRTOS/Source/portable/MemMang/heap_4.c.obj
                0x000000000800c1d8                vPortFree
 .text.prvResetNextTaskUnblockTime
                0x000000000800c254       0x2c CMakeFiles/demo_f407.elf.dir/Middlewares/Third_Party/FreeRTOS/Source/tasks.c.obj
 .text.prvInitialiseNewTask
                0x000000000800c280       0xea CMakeFiles/demo_f407.elf.dir/Middlewares/Third_Party/FreeRTOS/Source/tasks.c.obj
 *fill*         0x000000000800c36a        0x2 
 .text.prvInitialiseTaskLists
                0x000000000800c36c       0x68 CMakeFiles/demo_f407.elf.dir/Middlewares/Third_Party/FreeRTOS/Source/tasks.c.obj
 .text.prvAddNewTaskToReadyList
                0x000000000800c3d4       0xa8 CMakeFiles/demo_f407.elf.dir/Middlewares/Third_Party/FreeRTOS/Source/tasks.c.obj
 .text.prvDeleteTCB
                0x000000000800c47c       0x40 CMakeFiles/demo_f407.elf.dir/Middlewares/Third_Party/FreeRTOS/Source/tasks.c.obj
 .text.prvCheckTasksWaitingTermination
                0x000000000800c4bc       0x4c CMakeFiles/demo_f407.elf.dir/Middlewares/Third_Party/FreeRTOS/Source/tasks.c.obj
 .text.prvIdleTask
                0x000000000800c508       0x28 CMakeFiles/demo_f407.elf.dir/Middlewares/Third_Party/FreeRTOS/Source/tasks.c.obj
 .text.prvAddCurrentTaskToDelayedList
                0x000000000800c530       0x98 CMakeFiles/demo_f407.elf.dir/Middlewares/Third_Party/FreeRTOS/Source/tasks.c.obj
 .text.xTaskCreateStatic
                0x000000000800c5c8       0x78 CMakeFiles/demo_f407.elf.dir/Middlewares/Third_Party/FreeRTOS/Source/tasks.c.obj
                0x000000000800c5c8                xTaskCreateStatic
 .text.xTaskCreate
                0x000000000800c640       0x68 CMakeFiles/demo_f407.elf.dir/Middlewares/Third_Party/FreeRTOS/Source/tasks.c.obj
                0x000000000800c640                xTaskCreate
 .text.vTaskDelete
                0x000000000800c6a8       0xe0 CMakeFiles/demo_f407.elf.dir/Middlewares/Third_Party/FreeRTOS/Source/tasks.c.obj
                0x000000000800c6a8                vTaskDelete
 .text.vTaskStartScheduler
                0x000000000800c788       0x80 CMakeFiles/demo_f407.elf.dir/Middlewares/Third_Party/FreeRTOS/Source/tasks.c.obj
                0x000000000800c788                vTaskStartScheduler
 .text.vTaskSuspendAll
                0x000000000800c808       0x10 CMakeFiles/demo_f407.elf.dir/Middlewares/Third_Party/FreeRTOS/Source/tasks.c.obj
                0x000000000800c808                vTaskSuspendAll
 .text.xTaskIncrementTick
                0x000000000800c818      0x118 CMakeFiles/demo_f407.elf.dir/Middlewares/Third_Party/FreeRTOS/Source/tasks.c.obj
                0x000000000800c818                xTaskIncrementTick
 .text.xTaskResumeAll
                0x000000000800c930       0xf4 CMakeFiles/demo_f407.elf.dir/Middlewares/Third_Party/FreeRTOS/Source/tasks.c.obj
                0x000000000800c930                xTaskResumeAll
 .text.vTaskDelay
                0x000000000800ca24       0x4c CMakeFiles/demo_f407.elf.dir/Middlewares/Third_Party/FreeRTOS/Source/tasks.c.obj
                0x000000000800ca24                vTaskDelay
 .text.vTaskSwitchContext
                0x000000000800ca70       0xa4 CMakeFiles/demo_f407.elf.dir/Middlewares/Third_Party/FreeRTOS/Source/tasks.c.obj
                0x000000000800ca70                vTaskSwitchContext
 .text._ZL28read_encoded_value_with_basehjPKhPj
                0x000000000800cb14       0xc0 /home/szy/gcc-arm-none-eabi-7-2017-q4-major/bin/../lib/gcc/arm-none-eabi/7.2.1/../../../../arm-none-eabi/lib/thumb/v7e-m/fpv4-sp/hard/libstdc++.a(eh_personality.o)
 .text._ZL21base_of_encoded_valuehP15_Unwind_Context.part.3
                0x000000000800cbd4       0x38 /home/szy/gcc-arm-none-eabi-7-2017-q4-major/bin/../lib/gcc/arm-none-eabi/7.2.1/../../../../arm-none-eabi/lib/thumb/v7e-m/fpv4-sp/hard/libstdc++.a(eh_personality.o)
 .text._ZL17parse_lsda_headerP15_Unwind_ContextPKhP16lsda_header_info
                0x000000000800cc0c       0x94 /home/szy/gcc-arm-none-eabi-7-2017-q4-major/bin/../lib/gcc/arm-none-eabi/7.2.1/../../../../arm-none-eabi/lib/thumb/v7e-m/fpv4-sp/hard/libstdc++.a(eh_personality.o)
 .text.__gxx_personality_v0
                0x000000000800cca0      0x4e4 /home/szy/gcc-arm-none-eabi-7-2017-q4-major/bin/../lib/gcc/arm-none-eabi/7.2.1/../../../../arm-none-eabi/lib/thumb/v7e-m/fpv4-sp/hard/libstdc++.a(eh_personality.o)
                0x000000000800cca0                __gxx_personality_v0
 .text._ZN10__cxxabiv1L24__is_gxx_exception_classEPc
                0x000000000800d184       0x3c /home/szy/gcc-arm-none-eabi-7-2017-q4-major/bin/../lib/gcc/arm-none-eabi/7.2.1/../../../../arm-none-eabi/lib/thumb/v7e-m/fpv4-sp/hard/libstdc++.a(eh_call.o)
 .text.__cxa_call_terminate
                0x000000000800d1c0       0x20 /home/szy/gcc-arm-none-eabi-7-2017-q4-major/bin/../lib/gcc/arm-none-eabi/7.2.1/../../../../arm-none-eabi/lib/thumb/v7e-m/fpv4-sp/hard/libstdc++.a(eh_call.o)
                0x000000000800d1c0                __cxa_call_terminate
 .text.__cxa_call_unexpected
                0x000000000800d1e0       0xdc /home/szy/gcc-arm-none-eabi-7-2017-q4-major/bin/../lib/gcc/arm-none-eabi/7.2.1/../../../../arm-none-eabi/lib/thumb/v7e-m/fpv4-sp/hard/libstdc++.a(eh_call.o)
                0x000000000800d1e0                __cxa_call_unexpected
 .text.__cxa_begin_catch
                0x000000000800d2bc       0x80 /home/szy/gcc-arm-none-eabi-7-2017-q4-major/bin/../lib/gcc/arm-none-eabi/7.2.1/../../../../arm-none-eabi/lib/thumb/v7e-m/fpv4-sp/hard/libstdc++.a(eh_catch.o)
                0x000000000800d2bc                __cxa_begin_catch
 .text.__cxa_end_catch
                0x000000000800d33c       0x88 /home/szy/gcc-arm-none-eabi-7-2017-q4-major/bin/../lib/gcc/arm-none-eabi/7.2.1/../../../../arm-none-eabi/lib/thumb/v7e-m/fpv4-sp/hard/libstdc++.a(eh_catch.o)
                0x000000000800d33c                __cxa_end_catch
 .text.__cxa_get_globals_fast
                0x000000000800d3c4        0x8 /home/szy/gcc-arm-none-eabi-7-2017-q4-major/bin/../lib/gcc/arm-none-eabi/7.2.1/../../../../arm-none-eabi/lib/thumb/v7e-m/fpv4-sp/hard/libstdc++.a(eh_globals.o)
                0x000000000800d3c4                __cxa_get_globals_fast
 .text.__cxa_get_globals
                0x000000000800d3cc        0x8 /home/szy/gcc-arm-none-eabi-7-2017-q4-major/bin/../lib/gcc/arm-none-eabi/7.2.1/../../../../arm-none-eabi/lib/thumb/v7e-m/fpv4-sp/hard/libstdc++.a(eh_globals.o)
                0x000000000800d3cc                __cxa_get_globals
 .text._ZN10__cxxabiv111__terminateEPFvvE
                0x000000000800d3d4       0x28 /home/szy/gcc-arm-none-eabi-7-2017-q4-major/bin/../lib/gcc/arm-none-eabi/7.2.1/../../../../arm-none-eabi/lib/thumb/v7e-m/fpv4-sp/hard/libstdc++.a(eh_terminate.o)
                0x000000000800d3d4                __cxxabiv1::__terminate(void (*)())
 .text._ZSt9terminatev
                0x000000000800d3fc       0x14 /home/szy/gcc-arm-none-eabi-7-2017-q4-major/bin/../lib/gcc/arm-none-eabi/7.2.1/../../../../arm-none-eabi/lib/thumb/v7e-m/fpv4-sp/hard/libstdc++.a(eh_terminate.o)
                0x000000000800d3fc                std::terminate()
 .text._ZN10__cxxabiv112__unexpectedEPFvvE
                0x000000000800d410        0x8 /home/szy/gcc-arm-none-eabi-7-2017-q4-major/bin/../lib/gcc/arm-none-eabi/7.2.1/../../../../arm-none-eabi/lib/thumb/v7e-m/fpv4-sp/hard/libstdc++.a(eh_terminate.o)
                0x000000000800d410                __cxxabiv1::__unexpected(void (*)())
 .text._ZSt10unexpectedv
                0x000000000800d418       0x14 /home/szy/gcc-arm-none-eabi-7-2017-q4-major/bin/../lib/gcc/arm-none-eabi/7.2.1/../../../../arm-none-eabi/lib/thumb/v7e-m/fpv4-sp/hard/libstdc++.a(eh_terminate.o)
                0x000000000800d418                std::unexpected()
 .text._ZSt13get_terminatev
                0x000000000800d42c       0x10 /home/szy/gcc-arm-none-eabi-7-2017-q4-major/bin/../lib/gcc/arm-none-eabi/7.2.1/../../../../arm-none-eabi/lib/thumb/v7e-m/fpv4-sp/hard/libstdc++.a(eh_terminate.o)
                0x000000000800d42c                std::get_terminate()
 .text._ZSt14get_unexpectedv
                0x000000000800d43c       0x10 /home/szy/gcc-arm-none-eabi-7-2017-q4-major/bin/../lib/gcc/arm-none-eabi/7.2.1/../../../../arm-none-eabi/lib/thumb/v7e-m/fpv4-sp/hard/libstdc++.a(eh_terminate.o)
                0x000000000800d43c                std::get_unexpected()
 .text.__cxa_end_cleanup
                0x000000000800d44c        0xc /home/szy/gcc-arm-none-eabi-7-2017-q4-major/bin/../lib/gcc/arm-none-eabi/7.2.1/../../../../arm-none-eabi/lib/thumb/v7e-m/fpv4-sp/hard/libstdc++.a(eh_arm.o)
                0x000000000800d44c                __cxa_end_cleanup
 .text.__cxa_type_match
                0x000000000800d458       0xb0 /home/szy/gcc-arm-none-eabi-7-2017-q4-major/bin/../lib/gcc/arm-none-eabi/7.2.1/../../../../arm-none-eabi/lib/thumb/v7e-m/fpv4-sp/hard/libstdc++.a(eh_arm.o)
                0x000000000800d458                __cxa_type_match
 .text.__cxa_begin_cleanup
                0x000000000800d508       0x64 /home/szy/gcc-arm-none-eabi-7-2017-q4-major/bin/../lib/gcc/arm-none-eabi/7.2.1/../../../../arm-none-eabi/lib/thumb/v7e-m/fpv4-sp/hard/libstdc++.a(eh_arm.o)
                0x000000000800d508                __cxa_begin_cleanup
 .text.__gnu_end_cleanup
                0x000000000800d56c       0x70 /home/szy/gcc-arm-none-eabi-7-2017-q4-major/bin/../lib/gcc/arm-none-eabi/7.2.1/../../../../arm-none-eabi/lib/thumb/v7e-m/fpv4-sp/hard/libstdc++.a(eh_arm.o)
                0x000000000800d56c                __gnu_end_cleanup
 .text._ZdlPvj  0x000000000800d5dc        0x4 /home/szy/gcc-arm-none-eabi-7-2017-q4-major/bin/../lib/gcc/arm-none-eabi/7.2.1/../../../../arm-none-eabi/lib/thumb/v7e-m/fpv4-sp/hard/libstdc++.a(del_ops.o)
                0x000000000800d5dc                operator delete(void*, unsigned int)
 .text._ZL23__gxx_exception_cleanup19_Unwind_Reason_CodeP21_Unwind_Control_Block
                0x000000000800d5e0       0x44 /home/szy/gcc-arm-none-eabi-7-2017-q4-major/bin/../lib/gcc/arm-none-eabi/7.2.1/../../../../arm-none-eabi/lib/thumb/v7e-m/fpv4-sp/hard/libstdc++.a(eh_throw.o)
 .text.__cxa_init_primary_exception
                0x000000000800d624       0x58 /home/szy/gcc-arm-none-eabi-7-2017-q4-major/bin/../lib/gcc/arm-none-eabi/7.2.1/../../../../arm-none-eabi/lib/thumb/v7e-m/fpv4-sp/hard/libstdc++.a(eh_throw.o)
                0x000000000800d624                __cxa_init_primary_exception
 .text.__cxa_throw
                0x000000000800d67c       0x38 /home/szy/gcc-arm-none-eabi-7-2017-q4-major/bin/../lib/gcc/arm-none-eabi/7.2.1/../../../../arm-none-eabi/lib/thumb/v7e-m/fpv4-sp/hard/libstdc++.a(eh_throw.o)
                0x000000000800d67c                __cxa_throw
 .text.__cxa_rethrow
                0x000000000800d6b4       0x70 /home/szy/gcc-arm-none-eabi-7-2017-q4-major/bin/../lib/gcc/arm-none-eabi/7.2.1/../../../../arm-none-eabi/lib/thumb/v7e-m/fpv4-sp/hard/libstdc++.a(eh_throw.o)
                0x000000000800d6b4                __cxa_rethrow
 .text._ZN10__cxxabiv120__si_class_type_infoD2Ev
                0x000000000800d724       0x14 /home/szy/gcc-arm-none-eabi-7-2017-q4-major/bin/../lib/gcc/arm-none-eabi/7.2.1/../../../../arm-none-eabi/lib/thumb/v7e-m/fpv4-sp/hard/libstdc++.a(si_class_type_info.o)
                0x000000000800d724                __cxxabiv1::__si_class_type_info::~__si_class_type_info()
                0x000000000800d724                __cxxabiv1::__si_class_type_info::~__si_class_type_info()
 .text._ZN10__cxxabiv120__si_class_type_infoD0Ev
                0x000000000800d738       0x1c /home/szy/gcc-arm-none-eabi-7-2017-q4-major/bin/../lib/gcc/arm-none-eabi/7.2.1/../../../../arm-none-eabi/lib/thumb/v7e-m/fpv4-sp/hard/libstdc++.a(si_class_type_info.o)
                0x000000000800d738                __cxxabiv1::__si_class_type_info::~__si_class_type_info()
 .text._ZNK10__cxxabiv120__si_class_type_info20__do_find_public_srcEiPKvPKNS_17__class_type_infoES2_
                0x000000000800d754       0x3c /home/szy/gcc-arm-none-eabi-7-2017-q4-major/bin/../lib/gcc/arm-none-eabi/7.2.1/../../../../arm-none-eabi/lib/thumb/v7e-m/fpv4-sp/hard/libstdc++.a(si_class_type_info.o)
                0x000000000800d754                __cxxabiv1::__si_class_type_info::__do_find_public_src(int, void const*, __cxxabiv1::__class_type_info const*, void const*) const
 .text._ZNK10__cxxabiv120__si_class_type_info12__do_dyncastEiNS_17__class_type_info10__sub_kindEPKS1_PKvS4_S6_RNS1_16__dyncast_resultE
                0x000000000800d790       0x80 /home/szy/gcc-arm-none-eabi-7-2017-q4-major/bin/../lib/gcc/arm-none-eabi/7.2.1/../../../../arm-none-eabi/lib/thumb/v7e-m/fpv4-sp/hard/libstdc++.a(si_class_type_info.o)
                0x000000000800d790                __cxxabiv1::__si_class_type_info::__do_dyncast(int, __cxxabiv1::__class_type_info::__sub_kind, __cxxabiv1::__class_type_info const*, void const*, __cxxabiv1::__class_type_info const*, void const*, __cxxabiv1::__class_type_info::__dyncast_result&) const
 .text._ZNK10__cxxabiv120__si_class_type_info11__do_upcastEPKNS_17__class_type_infoEPKvRNS1_15__upcast_resultE
                0x000000000800d810       0x2c /home/szy/gcc-arm-none-eabi-7-2017-q4-major/bin/../lib/gcc/arm-none-eabi/7.2.1/../../../../arm-none-eabi/lib/thumb/v7e-m/fpv4-sp/hard/libstdc++.a(si_class_type_info.o)
                0x000000000800d810                __cxxabiv1::__si_class_type_info::__do_upcast(__cxxabiv1::__class_type_info const*, void const*, __cxxabiv1::__class_type_info::__upcast_result&) const
 .text._ZNSt9type_infoD2Ev
                0x000000000800d83c        0x4 /home/szy/gcc-arm-none-eabi-7-2017-q4-major/bin/../lib/gcc/arm-none-eabi/7.2.1/../../../../arm-none-eabi/lib/thumb/v7e-m/fpv4-sp/hard/libstdc++.a(tinfo.o)
                0x000000000800d83c                std::type_info::~type_info()
                0x000000000800d83c                std::type_info::~type_info()
 .text._ZNKSt9type_info14__is_pointer_pEv
                0x000000000800d840        0x4 /home/szy/gcc-arm-none-eabi-7-2017-q4-major/bin/../lib/gcc/arm-none-eabi/7.2.1/../../../../arm-none-eabi/lib/thumb/v7e-m/fpv4-sp/hard/libstdc++.a(tinfo.o)
                0x000000000800d840                std::type_info::__is_function_p() const
                0x000000000800d840                std::type_info::__is_pointer_p() const
 .text._ZNKSt9type_infoeqERKS_
                0x000000000800d844       0x2c /home/szy/gcc-arm-none-eabi-7-2017-q4-major/bin/../lib/gcc/arm-none-eabi/7.2.1/../../../../arm-none-eabi/lib/thumb/v7e-m/fpv4-sp/hard/libstdc++.a(tinfo.o)
                0x000000000800d844                std::type_info::operator==(std::type_info const&) const
 .text._ZNK10__cxxabiv117__class_type_info11__do_upcastEPKS0_PPv
                0x000000000800d870       0x38 /home/szy/gcc-arm-none-eabi-7-2017-q4-major/bin/../lib/gcc/arm-none-eabi/7.2.1/../../../../arm-none-eabi/lib/thumb/v7e-m/fpv4-sp/hard/libstdc++.a(class_type_info.o)
                0x000000000800d870                __cxxabiv1::__class_type_info::__do_upcast(__cxxabiv1::__class_type_info const*, void**) const
 .text._ZNK10__cxxabiv117__class_type_info20__do_find_public_srcEiPKvPKS0_S2_
                0x000000000800d8a8        0xc /home/szy/gcc-arm-none-eabi-7-2017-q4-major/bin/../lib/gcc/arm-none-eabi/7.2.1/../../../../arm-none-eabi/lib/thumb/v7e-m/fpv4-sp/hard/libstdc++.a(class_type_info.o)
                0x000000000800d8a8                __cxxabiv1::__class_type_info::__do_find_public_src(int, void const*, __cxxabiv1::__class_type_info const*, void const*) const
 .text._ZN10__cxxabiv117__class_type_infoD2Ev
                0x000000000800d8b4       0x14 /home/szy/gcc-arm-none-eabi-7-2017-q4-major/bin/../lib/gcc/arm-none-eabi/7.2.1/../../../../arm-none-eabi/lib/thumb/v7e-m/fpv4-sp/hard/libstdc++.a(class_type_info.o)
                0x000000000800d8b4                __cxxabiv1::__class_type_info::~__class_type_info()
                0x000000000800d8b4                __cxxabiv1::__class_type_info::~__class_type_info()
 .text._ZN10__cxxabiv117__class_type_infoD0Ev
                0x000000000800d8c8       0x1c /home/szy/gcc-arm-none-eabi-7-2017-q4-major/bin/../lib/gcc/arm-none-eabi/7.2.1/../../../../arm-none-eabi/lib/thumb/v7e-m/fpv4-sp/hard/libstdc++.a(class_type_info.o)
                0x000000000800d8c8                __cxxabiv1::__class_type_info::~__class_type_info()
 .text._ZNK10__cxxabiv117__class_type_info12__do_dyncastEiNS0_10__sub_kindEPKS0_PKvS3_S5_RNS0_16__dyncast_resultE
                0x000000000800d8e4       0x44 /home/szy/gcc-arm-none-eabi-7-2017-q4-major/bin/../lib/gcc/arm-none-eabi/7.2.1/../../../../arm-none-eabi/lib/thumb/v7e-m/fpv4-sp/hard/libstdc++.a(class_type_info.o)
                0x000000000800d8e4                __cxxabiv1::__class_type_info::__do_dyncast(int, __cxxabiv1::__class_type_info::__sub_kind, __cxxabiv1::__class_type_info const*, void const*, __cxxabiv1::__class_type_info const*, void const*, __cxxabiv1::__class_type_info::__dyncast_result&) const
 .text._ZNK10__cxxabiv117__class_type_info11__do_upcastEPKS0_PKvRNS0_15__upcast_resultE
                0x000000000800d928       0x18 /home/szy/gcc-arm-none-eabi-7-2017-q4-major/bin/../lib/gcc/arm-none-eabi/7.2.1/../../../../arm-none-eabi/lib/thumb/v7e-m/fpv4-sp/hard/libstdc++.a(class_type_info.o)
                0x000000000800d928                __cxxabiv1::__class_type_info::__do_upcast(__cxxabiv1::__class_type_info const*, void const*, __cxxabiv1::__class_type_info::__upcast_result&) const
 .text._ZNK10__cxxabiv117__class_type_info10__do_catchEPKSt9type_infoPPvj
                0x000000000800d940       0x2c /home/szy/gcc-arm-none-eabi-7-2017-q4-major/bin/../lib/gcc/arm-none-eabi/7.2.1/../../../../arm-none-eabi/lib/thumb/v7e-m/fpv4-sp/hard/libstdc++.a(class_type_info.o)
                0x000000000800d940                __cxxabiv1::__class_type_info::__do_catch(std::type_info const*, void**, unsigned int) const
 .text._ZNSt13bad_exceptionD2Ev
                0x000000000800d96c        0x4 /home/szy/gcc-arm-none-eabi-7-2017-q4-major/bin/../lib/gcc/arm-none-eabi/7.2.1/../../../../arm-none-eabi/lib/thumb/v7e-m/fpv4-sp/hard/libstdc++.a(eh_exception.o)
                0x000000000800d96c                std::bad_exception::~bad_exception()
                0x000000000800d96c                std::bad_exception::~bad_exception()
 .text._ZNKSt13bad_exception4whatEv
                0x000000000800d970        0x8 /home/szy/gcc-arm-none-eabi-7-2017-q4-major/bin/../lib/gcc/arm-none-eabi/7.2.1/../../../../arm-none-eabi/lib/thumb/v7e-m/fpv4-sp/hard/libstdc++.a(eh_exception.o)
                0x000000000800d970                transaction clone for std::bad_exception::what() const
                0x000000000800d970                std::bad_exception::what() const
 .text._ZNSt13bad_exceptionD0Ev
                0x000000000800d978       0x10 /home/szy/gcc-arm-none-eabi-7-2017-q4-major/bin/../lib/gcc/arm-none-eabi/7.2.1/../../../../arm-none-eabi/lib/thumb/v7e-m/fpv4-sp/hard/libstdc++.a(eh_exception.o)
                0x000000000800d978                std::bad_exception::~bad_exception()
 .text._ZN12_GLOBAL__N_14pool4freeEPv.constprop.4
                0x000000000800d988       0x90 /home/szy/gcc-arm-none-eabi-7-2017-q4-major/bin/../lib/gcc/arm-none-eabi/7.2.1/../../../../arm-none-eabi/lib/thumb/v7e-m/fpv4-sp/hard/libstdc++.a(eh_alloc.o)
 .text._ZN12_GLOBAL__N_14pool8allocateEj.constprop.5
                0x000000000800da18       0x64 /home/szy/gcc-arm-none-eabi-7-2017-q4-major/bin/../lib/gcc/arm-none-eabi/7.2.1/../../../../arm-none-eabi/lib/thumb/v7e-m/fpv4-sp/hard/libstdc++.a(eh_alloc.o)
 .text.__cxa_allocate_exception
                0x000000000800da7c       0x30 /home/szy/gcc-arm-none-eabi-7-2017-q4-major/bin/../lib/gcc/arm-none-eabi/7.2.1/../../../../arm-none-eabi/lib/thumb/v7e-m/fpv4-sp/hard/libstdc++.a(eh_alloc.o)
                0x000000000800da7c                __cxa_allocate_exception
 .text.__cxa_free_exception
                0x000000000800daac       0x20 /home/szy/gcc-arm-none-eabi-7-2017-q4-major/bin/../lib/gcc/arm-none-eabi/7.2.1/../../../../arm-none-eabi/lib/thumb/v7e-m/fpv4-sp/hard/libstdc++.a(eh_alloc.o)
                0x000000000800daac                __cxa_free_exception
 .text.startup._GLOBAL__sub_I__ZN9__gnu_cxx9__freeresEv
                0x000000000800dacc       0x28 /home/szy/gcc-arm-none-eabi-7-2017-q4-major/bin/../lib/gcc/arm-none-eabi/7.2.1/../../../../arm-none-eabi/lib/thumb/v7e-m/fpv4-sp/hard/libstdc++.a(eh_alloc.o)
 .text._ZN9__gnu_cxx27__verbose_terminate_handlerEv
                0x000000000800daf4      0x110 /home/szy/gcc-arm-none-eabi-7-2017-q4-major/bin/../lib/gcc/arm-none-eabi/7.2.1/../../../../arm-none-eabi/lib/thumb/v7e-m/fpv4-sp/hard/libstdc++.a(vterminate.o)
                0x000000000800daf4                __gnu_cxx::__verbose_terminate_handler()
 .text.__cxa_current_exception_type
                0x000000000800dc04       0x1c /home/szy/gcc-arm-none-eabi-7-2017-q4-major/bin/../lib/gcc/arm-none-eabi/7.2.1/../../../../arm-none-eabi/lib/thumb/v7e-m/fpv4-sp/hard/libstdc++.a(eh_type.o)
                0x000000000800dc04                __cxa_current_exception_type
 .text.abort    0x000000000800dc20       0x10 /home/szy/gcc-arm-none-eabi-7-2017-q4-major/bin/../lib/gcc/arm-none-eabi/7.2.1/../../../../arm-none-eabi/lib/thumb/v7e-m/fpv4-sp/hard/libg.a(lib_a-abort.o)
                0x000000000800dc20                abort
 .text.__errno  0x000000000800dc30        0xc /home/szy/gcc-arm-none-eabi-7-2017-q4-major/bin/../lib/gcc/arm-none-eabi/7.2.1/../../../../arm-none-eabi/lib/thumb/v7e-m/fpv4-sp/hard/libg.a(lib_a-errno.o)
                0x000000000800dc30                __errno
 .text.fputc    0x000000000800dc3c       0x58 /home/szy/gcc-arm-none-eabi-7-2017-q4-major/bin/../lib/gcc/arm-none-eabi/7.2.1/../../../../arm-none-eabi/lib/thumb/v7e-m/fpv4-sp/hard/libg.a(lib_a-fputc.o)
                0x000000000800dc3c                fputc
 .text._fputs_r
                0x000000000800dc94       0x84 /home/szy/gcc-arm-none-eabi-7-2017-q4-major/bin/../lib/gcc/arm-none-eabi/7.2.1/../../../../arm-none-eabi/lib/thumb/v7e-m/fpv4-sp/hard/libg.a(lib_a-fputs.o)
                0x000000000800dc94                _fputs_r
 .text.fputs    0x000000000800dd18       0x10 /home/szy/gcc-arm-none-eabi-7-2017-q4-major/bin/../lib/gcc/arm-none-eabi/7.2.1/../../../../arm-none-eabi/lib/thumb/v7e-m/fpv4-sp/hard/libg.a(lib_a-fputs.o)
                0x000000000800dd18                fputs
 .text.__sfvwrite_r
                0x000000000800dd28      0x2fc /home/szy/gcc-arm-none-eabi-7-2017-q4-major/bin/../lib/gcc/arm-none-eabi/7.2.1/../../../../arm-none-eabi/lib/thumb/v7e-m/fpv4-sp/hard/libg.a(lib_a-fvwrite.o)
                0x000000000800dd28                __sfvwrite_r
 .text._fwrite_r
                0x000000000800e024       0xa8 /home/szy/gcc-arm-none-eabi-7-2017-q4-major/bin/../lib/gcc/arm-none-eabi/7.2.1/../../../../arm-none-eabi/lib/thumb/v7e-m/fpv4-sp/hard/libg.a(lib_a-fwrite.o)
                0x000000000800e024                _fwrite_r
 .text.fwrite   0x000000000800e0cc       0x20 /home/szy/gcc-arm-none-eabi-7-2017-q4-major/bin/../lib/gcc/arm-none-eabi/7.2.1/../../../../arm-none-eabi/lib/thumb/v7e-m/fpv4-sp/hard/libg.a(lib_a-fwrite.o)
                0x000000000800e0cc                fwrite
 .text.__libc_init_array
                0x000000000800e0ec       0x48 /home/szy/gcc-arm-none-eabi-7-2017-q4-major/bin/../lib/gcc/arm-none-eabi/7.2.1/../../../../arm-none-eabi/lib/thumb/v7e-m/fpv4-sp/hard/libg.a(lib_a-init.o)
                0x000000000800e0ec                __libc_init_array
 .text.__retarget_lock_init_recursive
                0x000000000800e134        0x4 /home/szy/gcc-arm-none-eabi-7-2017-q4-major/bin/../lib/gcc/arm-none-eabi/7.2.1/../../../../arm-none-eabi/lib/thumb/v7e-m/fpv4-sp/hard/libg.a(lib_a-lock.o)
                0x000000000800e134                __retarget_lock_init_recursive
 .text.__retarget_lock_close_recursive
                0x000000000800e138        0x4 /home/szy/gcc-arm-none-eabi-7-2017-q4-major/bin/../lib/gcc/arm-none-eabi/7.2.1/../../../../arm-none-eabi/lib/thumb/v7e-m/fpv4-sp/hard/libg.a(lib_a-lock.o)
                0x000000000800e138                __retarget_lock_close_recursive
 .text.__retarget_lock_acquire_recursive
                0x000000000800e13c        0x4 /home/szy/gcc-arm-none-eabi-7-2017-q4-major/bin/../lib/gcc/arm-none-eabi/7.2.1/../../../../arm-none-eabi/lib/thumb/v7e-m/fpv4-sp/hard/libg.a(lib_a-lock.o)
                0x000000000800e13c                __retarget_lock_acquire_recursive
 .text.__retarget_lock_release_recursive
                0x000000000800e140        0x4 /home/szy/gcc-arm-none-eabi-7-2017-q4-major/bin/../lib/gcc/arm-none-eabi/7.2.1/../../../../arm-none-eabi/lib/thumb/v7e-m/fpv4-sp/hard/libg.a(lib_a-lock.o)
                0x000000000800e140                __retarget_lock_release_recursive
 .text.malloc   0x000000000800e144       0x10 /home/szy/gcc-arm-none-eabi-7-2017-q4-major/bin/../lib/gcc/arm-none-eabi/7.2.1/../../../../arm-none-eabi/lib/thumb/v7e-m/fpv4-sp/hard/libg.a(lib_a-malloc.o)
                0x000000000800e144                malloc
 .text.free     0x000000000800e154       0x10 /home/szy/gcc-arm-none-eabi-7-2017-q4-major/bin/../lib/gcc/arm-none-eabi/7.2.1/../../../../arm-none-eabi/lib/thumb/v7e-m/fpv4-sp/hard/libg.a(lib_a-malloc.o)
                0x000000000800e154                free
 .text._malloc_r
                0x000000000800e164      0x548 /home/szy/gcc-arm-none-eabi-7-2017-q4-major/bin/../lib/gcc/arm-none-eabi/7.2.1/../../../../arm-none-eabi/lib/thumb/v7e-m/fpv4-sp/hard/libg.a(lib_a-mallocr.o)
                0x000000000800e164                _malloc_r
 .text.memcmp   0x000000000800e6ac       0x64 /home/szy/gcc-arm-none-eabi-7-2017-q4-major/bin/../lib/gcc/arm-none-eabi/7.2.1/../../../../arm-none-eabi/lib/thumb/v7e-m/fpv4-sp/hard/libg.a(lib_a-memcmp.o)
                0x000000000800e6ac                memcmp
 .text.memmove  0x000000000800e710       0xc8 /home/szy/gcc-arm-none-eabi-7-2017-q4-major/bin/../lib/gcc/arm-none-eabi/7.2.1/../../../../arm-none-eabi/lib/thumb/v7e-m/fpv4-sp/hard/libg.a(lib_a-memmove.o)
                0x000000000800e710                memmove
 .text.memset   0x000000000800e7d8       0x94 /home/szy/gcc-arm-none-eabi-7-2017-q4-major/bin/../lib/gcc/arm-none-eabi/7.2.1/../../../../arm-none-eabi/lib/thumb/v7e-m/fpv4-sp/hard/libg.a(lib_a-memset.o)
                0x000000000800e7d8                memset
 .text.__malloc_lock
                0x000000000800e86c        0xc /home/szy/gcc-arm-none-eabi-7-2017-q4-major/bin/../lib/gcc/arm-none-eabi/7.2.1/../../../../arm-none-eabi/lib/thumb/v7e-m/fpv4-sp/hard/libg.a(lib_a-mlock.o)
                0x000000000800e86c                __malloc_lock
 .text.__malloc_unlock
                0x000000000800e878        0xc /home/szy/gcc-arm-none-eabi-7-2017-q4-major/bin/../lib/gcc/arm-none-eabi/7.2.1/../../../../arm-none-eabi/lib/thumb/v7e-m/fpv4-sp/hard/libg.a(lib_a-mlock.o)
                0x000000000800e878                __malloc_unlock
 .text._putc_r  0x000000000800e884       0x70 /home/szy/gcc-arm-none-eabi-7-2017-q4-major/bin/../lib/gcc/arm-none-eabi/7.2.1/../../../../arm-none-eabi/lib/thumb/v7e-m/fpv4-sp/hard/libg.a(lib_a-putc.o)
                0x000000000800e884                _putc_r
 .text.realloc  0x000000000800e8f4       0x10 /home/szy/gcc-arm-none-eabi-7-2017-q4-major/bin/../lib/gcc/arm-none-eabi/7.2.1/../../../../arm-none-eabi/lib/thumb/v7e-m/fpv4-sp/hard/libg.a(lib_a-realloc.o)
                0x000000000800e8f4                realloc
 .text._realloc_r
                0x000000000800e904      0x35c /home/szy/gcc-arm-none-eabi-7-2017-q4-major/bin/../lib/gcc/arm-none-eabi/7.2.1/../../../../arm-none-eabi/lib/thumb/v7e-m/fpv4-sp/hard/libg.a(lib_a-reallocr.o)
                0x000000000800e904                _realloc_r
 .text.cleanup_glue
                0x000000000800ec60       0x28 /home/szy/gcc-arm-none-eabi-7-2017-q4-major/bin/../lib/gcc/arm-none-eabi/7.2.1/../../../../arm-none-eabi/lib/thumb/v7e-m/fpv4-sp/hard/libg.a(lib_a-reent.o)
                0x000000000800ec60                cleanup_glue
 .text._reclaim_reent
                0x000000000800ec88       0x88 /home/szy/gcc-arm-none-eabi-7-2017-q4-major/bin/../lib/gcc/arm-none-eabi/7.2.1/../../../../arm-none-eabi/lib/thumb/v7e-m/fpv4-sp/hard/libg.a(lib_a-reent.o)
                0x000000000800ec88                _reclaim_reent
 .text._sbrk_r  0x000000000800ed10       0x24 /home/szy/gcc-arm-none-eabi-7-2017-q4-major/bin/../lib/gcc/arm-none-eabi/7.2.1/../../../../arm-none-eabi/lib/thumb/v7e-m/fpv4-sp/hard/libg.a(lib_a-sbrkr.o)
                0x000000000800ed10                _sbrk_r
 .text._raise_r
                0x000000000800ed34       0x58 /home/szy/gcc-arm-none-eabi-7-2017-q4-major/bin/../lib/gcc/arm-none-eabi/7.2.1/../../../../arm-none-eabi/lib/thumb/v7e-m/fpv4-sp/hard/libg.a(lib_a-signal.o)
                0x000000000800ed34                _raise_r
 .text.raise    0x000000000800ed8c       0x10 /home/szy/gcc-arm-none-eabi-7-2017-q4-major/bin/../lib/gcc/arm-none-eabi/7.2.1/../../../../arm-none-eabi/lib/thumb/v7e-m/fpv4-sp/hard/libg.a(lib_a-signal.o)
                0x000000000800ed8c                raise
 .text._kill_r  0x000000000800ed9c       0x28 /home/szy/gcc-arm-none-eabi-7-2017-q4-major/bin/../lib/gcc/arm-none-eabi/7.2.1/../../../../arm-none-eabi/lib/thumb/v7e-m/fpv4-sp/hard/libg.a(lib_a-signalr.o)
                0x000000000800ed9c                _kill_r
 .text._getpid_r
                0x000000000800edc4        0x4 /home/szy/gcc-arm-none-eabi-7-2017-q4-major/bin/../lib/gcc/arm-none-eabi/7.2.1/../../../../arm-none-eabi/lib/thumb/v7e-m/fpv4-sp/hard/libg.a(lib_a-signalr.o)
                0x000000000800edc4                _getpid_r
 .text.sprintf  0x000000000800edc8       0x44 /home/szy/gcc-arm-none-eabi-7-2017-q4-major/bin/../lib/gcc/arm-none-eabi/7.2.1/../../../../arm-none-eabi/lib/thumb/v7e-m/fpv4-sp/hard/libg.a(lib_a-sprintf.o)
                0x000000000800edc8                sprintf
 .text.strncmp  0x000000000800ee0c       0x98 /home/szy/gcc-arm-none-eabi-7-2017-q4-major/bin/../lib/gcc/arm-none-eabi/7.2.1/../../../../arm-none-eabi/lib/thumb/v7e-m/fpv4-sp/hard/libg.a(lib_a-strncmp.o)
                0x000000000800ee0c                strncmp
 *fill*         0x000000000800eea4        0x4 
 .text._svfprintf_r
                0x000000000800eea8     0x144c /home/szy/gcc-arm-none-eabi-7-2017-q4-major/bin/../lib/gcc/arm-none-eabi/7.2.1/../../../../arm-none-eabi/lib/thumb/v7e-m/fpv4-sp/hard/libg.a(lib_a-svfprintf.o)
                0x000000000800eea8                _svfprintf_r
 .text.__swbuf_r
                0x00000000080102f4       0xb0 /home/szy/gcc-arm-none-eabi-7-2017-q4-major/bin/../lib/gcc/arm-none-eabi/7.2.1/../../../../arm-none-eabi/lib/thumb/v7e-m/fpv4-sp/hard/libg.a(lib_a-wbuf.o)
                0x00000000080102f4                __swbuf_r
 .text._write_r
                0x00000000080103a4       0x2c /home/szy/gcc-arm-none-eabi-7-2017-q4-major/bin/../lib/gcc/arm-none-eabi/7.2.1/../../../../arm-none-eabi/lib/thumb/v7e-m/fpv4-sp/hard/libg.a(lib_a-writer.o)
                0x00000000080103a4                _write_r
 .text.__swsetup_r
                0x00000000080103d0       0xcc /home/szy/gcc-arm-none-eabi-7-2017-q4-major/bin/../lib/gcc/arm-none-eabi/7.2.1/../../../../arm-none-eabi/lib/thumb/v7e-m/fpv4-sp/hard/libg.a(lib_a-wsetup.o)
                0x00000000080103d0                __swsetup_r
 .text.startup.register_fini
                0x000000000801049c       0x14 /home/szy/gcc-arm-none-eabi-7-2017-q4-major/bin/../lib/gcc/arm-none-eabi/7.2.1/../../../../arm-none-eabi/lib/thumb/v7e-m/fpv4-sp/hard/libg.a(lib_a-__call_atexit.o)
 .text.atexit   0x00000000080104b0        0xc /home/szy/gcc-arm-none-eabi-7-2017-q4-major/bin/../lib/gcc/arm-none-eabi/7.2.1/../../../../arm-none-eabi/lib/thumb/v7e-m/fpv4-sp/hard/libg.a(lib_a-atexit.o)
                0x00000000080104b0                atexit
 .text.quorem   0x00000000080104bc      0x124 /home/szy/gcc-arm-none-eabi-7-2017-q4-major/bin/../lib/gcc/arm-none-eabi/7.2.1/../../../../arm-none-eabi/lib/thumb/v7e-m/fpv4-sp/hard/libg.a(lib_a-dtoa.o)
 .text._dtoa_r  0x00000000080105e0      0xe28 /home/szy/gcc-arm-none-eabi-7-2017-q4-major/bin/../lib/gcc/arm-none-eabi/7.2.1/../../../../arm-none-eabi/lib/thumb/v7e-m/fpv4-sp/hard/libg.a(lib_a-dtoa.o)
                0x00000000080105e0                _dtoa_r
 .text.__sflush_r
                0x0000000008011408      0x154 /home/szy/gcc-arm-none-eabi-7-2017-q4-major/bin/../lib/gcc/arm-none-eabi/7.2.1/../../../../arm-none-eabi/lib/thumb/v7e-m/fpv4-sp/hard/libg.a(lib_a-fflush.o)
                0x0000000008011408                __sflush_r
 .text._fflush_r
                0x000000000801155c       0x5c /home/szy/gcc-arm-none-eabi-7-2017-q4-major/bin/../lib/gcc/arm-none-eabi/7.2.1/../../../../arm-none-eabi/lib/thumb/v7e-m/fpv4-sp/hard/libg.a(lib_a-fflush.o)
                0x000000000801155c                _fflush_r
 .text.std      0x00000000080115b8       0x50 /home/szy/gcc-arm-none-eabi-7-2017-q4-major/bin/../lib/gcc/arm-none-eabi/7.2.1/../../../../arm-none-eabi/lib/thumb/v7e-m/fpv4-sp/hard/libg.a(lib_a-findfp.o)
 .text._cleanup_r
                0x0000000008011608        0xc /home/szy/gcc-arm-none-eabi-7-2017-q4-major/bin/../lib/gcc/arm-none-eabi/7.2.1/../../../../arm-none-eabi/lib/thumb/v7e-m/fpv4-sp/hard/libg.a(lib_a-findfp.o)
                0x0000000008011608                _cleanup_r
 .text.__sinit  0x0000000008011614       0x58 /home/szy/gcc-arm-none-eabi-7-2017-q4-major/bin/../lib/gcc/arm-none-eabi/7.2.1/../../../../arm-none-eabi/lib/thumb/v7e-m/fpv4-sp/hard/libg.a(lib_a-findfp.o)
                0x0000000008011614                __sinit
 .text.__sfp_lock_acquire
                0x000000000801166c        0xc /home/szy/gcc-arm-none-eabi-7-2017-q4-major/bin/../lib/gcc/arm-none-eabi/7.2.1/../../../../arm-none-eabi/lib/thumb/v7e-m/fpv4-sp/hard/libg.a(lib_a-findfp.o)
                0x000000000801166c                __sfp_lock_acquire
 .text.__sfp_lock_release
                0x0000000008011678        0xc /home/szy/gcc-arm-none-eabi-7-2017-q4-major/bin/../lib/gcc/arm-none-eabi/7.2.1/../../../../arm-none-eabi/lib/thumb/v7e-m/fpv4-sp/hard/libg.a(lib_a-findfp.o)
                0x0000000008011678                __sfp_lock_release
 .text.__libc_fini_array
                0x0000000008011684       0x34 /home/szy/gcc-arm-none-eabi-7-2017-q4-major/bin/../lib/gcc/arm-none-eabi/7.2.1/../../../../arm-none-eabi/lib/thumb/v7e-m/fpv4-sp/hard/libg.a(lib_a-fini.o)
                0x0000000008011684                __libc_fini_array
 .text._malloc_trim_r
                0x00000000080116b8       0xa0 /home/szy/gcc-arm-none-eabi-7-2017-q4-major/bin/../lib/gcc/arm-none-eabi/7.2.1/../../../../arm-none-eabi/lib/thumb/v7e-m/fpv4-sp/hard/libg.a(lib_a-freer.o)
                0x00000000080116b8                _malloc_trim_r
 .text._free_r  0x0000000008011758      0x1e8 /home/szy/gcc-arm-none-eabi-7-2017-q4-major/bin/../lib/gcc/arm-none-eabi/7.2.1/../../../../arm-none-eabi/lib/thumb/v7e-m/fpv4-sp/hard/libg.a(lib_a-freer.o)
                0x0000000008011758                _free_r
 .text._fwalk_reent
                0x0000000008011940       0x54 /home/szy/gcc-arm-none-eabi-7-2017-q4-major/bin/../lib/gcc/arm-none-eabi/7.2.1/../../../../arm-none-eabi/lib/thumb/v7e-m/fpv4-sp/hard/libg.a(lib_a-fwalk.o)
                0x0000000008011940                _fwalk_reent
 .text._localeconv_r
                0x0000000008011994       0x1c /home/szy/gcc-arm-none-eabi-7-2017-q4-major/bin/../lib/gcc/arm-none-eabi/7.2.1/../../../../arm-none-eabi/lib/thumb/v7e-m/fpv4-sp/hard/libg.a(lib_a-localeconv.o)
                0x0000000008011994                _localeconv_r
 .text.__swhatbuf_r
                0x00000000080119b0       0x5c /home/szy/gcc-arm-none-eabi-7-2017-q4-major/bin/../lib/gcc/arm-none-eabi/7.2.1/../../../../arm-none-eabi/lib/thumb/v7e-m/fpv4-sp/hard/libg.a(lib_a-makebuf.o)
                0x00000000080119b0                __swhatbuf_r
 .text.__smakebuf_r
                0x0000000008011a0c       0x94 /home/szy/gcc-arm-none-eabi-7-2017-q4-major/bin/../lib/gcc/arm-none-eabi/7.2.1/../../../../arm-none-eabi/lib/thumb/v7e-m/fpv4-sp/hard/libg.a(lib_a-makebuf.o)
                0x0000000008011a0c                __smakebuf_r
 .text._Balloc  0x0000000008011aa0       0x4c /home/szy/gcc-arm-none-eabi-7-2017-q4-major/bin/../lib/gcc/arm-none-eabi/7.2.1/../../../../arm-none-eabi/lib/thumb/v7e-m/fpv4-sp/hard/libg.a(lib_a-mprec.o)
                0x0000000008011aa0                _Balloc
 .text._Bfree   0x0000000008011aec       0x14 /home/szy/gcc-arm-none-eabi-7-2017-q4-major/bin/../lib/gcc/arm-none-eabi/7.2.1/../../../../arm-none-eabi/lib/thumb/v7e-m/fpv4-sp/hard/libg.a(lib_a-mprec.o)
                0x0000000008011aec                _Bfree
 .text.__multadd
                0x0000000008011b00       0x80 /home/szy/gcc-arm-none-eabi-7-2017-q4-major/bin/../lib/gcc/arm-none-eabi/7.2.1/../../../../arm-none-eabi/lib/thumb/v7e-m/fpv4-sp/hard/libg.a(lib_a-mprec.o)
                0x0000000008011b00                __multadd
 .text.__hi0bits
                0x0000000008011b80       0x40 /home/szy/gcc-arm-none-eabi-7-2017-q4-major/bin/../lib/gcc/arm-none-eabi/7.2.1/../../../../arm-none-eabi/lib/thumb/v7e-m/fpv4-sp/hard/libg.a(lib_a-mprec.o)
                0x0000000008011b80                __hi0bits
 .text.__lo0bits
                0x0000000008011bc0       0x60 /home/szy/gcc-arm-none-eabi-7-2017-q4-major/bin/../lib/gcc/arm-none-eabi/7.2.1/../../../../arm-none-eabi/lib/thumb/v7e-m/fpv4-sp/hard/libg.a(lib_a-mprec.o)
                0x0000000008011bc0                __lo0bits
 .text.__i2b    0x0000000008011c20       0x14 /home/szy/gcc-arm-none-eabi-7-2017-q4-major/bin/../lib/gcc/arm-none-eabi/7.2.1/../../../../arm-none-eabi/lib/thumb/v7e-m/fpv4-sp/hard/libg.a(lib_a-mprec.o)
                0x0000000008011c20                __i2b
 .text.__multiply
                0x0000000008011c34      0x14c /home/szy/gcc-arm-none-eabi-7-2017-q4-major/bin/../lib/gcc/arm-none-eabi/7.2.1/../../../../arm-none-eabi/lib/thumb/v7e-m/fpv4-sp/hard/libg.a(lib_a-mprec.o)
                0x0000000008011c34                __multiply
 .text.__pow5mult
                0x0000000008011d80       0xa0 /home/szy/gcc-arm-none-eabi-7-2017-q4-major/bin/../lib/gcc/arm-none-eabi/7.2.1/../../../../arm-none-eabi/lib/thumb/v7e-m/fpv4-sp/hard/libg.a(lib_a-mprec.o)
                0x0000000008011d80                __pow5mult
 .text.__lshift
                0x0000000008011e20       0xac /home/szy/gcc-arm-none-eabi-7-2017-q4-major/bin/../lib/gcc/arm-none-eabi/7.2.1/../../../../arm-none-eabi/lib/thumb/v7e-m/fpv4-sp/hard/libg.a(lib_a-mprec.o)
                0x0000000008011e20                __lshift
 .text.__mcmp   0x0000000008011ecc       0x38 /home/szy/gcc-arm-none-eabi-7-2017-q4-major/bin/../lib/gcc/arm-none-eabi/7.2.1/../../../../arm-none-eabi/lib/thumb/v7e-m/fpv4-sp/hard/libg.a(lib_a-mprec.o)
                0x0000000008011ecc                __mcmp
 .text.__mdiff  0x0000000008011f04       0xec /home/szy/gcc-arm-none-eabi-7-2017-q4-major/bin/../lib/gcc/arm-none-eabi/7.2.1/../../../../arm-none-eabi/lib/thumb/v7e-m/fpv4-sp/hard/libg.a(lib_a-mprec.o)
                0x0000000008011f04                __mdiff
 .text.__d2b    0x0000000008011ff0       0xc4 /home/szy/gcc-arm-none-eabi-7-2017-q4-major/bin/../lib/gcc/arm-none-eabi/7.2.1/../../../../arm-none-eabi/lib/thumb/v7e-m/fpv4-sp/hard/libg.a(lib_a-mprec.o)
                0x0000000008011ff0                __d2b
 .text.__sread  0x00000000080120b4       0x24 /home/szy/gcc-arm-none-eabi-7-2017-q4-major/bin/../lib/gcc/arm-none-eabi/7.2.1/../../../../arm-none-eabi/lib/thumb/v7e-m/fpv4-sp/hard/libg.a(lib_a-stdio.o)
                0x00000000080120b4                __sread
 .text.__swrite
                0x00000000080120d8       0x3c /home/szy/gcc-arm-none-eabi-7-2017-q4-major/bin/../lib/gcc/arm-none-eabi/7.2.1/../../../../arm-none-eabi/lib/thumb/v7e-m/fpv4-sp/hard/libg.a(lib_a-stdio.o)
                0x00000000080120d8                __swrite
 .text.__sseek  0x0000000008012114       0x20 /home/szy/gcc-arm-none-eabi-7-2017-q4-major/bin/../lib/gcc/arm-none-eabi/7.2.1/../../../../arm-none-eabi/lib/thumb/v7e-m/fpv4-sp/hard/libg.a(lib_a-stdio.o)
                0x0000000008012114                __sseek
 .text.__sclose
                0x0000000008012134        0x8 /home/szy/gcc-arm-none-eabi-7-2017-q4-major/bin/../lib/gcc/arm-none-eabi/7.2.1/../../../../arm-none-eabi/lib/thumb/v7e-m/fpv4-sp/hard/libg.a(lib_a-stdio.o)
                0x0000000008012134                __sclose
 .text.__ssprint_r