Archive member included to satisfy reference by file (symbol)

d:/clion/gcc_arm/gcc-arm-11.2-2022.02-mingw-w64-i686-arm-none-eabi/gcc-arm-11.2-2022.02-mingw-w64-i686-arm-none-eabi/bin/../lib/gcc/arm-none-eabi/11.2.1/thumb/v7e-m+fp/hard\libstdc++.a(class_type_info.o)
                              CMakeFiles/balance_car.elf.dir/Components/Motor/motor.cpp.obj (_ZTVN10__cxxabiv117__class_type_infoE)
d:/clion/gcc_arm/gcc-arm-11.2-2022.02-mingw-w64-i686-arm-none-eabi/gcc-arm-11.2-2022.02-mingw-w64-i686-arm-none-eabi/bin/../lib/gcc/arm-none-eabi/11.2.1/thumb/v7e-m+fp/hard\libstdc++.a(del_ops.o)
                              CMakeFiles/balance_car.elf.dir/application/motor_task.cpp.obj (_ZdlPvj)
d:/clion/gcc_arm/gcc-arm-11.2-2022.02-mingw-w64-i686-arm-none-eabi/gcc-arm-11.2-2022.02-mingw-w64-i686-arm-none-eabi/bin/../lib/gcc/arm-none-eabi/11.2.1/thumb/v7e-m+fp/hard\libstdc++.a(eh_arm.o)
                              CMakeFiles/balance_car.elf.dir/application/motor_task.cpp.obj (__cxa_end_cleanup)
d:/clion/gcc_arm/gcc-arm-11.2-2022.02-mingw-w64-i686-arm-none-eabi/gcc-arm-11.2-2022.02-mingw-w64-i686-arm-none-eabi/bin/../lib/gcc/arm-none-eabi/11.2.1/thumb/v7e-m+fp/hard\libstdc++.a(eh_exception.o)
                              d:/clion/gcc_arm/gcc-arm-11.2-2022.02-mingw-w64-i686-arm-none-eabi/gcc-arm-11.2-2022.02-mingw-w64-i686-arm-none-eabi/bin/../lib/gcc/arm-none-eabi/11.2.1/thumb/v7e-m+fp/hard\libstdc++.a(eh_arm.o) (_ZTIN10__cxxabiv115__forced_unwindE)
d:/clion/gcc_arm/gcc-arm-11.2-2022.02-mingw-w64-i686-arm-none-eabi/gcc-arm-11.2-2022.02-mingw-w64-i686-arm-none-eabi/bin/../lib/gcc/arm-none-eabi/11.2.1/thumb/v7e-m+fp/hard\libstdc++.a(eh_globals.o)
                              d:/clion/gcc_arm/gcc-arm-11.2-2022.02-mingw-w64-i686-arm-none-eabi/gcc-arm-11.2-2022.02-mingw-w64-i686-arm-none-eabi/bin/../lib/gcc/arm-none-eabi/11.2.1/thumb/v7e-m+fp/hard\libstdc++.a(eh_arm.o) (__cxa_get_globals)
d:/clion/gcc_arm/gcc-arm-11.2-2022.02-mingw-w64-i686-arm-none-eabi/gcc-arm-11.2-2022.02-mingw-w64-i686-arm-none-eabi/bin/../lib/gcc/arm-none-eabi/11.2.1/thumb/v7e-m+fp/hard\libstdc++.a(eh_personality.o)
                              CMakeFiles/balance_car.elf.dir/application/motor_task.cpp.obj (__gxx_personality_v0)
d:/clion/gcc_arm/gcc-arm-11.2-2022.02-mingw-w64-i686-arm-none-eabi/gcc-arm-11.2-2022.02-mingw-w64-i686-arm-none-eabi/bin/../lib/gcc/arm-none-eabi/11.2.1/thumb/v7e-m+fp/hard\libstdc++.a(eh_terminate.o)
                              d:/clion/gcc_arm/gcc-arm-11.2-2022.02-mingw-w64-i686-arm-none-eabi/gcc-arm-11.2-2022.02-mingw-w64-i686-arm-none-eabi/bin/../lib/gcc/arm-none-eabi/11.2.1/thumb/v7e-m+fp/hard\libstdc++.a(eh_arm.o) (_ZSt9terminatev)
d:/clion/gcc_arm/gcc-arm-11.2-2022.02-mingw-w64-i686-arm-none-eabi/gcc-arm-11.2-2022.02-mingw-w64-i686-arm-none-eabi/bin/../lib/gcc/arm-none-eabi/11.2.1/thumb/v7e-m+fp/hard\libstdc++.a(eh_unex_handler.o)
                              d:/clion/gcc_arm/gcc-arm-11.2-2022.02-mingw-w64-i686-arm-none-eabi/gcc-arm-11.2-2022.02-mingw-w64-i686-arm-none-eabi/bin/../lib/gcc/arm-none-eabi/11.2.1/thumb/v7e-m+fp/hard\libstdc++.a(eh_terminate.o) (_ZN10__cxxabiv120__unexpected_handlerE)
d:/clion/gcc_arm/gcc-arm-11.2-2022.02-mingw-w64-i686-arm-none-eabi/gcc-arm-11.2-2022.02-mingw-w64-i686-arm-none-eabi/bin/../lib/gcc/arm-none-eabi/11.2.1/thumb/v7e-m+fp/hard\libstdc++.a(new_op.o)
                              CMakeFiles/balance_car.elf.dir/application/motor_task.cpp.obj (_Znwj)
d:/clion/gcc_arm/gcc-arm-11.2-2022.02-mingw-w64-i686-arm-none-eabi/gcc-arm-11.2-2022.02-mingw-w64-i686-arm-none-eabi/bin/../lib/gcc/arm-none-eabi/11.2.1/thumb/v7e-m+fp/hard\libstdc++.a(si_class_type_info.o)
                              CMakeFiles/balance_car.elf.dir/Components/Motor/M2006.cpp.obj (_ZTVN10__cxxabiv120__si_class_type_infoE)
d:/clion/gcc_arm/gcc-arm-11.2-2022.02-mingw-w64-i686-arm-none-eabi/gcc-arm-11.2-2022.02-mingw-w64-i686-arm-none-eabi/bin/../lib/gcc/arm-none-eabi/11.2.1/thumb/v7e-m+fp/hard\libstdc++.a(tinfo.o)
                              d:/clion/gcc_arm/gcc-arm-11.2-2022.02-mingw-w64-i686-arm-none-eabi/gcc-arm-11.2-2022.02-mingw-w64-i686-arm-none-eabi/bin/../lib/gcc/arm-none-eabi/11.2.1/thumb/v7e-m+fp/hard\libstdc++.a(class_type_info.o) (_ZNSt9type_infoD2Ev)
d:/clion/gcc_arm/gcc-arm-11.2-2022.02-mingw-w64-i686-arm-none-eabi/gcc-arm-11.2-2022.02-mingw-w64-i686-arm-none-eabi/bin/../lib/gcc/arm-none-eabi/11.2.1/thumb/v7e-m+fp/hard\libstdc++.a(vterminate.o)
                              d:/clion/gcc_arm/gcc-arm-11.2-2022.02-mingw-w64-i686-arm-none-eabi/gcc-arm-11.2-2022.02-mingw-w64-i686-arm-none-eabi/bin/../lib/gcc/arm-none-eabi/11.2.1/thumb/v7e-m+fp/hard\libstdc++.a(eh_terminate.o) (_ZN9__gnu_cxx27__verbose_terminate_handlerEv)
d:/clion/gcc_arm/gcc-arm-11.2-2022.02-mingw-w64-i686-arm-none-eabi/gcc-arm-11.2-2022.02-mingw-w64-i686-arm-none-eabi/bin/../lib/gcc/arm-none-eabi/11.2.1/thumb/v7e-m+fp/hard\libstdc++.a(bad_alloc.o)
[...]
Memory Configuration

Name             Origin             Length             Attributes
RAM              0x20000000         0x00020000         xrw
CCMRAM           0x10000000         0x00010000         xrw
FLASH            0x08000000         0x00100000         xr
*default*        0x00000000         0xffffffff

Linker script and memory map

LOAD d:/clion/gcc_arm/gcc-arm-11.2-2022.02-mingw-w64-i686-arm-none-eabi/gcc-arm-11.2-2022.02-mingw-w64-i686-arm-none-eabi/bin/../lib/gcc/arm-none-eabi/11.2.1/thumb/v7e-m+fp/hard/crti.o
LOAD d:/clion/gcc_arm/gcc-arm-11.2-2022.02-mingw-w64-i686-arm-none-eabi/gcc-arm-11.2-2022.02-mingw-w64-i686-arm-none-eabi/bin/../lib/gcc/arm-none-eabi/11.2.1/thumb/v7e-m+fp/hard/crtbegin.o
LOAD d:/clion/gcc_arm/gcc-arm-11.2-2022.02-mingw-w64-i686-arm-none-eabi/gcc-arm-11.2-2022.02-mingw-w64-i686-arm-none-eabi/bin/../lib/gcc/arm-none-eabi/11.2.1/thumb/v7e-m+fp/hard/crt0.o
LOAD CMakeFiles/balance_car.elf.dir/Core/Src/can.c.obj
LOAD CMakeFiles/balance_car.elf.dir/Core/Src/freertos.c.obj
LOAD CMakeFiles/balance_car.elf.dir/Core/Src/gpio.c.obj
LOAD CMakeFiles/balance_car.elf.dir/Core/Src/i2c.c.obj
LOAD CMakeFiles/balance_car.elf.dir/Core/Src/main.c.obj
LOAD CMakeFiles/balance_car.elf.dir/Core/Src/spi.c.obj
LOAD CMakeFiles/balance_car.elf.dir/Core/Src/stm32f4xx_hal_msp.c.obj
LOAD CMakeFiles/balance_car.elf.dir/Core/Src/stm32f4xx_it.c.obj
LOAD CMakeFiles/balance_car.elf.dir/Core/Src/syscalls.c.obj
LOAD CMakeFiles/balance_car.elf.dir/Core/Src/system_stm32f4xx.c.obj
LOAD CMakeFiles/balance_car.elf.dir/Core/Src/tim.c.obj
LOAD CMakeFiles/balance_car.elf.dir/Drivers/STM32F4xx_HAL_Driver/Src/stm32f4xx_hal.c.obj
LOAD CMakeFiles/balance_car.elf.dir/Drivers/STM32F4xx_HAL_Driver/Src/stm32f4xx_hal_can.c.obj
LOAD CMakeFiles/balance_car.elf.dir/Drivers/STM32F4xx_HAL_Driver/Src/stm32f4xx_hal_cortex.c.obj
LOAD CMakeFiles/balance_car.elf.dir/Drivers/STM32F4xx_HAL_Driver/Src/stm32f4xx_hal_dma.c.obj
LOAD CMakeFiles/balance_car.elf.dir/Drivers/STM32F4xx_HAL_Driver/Src/stm32f4xx_hal_dma_ex.c.obj
LOAD CMakeFiles/balance_car.elf.dir/Drivers/STM32F4xx_HAL_Driver/Src/stm32f4xx_hal_exti.c.obj
LOAD CMakeFiles/balance_car.elf.dir/Drivers/STM32F4xx_HAL_Driver/Src/stm32f4xx_hal_flash.c.obj
LOAD CMakeFiles/balance_car.elf.dir/Drivers/STM32F4xx_HAL_Driver/Src/stm32f4xx_hal_flash_ex.c.obj
LOAD CMakeFiles/balance_car.elf.dir/Drivers/STM32F4xx_HAL_Driver/Src/stm32f4xx_hal_flash_ramfunc.c.obj
LOAD CMakeFiles/balance_car.elf.dir/Drivers/STM32F4xx_HAL_Driver/Src/stm32f4xx_hal_gpio.c.obj
LOAD CMakeFiles/balance_car.elf.dir/Drivers/STM32F4xx_HAL_Driver/Src/stm32f4xx_hal_i2c.c.obj
LOAD CMakeFiles/balance_car.elf.dir/Drivers/STM32F4xx_HAL_Driver/Src/stm32f4xx_hal_i2c_ex.c.obj
LOAD CMakeFiles/balance_car.elf.dir/Drivers/STM32F4xx_HAL_Driver/Src/stm32f4xx_hal_pwr.c.obj
LOAD CMakeFiles/balance_car.elf.dir/Drivers/STM32F4xx_HAL_Driver/Src/stm32f4xx_hal_pwr_ex.c.obj
LOAD CMakeFiles/balance_car.elf.dir/Drivers/STM32F4xx_HAL_Driver/Src/stm32f4xx_hal_rcc.c.obj
LOAD CMakeFiles/balance_car.elf.dir/Drivers/STM32F4xx_HAL_Driver/Src/stm32f4xx_hal_rcc_ex.c.obj
LOAD CMakeFiles/balance_car.elf.dir/Drivers/STM32F4xx_HAL_Driver/Src/stm32f4xx_hal_spi.c.obj
LOAD CMakeFiles/balance_car.elf.dir/Drivers/STM32F4xx_HAL_Driver/Src/stm32f4xx_hal_tim.c.obj
LOAD CMakeFiles/balance_car.elf.dir/Drivers/STM32F4xx_HAL_Driver/Src/stm32f4xx_hal_tim_ex.c.obj
LOAD CMakeFiles/balance_car.elf.dir/Middlewares/Third_Party/FreeRTOS/Source/CMSIS_RTOS/cmsis_os.c.obj
LOAD CMakeFiles/balance_car.elf.dir/Middlewares/Third_Party/FreeRTOS/Source/croutine.c.obj
LOAD CMakeFiles/balance_car.elf.dir/Middlewares/Third_Party/FreeRTOS/Source/event_groups.c.obj
LOAD CMakeFiles/balance_car.elf.dir/Middlewares/Third_Party/FreeRTOS/Source/list.c.obj
LOAD CMakeFiles/balance_car.elf.dir/Middlewares/Third_Party/FreeRTOS/Source/portable/GCC/ARM_CM4F/port.c.obj
LOAD CMakeFiles/balance_car.elf.dir/Middlewares/Third_Party/FreeRTOS/Source/portable/MemMang/heap_4.c.obj
LOAD CMakeFiles/balance_car.elf.dir/Middlewares/Third_Party/FreeRTOS/Source/queue.c.obj
LOAD CMakeFiles/balance_car.elf.dir/Middlewares/Third_Party/FreeRTOS/Source/stream_buffer.c.obj
LOAD CMakeFiles/balance_car.elf.dir/Middlewares/Third_Party/FreeRTOS/Source/tasks.c.obj
LOAD CMakeFiles/balance_car.elf.dir/Middlewares/Third_Party/FreeRTOS/Source/timers.c.obj
LOAD CMakeFiles/balance_car.elf.dir/startup/startup_stm32f407xx.s.obj
LOAD CMakeFiles/balance_car.elf.dir/application/motor_task.cpp.obj
LOAD CMakeFiles/balance_car.elf.dir/application/ins_task.cpp.obj
LOAD CMakeFiles/balance_car.elf.dir/application/init_task.cpp.obj
LOAD CMakeFiles/balance_car.elf.dir/Components/Motor/motor.cpp.obj
LOAD CMakeFiles/balance_car.elf.dir/Components/Motor/M2006.cpp.obj
LOAD CMakeFiles/balance_car.elf.dir/Components/Math/pid.cpp.obj
LOAD CMakeFiles/balance_car.elf.dir/Components/Math/MahonyAHRS.c.obj
LOAD CMakeFiles/balance_car.elf.dir/Components/Support/canRxCallback.cpp.obj
LOAD CMakeFiles/balance_car.elf.dir/Components/BMI088/BMI088Driver.c.obj
LOAD CMakeFiles/balance_car.elf.dir/Components/BMI088/bsp_imu_pwm.c.obj
LOAD CMakeFiles/balance_car.elf.dir/Components/BMI088/BMI088Middleware.c.obj
LOAD CMakeFiles/balance_car.elf.dir/Components/IST8310/ist8310driver.c.obj
LOAD CMakeFiles/balance_car.elf.dir/Components/IST8310/ist8310driver_middleware.c.obj
LOAD d:/clion/gcc_arm/gcc-arm-11.2-2022.02-mingw-w64-i686-arm-none-eabi/gcc-arm-11.2-2022.02-mingw-w64-i686-arm-none-eabi/bin/../lib/gcc/arm-none-eabi/11.2.1/thumb/v7e-m+fp/hard\libstdc++.a
LOAD d:/clion/gcc_arm/gcc-arm-11.2-2022.02-mingw-w64-i686-arm-none-eabi/gcc-arm-11.2-2022.02-mingw-w64-i686-arm-none-eabi/bin/../lib/gcc/arm-none-eabi/11.2.1/thumb/v7e-m+fp/hard\libm.a
START GROUP
LOAD d:/clion/gcc_arm/gcc-arm-11.2-2022.02-mingw-w64-i686-arm-none-eabi/gcc-arm-11.2-2022.02-mingw-w64-i686-arm-none-eabi/bin/../lib/gcc/arm-none-eabi/11.2.1/thumb/v7e-m+fp/hard\libgcc.a
LOAD d:/clion/gcc_arm/gcc-arm-11.2-2022.02-mingw-w64-i686-arm-none-eabi/gcc-arm-11.2-2022.02-mingw-w64-i686-arm-none-eabi/bin/../lib/gcc/arm-none-eabi/11.2.1/thumb/v7e-m+fp/hard\libg.a
LOAD d:/clion/gcc_arm/gcc-arm-11.2-2022.02-mingw-w64-i686-arm-none-eabi/gcc-arm-11.2-2022.02-mingw-w64-i686-arm-none-eabi/bin/../lib/gcc/arm-none-eabi/11.2.1/thumb/v7e-m+fp/hard\libc.a
END GROUP
LOAD d:/clion/gcc_arm/gcc-arm-11.2-2022.02-mingw-w64-i686-arm-none-eabi/gcc-arm-11.2-2022.02-mingw-w64-i686-arm-none-eabi/bin/../lib/gcc/arm-none-eabi/11.2.1/thumb/v7e-m+fp/hard/crtend.o
LOAD d:/clion/gcc_arm/gcc-arm-11.2-2022.02-mingw-w64-i686-arm-none-eabi/gcc-arm-11.2-2022.02-mingw-w64-i686-arm-none-eabi/bin/../lib/gcc/arm-none-eabi/11.2.1/thumb/v7e-m+fp/hard/crtn.o
                0x20020000                _estack = 0x20020000
                0x00000200                _Min_Heap_Size = 0x200
                0x00000400                _Min_Stack_Size = 0x400

.isr_vector     0x08000000      0x188
                0x08000000                . = ALIGN (0x4)
 *(.isr_vector)
 .isr_vector    0x08000000      0x188 CMakeFiles/balance_car.elf.dir/startup/startup_stm32f407xx.s.obj
                0x08000000                g_pfnVectors
                0x08000188                . = ALIGN (0x4)

.text           0x080001c0    0x14bb4
                0x080001c0                . = ALIGN (0x4)
 *(.text)
 .text          0x080001c0      0x378 d:/clion/gcc_arm/gcc-arm-11.2-2022.02-mingw-w64-i686-arm-none-eabi/gcc-arm-11.2-2022.02-mingw-w64-i686-arm-none-eabi/bin/../lib/gcc/arm-none-eabi/11.2.1/thumb/v7e-m+fp/hard\libgcc.a(_arm_addsubdf3.o)
                0x080001c0                __aeabi_drsub
                0x080001c8                __aeabi_dsub
                0x080001c8                __subdf3
                0x080001cc                __aeabi_dadd
                0x080001cc                __adddf3
                0x08000444                __floatunsidf
                0x08000444                __aeabi_ui2d
                0x08000464                __floatsidf
                0x08000464                __aeabi_i2d
                0x08000488                __aeabi_f2d
                0x08000488                __extendsfdf2
                0x080004cc                __floatundidf
                0x080004cc                __aeabi_ul2d
                0x080004dc                __floatdidf
                0x080004dc                __aeabi_l2d
 .text          0x08000538      0x424 d:/clion/gcc_arm/gcc-arm-11.2-2022.02-mingw-w64-i686-arm-none-eabi/gcc-arm-11.2-2022.02-mingw-w64-i686-arm-none-eabi/bin/../lib/gcc/arm-none-eabi/11.2.1/thumb/v7e-m+fp/hard\libgcc.a(_arm_muldivdf3.o)
                0x08000538                __aeabi_dmul
                0x08000538                __muldf3
                0x0800078c                __divdf3
                0x0800078c                __aeabi_ddiv
 .text          0x0800095c      0x110 d:/clion/gcc_arm/gcc-arm-11.2-2022.02-mingw-w64-i686-arm-none-eabi/gcc-arm-11.2-2022.02-mingw-w64-i686-arm-none-eabi/bin/../lib/gcc/arm-none-eabi/11.2.1/thumb/v7e-m+fp/hard\libgcc.a(_arm_cmpdf2.o)
                0x0800095c                __gtdf2
                0x0800095c                __gedf2
                0x08000964                __ltdf2
                0x08000964                __ledf2
                0x0800096c                __nedf2
                0x0800096c                __eqdf2
                0x0800096c                __cmpdf2
                0x080009e8                __aeabi_cdrcmple
                0x080009f8                __aeabi_cdcmpeq
                0x080009f8                __aeabi_cdcmple
                0x08000a08                __aeabi_dcmpeq
                0x08000a1c                __aeabi_dcmplt
                0x08000a30                __aeabi_dcmple
                0x08000a44                __aeabi_dcmpge
                0x08000a58                __aeabi_dcmpgt
 .text          0x08000a6c       0x2c d:/clion/gcc_arm/gcc-arm-11.2-2022.02-mingw-w64-i686-arm-none-eabi/gcc-arm-11.2-2022.02-mingw-w64-i686-arm-none-eabi/bin/../lib/gcc/arm-none-eabi/11.2.1/thumb/v7e-m+fp/hard\libgcc.a(_arm_unorddf2.o)
                0x08000a6c                __unorddf2
                0x08000a6c                __aeabi_dcmpun
 .text          0x08000a98       0xa0 d:/clion/gcc_arm/gcc-arm-11.2-2022.02-mingw-w64-i686-arm-none-eabi/gcc-arm-11.2-2022.02-mingw-w64-i686-arm-none-eabi/bin/../lib/gcc/arm-none-eabi/11.2.1/thumb/v7e-m+fp/hard\libgcc.a(_arm_truncdfsf2.o)
                0x08000a98                __truncdfsf2
                0x08000a98                __aeabi_d2f
 .text          0x08000b38       0x30 d:/clion/gcc_arm/gcc-arm-11.2-2022.02-mingw-w64-i686-arm-none-eabi/gcc-arm-11.2-2022.02-mingw-w64-i686-arm-none-eabi/bin/../lib/gcc/arm-none-eabi/11.2.1/thumb/v7e-m+fp/hard\libgcc.a(_aeabi_uldivmod.o)
                0x08000b38                __aeabi_uldivmod
 .text          0x08000b68      0x1ac d:/clion/gcc_arm/gcc-arm-11.2-2022.02-mingw-w64-i686-arm-none-eabi/gcc-arm-11.2-2022.02-mingw-w64-i686-arm-none-eabi/bin/../lib/gcc/arm-none-eabi/11.2.1/thumb/v7e-m+fp/hard\libgcc.a(libunwind.o)
                0x08000b68                __restore_core_regs
                0x08000b68                restore_core_regs
                0x08000b80                __gnu_Unwind_Restore_VFP
                0x08000b88                __gnu_Unwind_Save_VFP
                0x08000b90                __gnu_Unwind_Restore_VFP_D
                0x08000b98                __gnu_Unwind_Save_VFP_D
                0x08000ba0                __gnu_Unwind_Restore_VFP_D_16_to_31
                0x08000ba8                __gnu_Unwind_Save_VFP_D_16_to_31
                0x08000bb0                __gnu_Unwind_Restore_WMMXD
                0x08000bf4                __gnu_Unwind_Save_WMMXD
                0x08000c38                __gnu_Unwind_Restore_WMMXC
                0x08000c4c                __gnu_Unwind_Save_WMMXC
                0x08000c60                ___Unwind_RaiseException
                0x08000c60                _Unwind_RaiseException
                0x08000c84                _Unwind_Resume
                0x08000c84                ___Unwind_Resume
                0x08000ca8                _Unwind_Resume_or_Rethrow
                0x08000ca8                ___Unwind_Resume_or_Rethrow
                0x08000ccc                _Unwind_ForcedUnwind
                0x08000ccc                ___Unwind_ForcedUnwind
                0x08000cf0                ___Unwind_Backtrace
                0x08000cf0                _Unwind_Backtrace
 .text          0x08000d14        0x4 d:/clion/gcc_arm/gcc-arm-11.2-2022.02-mingw-w64-i686-arm-none-eabi/gcc-arm-11.2-2022.02-mingw-w64-i686-arm-none-eabi/bin/../lib/gcc/arm-none-eabi/11.2.1/thumb/v7e-m+fp/hard\libgcc.a(_dvmd_tls.o)
                0x08000d14                __aeabi_idiv0
                0x08000d14                __aeabi_ldiv0
 *fill*         0x08000d18        0x8 
 .text          0x08000d20       0xa0 d:/clion/gcc_arm/gcc-arm-11.2-2022.02-mingw-w64-i686-arm-none-eabi/gcc-arm-11.2-2022.02-mingw-w64-i686-arm-none-eabi/bin/../lib/gcc/arm-none-eabi/11.2.1/thumb/v7e-m+fp/hard\libg.a(lib_a-memchr.o)
                0x08000d20                memchr
 .text          0x08000dc0      0x134 d:/clion/gcc_arm/gcc-arm-11.2-2022.02-mingw-w64-i686-arm-none-eabi/gcc-arm-11.2-2022.02-mingw-w64-i686-arm-none-eabi/bin/../lib/gcc/arm-none-eabi/11.2.1/thumb/v7e-m+fp/hard\libg.a(lib_a-memcpy.o)
                0x08000dc0                memcpy
 *fill*         0x08000ef4        0xc 
 .text          0x08000f00      0x2dc d:/clion/gcc_arm/gcc-arm-11.2-2022.02-mingw-w64-i686-arm-none-eabi/gcc-arm-11.2-2022.02-mingw-w64-i686-arm-none-eabi/bin/../lib/gcc/arm-none-eabi/11.2.1/thumb/v7e-m+fp/hard\libg.a(lib_a-strcmp.o)
                0x08000f08                strcmp
 *fill*         0x080011dc       0x24 
 .text          0x08001200       0xdc d:/clion/gcc_arm/gcc-arm-11.2-2022.02-mingw-w64-i686-arm-none-eabi/gcc-arm-11.2-2022.02-mingw-w64-i686-arm-none-eabi/bin/../lib/gcc/arm-none-eabi/11.2.1/thumb/v7e-m+fp/hard\libg.a(lib_a-strlen.o)
                0x08001200                strlen
 .text          0x080012dc       0x50 d:/clion/gcc_arm/gcc-arm-11.2-2022.02-mingw-w64-i686-arm-none-eabi/gcc-arm-11.2-2022.02-mingw-w64-i686-arm-none-eabi/bin/../lib/gcc/arm-none-eabi/11.2.1/thumb/v7e-m+fp/hard\libgcc.a(_arm_fixdfsi.o)
                0x080012dc                __aeabi_d2iz
                0x080012dc                __fixdfsi
 *(.text*)
 .text.deregister_tm_clones
                0x0800132c       0x1c d:/clion/gcc_arm/gcc-arm-11.2-2022.02-mingw-w64-i686-arm-none-eabi/gcc-arm-11.2-2022.02-mingw-w64-i686-arm-none-eabi/bin/../lib/gcc/arm-none-eabi/11.2.1/thumb/v7e-m+fp/hard/crtbegin.o
 .text.register_tm_clones
                0x08001348       0x24 d:/clion/gcc_arm/gcc-arm-11.2-2022.02-mingw-w64-i686-arm-none-eabi/gcc-arm-11.2-2022.02-mingw-w64-i686-arm-none-eabi/bin/../lib/gcc/arm-none-eabi/11.2.1/thumb/v7e-m+fp/hard/crtbegin.o
 .text.__do_global_dtors_aux
                0x0800136c       0x28 d:/clion/gcc_arm/gcc-arm-11.2-2022.02-mingw-w64-i686-arm-none-eabi/gcc-arm-11.2-2022.02-mingw-w64-i686-arm-none-eabi/bin/../lib/gcc/arm-none-eabi/11.2.1/thumb/v7e-m+fp/hard/crtbegin.o
 .text.frame_dummy
                0x08001394       0x24 d:/clion/gcc_arm/gcc-arm-11.2-2022.02-mingw-w64-i686-arm-none-eabi/gcc-arm-11.2-2022.02-mingw-w64-i686-arm-none-eabi/bin/../lib/gcc/arm-none-eabi/11.2.1/thumb/v7e-m+fp/hard/crtbegin.o
 .text.MX_CAN1_Init
                0x080013b8       0x40 CMakeFiles/balance_car.elf.dir/Core/Src/can.c.obj
                0x080013b8                MX_CAN1_Init
 .text.HAL_CAN_MspInit
                0x080013f8       0x7c CMakeFiles/balance_car.elf.dir/Core/Src/can.c.obj
                0x080013f8                HAL_CAN_MspInit
 .text.CAN_Filter_Init
                0x08001474       0x50 CMakeFiles/balance_car.elf.dir/Core/Src/can.c.obj
                0x08001474                CAN_Filter_Init
 .text.HAL_CAN_Transmit
                0x080014c4       0x26 CMakeFiles/balance_car.elf.dir/Core/Src/can.c.obj
                0x080014c4                HAL_CAN_Transmit
 .text.StartDefaultTask
                0x080014ea        0xa CMakeFiles/balance_car.elf.dir/Core/Src/freertos.c.obj
                0x080014ea                StartDefaultTask
 .text.vApplicationGetIdleTaskMemory
                0x080014f4       0x18 CMakeFiles/balance_car.elf.dir/Core/Src/freertos.c.obj
                0x080014f4                vApplicationGetIdleTaskMemory
 .text.MX_FREERTOS_Init
                0x0800150c       0x5c CMakeFiles/balance_car.elf.dir/Core/Src/freertos.c.obj
                0x0800150c                MX_FREERTOS_Init
 .text.MX_GPIO_Init
                0x08001568      0x198 CMakeFiles/balance_car.elf.dir/Core/Src/gpio.c.obj
                0x08001568                MX_GPIO_Init
 .text.MX_I2C3_Init
                0x08001700       0x3c CMakeFiles/balance_car.elf.dir/Core/Src/i2c.c.obj
                0x08001700                MX_I2C3_Init
 .text.HAL_I2C_MspInit
                0x0800173c       0xa8 CMakeFiles/balance_car.elf.dir/Core/Src/i2c.c.obj
                0x0800173c                HAL_I2C_MspInit
 .text.Error_Handler
                0x080017e4        0x4 CMakeFiles/balance_car.elf.dir/Core/Src/main.c.obj
                0x080017e4                Error_Handler
 .text.SystemClock_Config
                0x080017e8       0xa8 CMakeFiles/balance_car.elf.dir/Core/Src/main.c.obj
                0x080017e8                SystemClock_Config
 .text.main     0x08001890       0x2c CMakeFiles/balance_car.elf.dir/Core/Src/main.c.obj
                0x08001890                main
 .text.MX_SPI1_Init
                0x080018bc       0x48 CMakeFiles/balance_car.elf.dir/Core/Src/spi.c.obj
                0x080018bc                MX_SPI1_Init
 .text.HAL_SPI_MspInit
                0x08001904       0x98 CMakeFiles/balance_car.elf.dir/Core/Src/spi.c.obj
                0x08001904                HAL_SPI_MspInit
 .text.HAL_MspInit
                0x0800199c       0x44 CMakeFiles/balance_car.elf.dir/Core/Src/stm32f4xx_hal_msp.c.obj
                0x0800199c                HAL_MspInit
 .text.NMI_Handler
                0x080019e0        0x2 CMakeFiles/balance_car.elf.dir/Core/Src/stm32f4xx_it.c.obj
                0x080019e0                NMI_Handler
 .text.HardFault_Handler
                0x080019e2        0x2 CMakeFiles/balance_car.elf.dir/Core/Src/stm32f4xx_it.c.obj
                0x080019e2                HardFault_Handler
 .text.MemManage_Handler
                0x080019e4        0x2 CMakeFiles/balance_car.elf.dir/Core/Src/stm32f4xx_it.c.obj
                0x080019e4                MemManage_Handler
 .text.BusFault_Handler
                0x080019e6        0x2 CMakeFiles/balance_car.elf.dir/Core/Src/stm32f4xx_it.c.obj
                0x080019e6                BusFault_Handler
 .text.UsageFault_Handler
                0x080019e8        0x2 CMakeFiles/balance_car.elf.dir/Core/Src/stm32f4xx_it.c.obj
                0x080019e8                UsageFault_Handler
 .text.DebugMon_Handler
                0x080019ea        0x2 CMakeFiles/balance_car.elf.dir/Core/Src/stm32f4xx_it.c.obj
                0x080019ea                DebugMon_Handler
 .text.SysTick_Handler
                0x080019ec       0x16 CMakeFiles/balance_car.elf.dir/Core/Src/stm32f4xx_it.c.obj
                0x080019ec                SysTick_Handler
 .text.EXTI3_IRQHandler
                0x08001a02        0xa CMakeFiles/balance_car.elf.dir/Core/Src/stm32f4xx_it.c.obj
                0x08001a02                EXTI3_IRQHandler
 .text.EXTI4_IRQHandler
                0x08001a0c        0xa CMakeFiles/balance_car.elf.dir/Core/Src/stm32f4xx_it.c.obj
                0x08001a0c                EXTI4_IRQHandler
 *fill*         0x08001a16        0x2 
 .text.CAN1_RX0_IRQHandler
                0x08001a18       0x10 CMakeFiles/balance_car.elf.dir/Core/Src/stm32f4xx_it.c.obj
                0x08001a18                CAN1_RX0_IRQHandler
 .text.EXTI9_5_IRQHandler
                0x08001a28        0xa CMakeFiles/balance_car.elf.dir/Core/Src/stm32f4xx_it.c.obj
                0x08001a28                EXTI9_5_IRQHandler
 .text._getpid  0x08001a32        0x4 CMakeFiles/balance_car.elf.dir/Core/Src/syscalls.c.obj
                0x08001a32                _getpid
 .text._kill    0x08001a36       0x10 CMakeFiles/balance_car.elf.dir/Core/Src/syscalls.c.obj
                0x08001a36                _kill
 .text._exit    0x08001a46        0xc CMakeFiles/balance_car.elf.dir/Core/Src/syscalls.c.obj
                0x08001a46                _exit
 .text._read    0x08001a52       0x20 CMakeFiles/balance_car.elf.dir/Core/Src/syscalls.c.obj
                0x08001a52                _read
 .text._write   0x08001a72       0x1c CMakeFiles/balance_car.elf.dir/Core/Src/syscalls.c.obj
                0x08001a72                _write
 *fill*         0x08001a8e        0x2 
 .text._sbrk    0x08001a90       0x3c CMakeFiles/balance_car.elf.dir/Core/Src/syscalls.c.obj
                0x08001a90                _sbrk
 .text._close   0x08001acc        0x6 CMakeFiles/balance_car.elf.dir/Core/Src/syscalls.c.obj
                0x08001acc                _close
 .text._fstat   0x08001ad2        0xa CMakeFiles/balance_car.elf.dir/Core/Src/syscalls.c.obj
                0x08001ad2                _fstat
 .text._isatty  0x08001adc        0x4 CMakeFiles/balance_car.elf.dir/Core/Src/syscalls.c.obj
                0x08001adc                _isatty
 .text._lseek   0x08001ae0        0x4 CMakeFiles/balance_car.elf.dir/Core/Src/syscalls.c.obj
                0x08001ae0                _lseek
 .text.SystemInit
                0x08001ae4       0x14 CMakeFiles/balance_car.elf.dir/Core/Src/system_stm32f4xx.c.obj
                0x08001ae4                SystemInit
 .text.HAL_TIM_Base_MspInit
                0x08001af8       0x30 CMakeFiles/balance_car.elf.dir/Core/Src/tim.c.obj
                0x08001af8                HAL_TIM_Base_MspInit
 .text.HAL_TIM_MspPostInit
                0x08001b28       0x58 CMakeFiles/balance_car.elf.dir/Core/Src/tim.c.obj
                0x08001b28                HAL_TIM_MspPostInit
 .text.MX_TIM10_Init
                0x08001b80       0x74 CMakeFiles/balance_car.elf.dir/Core/Src/tim.c.obj
                0x08001b80                MX_TIM10_Init
 .text.HAL_InitTick
                0x08001bf4       0x4c CMakeFiles/balance_car.elf.dir/Drivers/STM32F4xx_HAL_Driver/Src/stm32f4xx_hal.c.obj
                0x08001bf4                HAL_InitTick
 .text.HAL_Init
                0x08001c40       0x34 CMakeFiles/balance_car.elf.dir/Drivers/STM32F4xx_HAL_Driver/Src/stm32f4xx_hal.c.obj
                0x08001c40                HAL_Init
 .text.HAL_IncTick
                0x08001c74       0x18 CMakeFiles/balance_car.elf.dir/Drivers/STM32F4xx_HAL_Driver/Src/stm32f4xx_hal.c.obj
                0x08001c74                HAL_IncTick
 .text.HAL_GetTick
                0x08001c8c        0xc CMakeFiles/balance_car.elf.dir/Drivers/STM32F4xx_HAL_Driver/Src/stm32f4xx_hal.c.obj
                0x08001c8c                HAL_GetTick
 .text.HAL_CAN_Init
                0x08001c98      0x14c CMakeFiles/balance_car.elf.dir/Drivers/STM32F4xx_HAL_Driver/Src/stm32f4xx_hal_can.c.obj
                0x08001c98                HAL_CAN_Init
 .text.HAL_CAN_ConfigFilter
                0x08001de4      0x138 CMakeFiles/balance_car.elf.dir/Drivers/STM32F4xx_HAL_Driver/Src/stm32f4xx_hal_can.c.obj
                0x08001de4                HAL_CAN_ConfigFilter
 .text.HAL_CAN_Start
                0x08001f1c       0x5c CMakeFiles/balance_car.elf.dir/Drivers/STM32F4xx_HAL_Driver/Src/stm32f4xx_hal_can.c.obj
                0x08001f1c                HAL_CAN_Start
 .text.HAL_CAN_AddTxMessage
                0x08001f78       0xfc CMakeFiles/balance_car.elf.dir/Drivers/STM32F4xx_HAL_Driver/Src/stm32f4xx_hal_can.c.obj
                0x08001f78                HAL_CAN_AddTxMessage
 .text.HAL_CAN_GetRxMessage
                0x08002074      0x14a CMakeFiles/balance_car.elf.dir/Drivers/STM32F4xx_HAL_Driver/Src/stm32f4xx_hal_can.c.obj
                0x08002074                HAL_CAN_GetRxMessage
 .text.HAL_CAN_ActivateNotification
                0x080021be       0x24 CMakeFiles/balance_car.elf.dir/Drivers/STM32F4xx_HAL_Driver/Src/stm32f4xx_hal_can.c.obj
                0x080021be                HAL_CAN_ActivateNotification
 .text.HAL_CAN_TxMailbox0CompleteCallback
                0x080021e2        0x2 CMakeFiles/balance_car.elf.dir/Drivers/STM32F4xx_HAL_Driver/Src/stm32f4xx_hal_can.c.obj
                0x080021e2                HAL_CAN_TxMailbox0CompleteCallback
 .text.HAL_CAN_TxMailbox1CompleteCallback
                0x080021e4        0x2 CMakeFiles/balance_car.elf.dir/Drivers/STM32F4xx_HAL_Driver/Src/stm32f4xx_hal_can.c.obj
                0x080021e4                HAL_CAN_TxMailbox1CompleteCallback
 .text.HAL_CAN_TxMailbox2CompleteCallback
                0x080021e6        0x2 CMakeFiles/balance_car.elf.dir/Drivers/STM32F4xx_HAL_Driver/Src/stm32f4xx_hal_can.c.obj
                0x080021e6                HAL_CAN_TxMailbox2CompleteCallback
 .text.HAL_CAN_TxMailbox0AbortCallback
                0x080021e8        0x2 CMakeFiles/balance_car.elf.dir/Drivers/STM32F4xx_HAL_Driver/Src/stm32f4xx_hal_can.c.obj
                0x080021e8                HAL_CAN_TxMailbox0AbortCallback
 .text.HAL_CAN_TxMailbox1AbortCallback
                0x080021ea        0x2 CMakeFiles/balance_car.elf.dir/Drivers/STM32F4xx_HAL_Driver/Src/stm32f4xx_hal_can.c.obj
                0x080021ea                HAL_CAN_TxMailbox1AbortCallback
 .text.HAL_CAN_TxMailbox2AbortCallback
                0x080021ec        0x2 CMakeFiles/balance_car.elf.dir/Drivers/STM32F4xx_HAL_Driver/Src/stm32f4xx_hal_can.c.obj
                0x080021ec                HAL_CAN_TxMailbox2AbortCallback
 .text.HAL_CAN_RxFifo1MsgPendingCallback
                0x080021ee        0x2 CMakeFiles/balance_car.elf.dir/Drivers/STM32F4xx_HAL_Driver/Src/stm32f4xx_hal_can.c.obj
                0x080021ee                HAL_CAN_RxFifo1MsgPendingCallback
 .text.HAL_CAN_RxFifo1FullCallback
                0x080021f0        0x2 CMakeFiles/balance_car.elf.dir/Drivers/STM32F4xx_HAL_Driver/Src/stm32f4xx_hal_can.c.obj
                0x080021f0                HAL_CAN_RxFifo1FullCallback
 .text.HAL_CAN_SleepCallback
                0x080021f2        0x2 CMakeFiles/balance_car.elf.dir/Drivers/STM32F4xx_HAL_Driver/Src/stm32f4xx_hal_can.c.obj
                0x080021f2                HAL_CAN_SleepCallback
 .text.HAL_CAN_WakeUpFromRxMsgCallback
                0x080021f4        0x2 CMakeFiles/balance_car.elf.dir/Drivers/STM32F4xx_HAL_Driver/Src/stm32f4xx_hal_can.c.obj
                0x080021f4                HAL_CAN_WakeUpFromRxMsgCallback
 .text.HAL_CAN_IRQHandler
                0x080021f6      0x24a CMakeFiles/balance_car.elf.dir/Drivers/STM32F4xx_HAL_Driver/Src/stm32f4xx_hal_can.c.obj
                0x080021f6                HAL_CAN_IRQHandler
 .text.HAL_CAN_ResetError
                0x08002440       0x20 CMakeFiles/balance_car.elf.dir/Drivers/STM32F4xx_HAL_Driver/Src/stm32f4xx_hal_can.c.obj
                0x08002440                HAL_CAN_ResetError
 .text.HAL_NVIC_SetPriorityGrouping
                0x08002460       0x24 CMakeFiles/balance_car.elf.dir/Drivers/STM32F4xx_HAL_Driver/Src/stm32f4xx_hal_cortex.c.obj
                0x08002460                HAL_NVIC_SetPriorityGrouping
 .text.HAL_NVIC_SetPriority
                0x08002484       0x70 CMakeFiles/balance_car.elf.dir/Drivers/STM32F4xx_HAL_Driver/Src/stm32f4xx_hal_cortex.c.obj
                0x08002484                HAL_NVIC_SetPriority
 .text.HAL_NVIC_EnableIRQ
                0x080024f4       0x1c CMakeFiles/balance_car.elf.dir/Drivers/STM32F4xx_HAL_Driver/Src/stm32f4xx_hal_cortex.c.obj
                0x080024f4                HAL_NVIC_EnableIRQ
 .text.HAL_SYSTICK_Config
                0x08002510       0x28 CMakeFiles/balance_car.elf.dir/Drivers/STM32F4xx_HAL_Driver/Src/stm32f4xx_hal_cortex.c.obj
                0x08002510                HAL_SYSTICK_Config
 .text.HAL_GPIO_Init
                0x08002538      0x1ec CMakeFiles/balance_car.elf.dir/Drivers/STM32F4xx_HAL_Driver/Src/stm32f4xx_hal_gpio.c.obj
                0x08002538                HAL_GPIO_Init
 .text.HAL_GPIO_WritePin
                0x08002724        0xc CMakeFiles/balance_car.elf.dir/Drivers/STM32F4xx_HAL_Driver/Src/stm32f4xx_hal_gpio.c.obj
                0x08002724                HAL_GPIO_WritePin
 .text.HAL_GPIO_EXTI_Callback
                0x08002730        0x2 CMakeFiles/balance_car.elf.dir/Drivers/STM32F4xx_HAL_Driver/Src/stm32f4xx_hal_gpio.c.obj
                0x08002730                HAL_GPIO_EXTI_Callback
 *fill*         0x08002732        0x2 
 .text.HAL_GPIO_EXTI_IRQHandler
                0x08002734       0x1c CMakeFiles/balance_car.elf.dir/Drivers/STM32F4xx_HAL_Driver/Src/stm32f4xx_hal_gpio.c.obj
                0x08002734                HAL_GPIO_EXTI_IRQHandler
 .text.HAL_I2C_Init
                0x08002750      0x1bc CMakeFiles/balance_car.elf.dir/Drivers/STM32F4xx_HAL_Driver/Src/stm32f4xx_hal_i2c.c.obj
                0x08002750                HAL_I2C_Init
 .text.HAL_RCC_OscConfig
                0x0800290c      0x3f8 CMakeFiles/balance_car.elf.dir/Drivers/STM32F4xx_HAL_Driver/Src/stm32f4xx_hal_rcc.c.obj
                0x0800290c                HAL_RCC_OscConfig
 .text.HAL_RCC_GetSysClockFreq
                0x08002d04       0xa8 CMakeFiles/balance_car.elf.dir/Drivers/STM32F4xx_HAL_Driver/Src/stm32f4xx_hal_rcc.c.obj
                0x08002d04                HAL_RCC_GetSysClockFreq
 .text.HAL_RCC_ClockConfig
                0x08002dac      0x160 CMakeFiles/balance_car.elf.dir/Drivers/STM32F4xx_HAL_Driver/Src/stm32f4xx_hal_rcc.c.obj
                0x08002dac                HAL_RCC_ClockConfig
 .text.HAL_RCC_GetHCLKFreq
                0x08002f0c        0xc CMakeFiles/balance_car.elf.dir/Drivers/STM32F4xx_HAL_Driver/Src/stm32f4xx_hal_rcc.c.obj
                0x08002f0c                HAL_RCC_GetHCLKFreq
 .text.HAL_RCC_GetPCLK1Freq
                0x08002f18       0x20 CMakeFiles/balance_car.elf.dir/Drivers/STM32F4xx_HAL_Driver/Src/stm32f4xx_hal_rcc.c.obj
                0x08002f18                HAL_RCC_GetPCLK1Freq
 .text.SPI_WaitFlagStateUntilTimeout
                0x08002f38       0xd0 CMakeFiles/balance_car.elf.dir/Drivers/STM32F4xx_HAL_Driver/Src/stm32f4xx_hal_spi.c.obj
 .text.SPI_EndRxTxTransaction
                0x08003008       0x68 CMakeFiles/balance_car.elf.dir/Drivers/STM32F4xx_HAL_Driver/Src/stm32f4xx_hal_spi.c.obj
 .text.HAL_SPI_Init
                0x08003070       0xbe CMakeFiles/balance_car.elf.dir/Drivers/STM32F4xx_HAL_Driver/Src/stm32f4xx_hal_spi.c.obj
                0x08003070                HAL_SPI_Init
 .text.HAL_SPI_TransmitReceive
                0x0800312e      0x238 CMakeFiles/balance_car.elf.dir/Drivers/STM32F4xx_HAL_Driver/Src/stm32f4xx_hal_spi.c.obj
                0x0800312e                HAL_SPI_TransmitReceive
 *fill*         0x08003366        0x2 
 .text.TIM_OC1_SetConfig
                0x08003368       0x70 CMakeFiles/balance_car.elf.dir/Drivers/STM32F4xx_HAL_Driver/Src/stm32f4xx_hal_tim.c.obj
 .text.TIM_OC3_SetConfig
                0x080033d8       0x70 CMakeFiles/balance_car.elf.dir/Drivers/STM32F4xx_HAL_Driver/Src/stm32f4xx_hal_tim.c.obj
 .text.TIM_OC4_SetConfig
                0x08003448       0x50 CMakeFiles/balance_car.elf.dir/Drivers/STM32F4xx_HAL_Driver/Src/stm32f4xx_hal_tim.c.obj
 .text.HAL_TIM_PWM_MspInit
                0x08003498        0x2 CMakeFiles/balance_car.elf.dir/Drivers/STM32F4xx_HAL_Driver/Src/stm32f4xx_hal_tim.c.obj
                0x08003498                HAL_TIM_PWM_MspInit
 *fill*         0x0800349a        0x2 
 .text.TIM_Base_SetConfig
                0x0800349c       0xc8 CMakeFiles/balance_car.elf.dir/Drivers/STM32F4xx_HAL_Driver/Src/stm32f4xx_hal_tim.c.obj
                0x0800349c                TIM_Base_SetConfig
 .text.HAL_TIM_Base_Init
                0x08003564       0x58 CMakeFiles/balance_car.elf.dir/Drivers/STM32F4xx_HAL_Driver/Src/stm32f4xx_hal_tim.c.obj
                0x08003564                HAL_TIM_Base_Init
 .text.HAL_TIM_PWM_Init
                0x080035bc       0x58 CMakeFiles/balance_car.elf.dir/Drivers/STM32F4xx_HAL_Driver/Src/stm32f4xx_hal_tim.c.obj
                0x080035bc                HAL_TIM_PWM_Init
 .text.TIM_OC2_SetConfig
                0x08003614       0x70 CMakeFiles/balance_car.elf.dir/Drivers/STM32F4xx_HAL_Driver/Src/stm32f4xx_hal_tim.c.obj
                0x08003614                TIM_OC2_SetConfig
 .text.HAL_TIM_PWM_ConfigChannel
                0x08003684       0xdc CMakeFiles/balance_car.elf.dir/Drivers/STM32F4xx_HAL_Driver/Src/stm32f4xx_hal_tim.c.obj
                0x08003684                HAL_TIM_PWM_ConfigChannel
 .text.makeFreeRtosPriority
                0x08003760        0xc CMakeFiles/balance_car.elf.dir/Middlewares/Third_Party/FreeRTOS/Source/CMSIS_RTOS/cmsis_os.c.obj
 .text.inHandlerMode
                0x0800376c        0xc CMakeFiles/balance_car.elf.dir/Middlewares/Third_Party/FreeRTOS/Source/CMSIS_RTOS/cmsis_os.c.obj
 .text.osKernelStart
                0x08003778        0xa CMakeFiles/balance_car.elf.dir/Middlewares/Third_Party/FreeRTOS/Source/CMSIS_RTOS/cmsis_os.c.obj
                0x08003778                osKernelStart
 .text.osKernelSysTick
                0x08003782       0x14 CMakeFiles/balance_car.elf.dir/Middlewares/Third_Party/FreeRTOS/Source/CMSIS_RTOS/cmsis_os.c.obj
                0x08003782                osKernelSysTick
 .text.osThreadCreate
                0x08003796       0x66 CMakeFiles/balance_car.elf.dir/Middlewares/Third_Party/FreeRTOS/Source/CMSIS_RTOS/cmsis_os.c.obj
                0x08003796                osThreadCreate
 .text.osDelay  0x080037fc        0xe CMakeFiles/balance_car.elf.dir/Middlewares/Third_Party/FreeRTOS/Source/CMSIS_RTOS/cmsis_os.c.obj
                0x080037fc                osDelay
 .text.osDelayUntil
                0x0800380a        0xe CMakeFiles/balance_car.elf.dir/Middlewares/Third_Party/FreeRTOS/Source/CMSIS_RTOS/cmsis_os.c.obj
                0x0800380a                osDelayUntil
 .text.vListInitialise
                0x08003818       0x16 CMakeFiles/balance_car.elf.dir/Middlewares/Third_Party/FreeRTOS/Source/list.c.obj
                0x08003818                vListInitialise
 .text.vListInitialiseItem
                0x0800382e        0x6 CMakeFiles/balance_car.elf.dir/Middlewares/Third_Party/FreeRTOS/Source/list.c.obj
                0x0800382e                vListInitialiseItem
 .text.vListInsertEnd
                0x08003834       0x16 CMakeFiles/balance_car.elf.dir/Middlewares/Third_Party/FreeRTOS/Source/list.c.obj
                0x08003834                vListInsertEnd
 .text.vListInsert
                0x0800384a       0x32 CMakeFiles/balance_car.elf.dir/Middlewares/Third_Party/FreeRTOS/Source/list.c.obj
                0x0800384a                vListInsert
 .text.uxListRemove
                0x0800387c       0x26 CMakeFiles/balance_car.elf.dir/Middlewares/Third_Party/FreeRTOS/Source/list.c.obj
                0x0800387c                uxListRemove
 *fill*         0x080038a2        0x2 
 .text.prvTaskExitError
                0x080038a4       0x40 CMakeFiles/balance_car.elf.dir/Middlewares/Third_Party/FreeRTOS/Source/portable/GCC/ARM_CM4F/port.c.obj
 .text.prvPortStartFirstTask
                0x080038e4       0x28 CMakeFiles/balance_car.elf.dir/Middlewares/Third_Party/FreeRTOS/Source/portable/GCC/ARM_CM4F/port.c.obj
 .text.vPortEnableVFP
                0x0800390c       0x14 CMakeFiles/balance_car.elf.dir/Middlewares/Third_Party/FreeRTOS/Source/portable/GCC/ARM_CM4F/port.c.obj
 .text.pxPortInitialiseStack
                0x08003920       0x2c CMakeFiles/balance_car.elf.dir/Middlewares/Third_Party/FreeRTOS/Source/portable/GCC/ARM_CM4F/port.c.obj
                0x08003920                pxPortInitialiseStack
 *fill*         0x0800394c        0x4 
 .text.SVC_Handler
                0x08003950       0x24 CMakeFiles/balance_car.elf.dir/Middlewares/Third_Party/FreeRTOS/Source/portable/GCC/ARM_CM4F/port.c.obj
                0x08003950                SVC_Handler
 .text.vPortEnterCritical
                0x08003974       0x44 CMakeFiles/balance_car.elf.dir/Middlewares/Third_Party/FreeRTOS/Source/portable/GCC/ARM_CM4F/port.c.obj
                0x08003974                vPortEnterCritical
 .text.vPortExitCritical
                0x080039b8       0x2c CMakeFiles/balance_car.elf.dir/Middlewares/Third_Party/FreeRTOS/Source/portable/GCC/ARM_CM4F/port.c.obj
                0x080039b8                vPortExitCritical
 *fill*         0x080039e4        0xc 
 .text.PendSV_Handler
                0x080039f0       0x64 CMakeFiles/balance_car.elf.dir/Middlewares/Third_Party/FreeRTOS/Source/portable/GCC/ARM_CM4F/port.c.obj
                0x080039f0                PendSV_Handler
 .text.xPortSysTickHandler
                0x08003a54       0x2c CMakeFiles/balance_car.elf.dir/Middlewares/Third_Party/FreeRTOS/Source/portable/GCC/ARM_CM4F/port.c.obj
                0x08003a54                xPortSysTickHandler
 .text.vPortSetupTimerInterrupt
                0x08003a80       0x28 CMakeFiles/balance_car.elf.dir/Middlewares/Third_Party/FreeRTOS/Source/portable/GCC/ARM_CM4F/port.c.obj
                0x08003a80                vPortSetupTimerInterrupt
 .text.xPortStartScheduler
                0x08003aa8      0x118 CMakeFiles/balance_car.elf.dir/Middlewares/Third_Party/FreeRTOS/Source/portable/GCC/ARM_CM4F/port.c.obj
                0x08003aa8                xPortStartScheduler
 .text.vPortValidateInterruptPriority
                0x08003bc0       0x5c CMakeFiles/balance_car.elf.dir/Middlewares/Third_Party/FreeRTOS/Source/portable/GCC/ARM_CM4F/port.c.obj
                0x08003bc0                vPortValidateInterruptPriority
 .text.prvHeapInit
                0x08003c1c       0x64 CMakeFiles/balance_car.elf.dir/Middlewares/Third_Party/FreeRTOS/Source/portable/MemMang/heap_4.c.obj
 .text.prvInsertBlockIntoFreeList
                0x08003c80       0x64 CMakeFiles/balance_car.elf.dir/Middlewares/Third_Party/FreeRTOS/Source/portable/MemMang/heap_4.c.obj
 .text.pvPortMalloc
                0x08003ce4       0xfc CMakeFiles/balance_car.elf.dir/Middlewares/Third_Party/FreeRTOS/Source/portable/MemMang/heap_4.c.obj
                0x08003ce4                pvPortMalloc
 .text.vPortFree
                0x08003de0       0x7c CMakeFiles/balance_car.elf.dir/Middlewares/Third_Party/FreeRTOS/Source/portable/MemMang/heap_4.c.obj
                0x08003de0                vPortFree
 .text.prvResetNextTaskUnblockTime
                0x08003e5c       0x2c CMakeFiles/balance_car.elf.dir/Middlewares/Third_Party/FreeRTOS/Source/tasks.c.obj
 .text.prvInitialiseNewTask
                0x08003e88       0xa2 CMakeFiles/balance_car.elf.dir/Middlewares/Third_Party/FreeRTOS/Source/tasks.c.obj
 *fill*         0x08003f2a        0x2 
 .text.prvInitialiseTaskLists
                0x08003f2c       0x68 CMakeFiles/balance_car.elf.dir/Middlewares/Third_Party/FreeRTOS/Source/tasks.c.obj
 .text.prvAddNewTaskToReadyList
                0x08003f94       0xa8 CMakeFiles/balance_car.elf.dir/Middlewares/Third_Party/FreeRTOS/Source/tasks.c.obj
 .text.prvDeleteTCB
                0x0800403c       0x38 CMakeFiles/balance_car.elf.dir/Middlewares/Third_Party/FreeRTOS/Source/tasks.c.obj
 .text.prvCheckTasksWaitingTermination
                0x08004074       0x4c CMakeFiles/balance_car.elf.dir/Middlewares/Third_Party/FreeRTOS/Source/tasks.c.obj
 .text.prvIdleTask
                0x080040c0       0x28 CMakeFiles/balance_car.elf.dir/Middlewares/Third_Party/FreeRTOS/Source/tasks.c.obj
 .text.prvAddCurrentTaskToDelayedList
                0x080040e8       0x98 CMakeFiles/balance_car.elf.dir/Middlewares/Third_Party/FreeRTOS/Source/tasks.c.obj
 .text.xTaskCreateStatic
                0x08004180       0x76 CMakeFiles/balance_car.elf.dir/Middlewares/Third_Party/FreeRTOS/Source/tasks.c.obj
                0x08004180                xTaskCreateStatic
 .text.xTaskCreate
                0x080041f6       0x68 CMakeFiles/balance_car.elf.dir/Middlewares/Third_Party/FreeRTOS/Source/tasks.c.obj
                0x080041f6                xTaskCreate
 *fill*         0x0800425e        0x2 
 .text.vTaskDelete
                0x08004260       0xe0 CMakeFiles/balance_car.elf.dir/Middlewares/Third_Party/FreeRTOS/Source/tasks.c.obj
                0x08004260                vTaskDelete
 .text.vTaskStartScheduler
                0x08004340       0x74 CMakeFiles/balance_car.elf.dir/Middlewares/Third_Party/FreeRTOS/Source/tasks.c.obj
                0x08004340                vTaskStartScheduler
 .text.vTaskSuspendAll
                0x080043b4       0x10 CMakeFiles/balance_car.elf.dir/Middlewares/Third_Party/FreeRTOS/Source/tasks.c.obj
                0x080043b4                vTaskSuspendAll
 .text.xTaskGetTickCount
                0x080043c4        0xc CMakeFiles/balance_car.elf.dir/Middlewares/Third_Party/FreeRTOS/Source/tasks.c.obj
                0x080043c4                xTaskGetTickCount
 .text.xTaskGetTickCountFromISR
                0x080043d0       0x10 CMakeFiles/balance_car.elf.dir/Middlewares/Third_Party/FreeRTOS/Source/tasks.c.obj
                0x080043d0                xTaskGetTickCountFromISR
 .text.xTaskIncrementTick
                0x080043e0      0x118 CMakeFiles/balance_car.elf.dir/Middlewares/Third_Party/FreeRTOS/Source/tasks.c.obj
                0x080043e0                xTaskIncrementTick
 .text.xTaskResumeAll
                0x080044f8       0xf8 CMakeFiles/balance_car.elf.dir/Middlewares/Third_Party/FreeRTOS/Source/tasks.c.obj
                0x080044f8                xTaskResumeAll
 .text.vTaskDelayUntil
                0x080045f0       0xa4 CMakeFiles/balance_car.elf.dir/Middlewares/Third_Party/FreeRTOS/Source/tasks.c.obj
                0x080045f0                vTaskDelayUntil
 .text.vTaskDelay
                0x08004694       0x4c CMakeFiles/balance_car.elf.dir/Middlewares/Third_Party/FreeRTOS/Source/tasks.c.obj
                0x08004694                vTaskDelay
 .text.vTaskSwitchContext
                0x080046e0       0x98 CMakeFiles/balance_car.elf.dir/Middlewares/Third_Party/FreeRTOS/Source/tasks.c.obj
                0x080046e0                vTaskSwitchContext
 .text.xTaskGetSchedulerState
                0x08004778       0x20 CMakeFiles/balance_car.elf.dir/Middlewares/Third_Party/FreeRTOS/Source/tasks.c.obj
                0x08004778                xTaskGetSchedulerState
 .text.Reset_Handler
                0x08004798       0x50 CMakeFiles/balance_car.elf.dir/startup/startup_stm32f407xx.s.obj
                0x08004798                Reset_Handler
 .text.Default_Handler
                0x080047e8        0x2 CMakeFiles/balance_car.elf.dir/startup/startup_stm32f407xx.s.obj
                0x080047e8                RTC_Alarm_IRQHandler
                0x080047e8                HASH_RNG_IRQHandler
                0x080047e8                EXTI2_IRQHandler
                0x080047e8                TIM8_CC_IRQHandler
                0x080047e8                TIM1_CC_IRQHandler
                0x080047e8                DMA2_Stream5_IRQHandler
                0x080047e8                DMA1_Stream5_IRQHandler
                0x080047e8                PVD_IRQHandler
                0x080047e8                SDIO_IRQHandler
                0x080047e8                TAMP_STAMP_IRQHandler
                0x080047e8                CAN2_RX1_IRQHandler
                0x080047e8                TIM8_TRG_COM_TIM14_IRQHandler
                0x080047e8                TIM1_UP_TIM10_IRQHandler
                0x080047e8                TIM8_UP_TIM13_IRQHandler
                0x080047e8                I2C3_ER_IRQHandler
                0x080047e8                EXTI0_IRQHandler
                0x080047e8                I2C2_EV_IRQHandler
                0x080047e8                DMA1_Stream2_IRQHandler
                0x080047e8                FPU_IRQHandler
                0x080047e8                OTG_HS_WKUP_IRQHandler
                0x080047e8                CAN2_SCE_IRQHandler
                0x080047e8                DMA2_Stream2_IRQHandler
                0x080047e8                SPI1_IRQHandler
                0x080047e8                TIM6_DAC_IRQHandler
                0x080047e8                TIM1_BRK_TIM9_IRQHandler
                0x080047e8                DCMI_IRQHandler
                0x080047e8                CAN2_RX0_IRQHandler
                0x080047e8                DMA2_Stream3_IRQHandler
                0x080047e8                USART6_IRQHandler
                0x080047e8                USART3_IRQHandler
                0x080047e8                CAN1_RX1_IRQHandler
                0x080047e8                UART5_IRQHandler
                0x080047e8                DMA2_Stream0_IRQHandler
                0x080047e8                TIM4_IRQHandler
                0x080047e8                I2C1_EV_IRQHandler
                0x080047e8                DMA1_Stream6_IRQHandler
                0x080047e8                DMA1_Stream1_IRQHandler
                0x080047e8                UART4_IRQHandler
                0x080047e8                TIM3_IRQHandler
                0x080047e8                RCC_IRQHandler
                0x080047e8                TIM8_BRK_TIM12_IRQHandler
                0x080047e8                Default_Handler
                0x080047e8                EXTI15_10_IRQHandler
                0x080047e8                ADC_IRQHandler
                0x080047e8                DMA1_Stream7_IRQHandler
                0x080047e8                TIM7_IRQHandler
                0x080047e8                CAN2_TX_IRQHandler
                0x080047e8                TIM5_IRQHandler
                0x080047e8                DMA2_Stream7_IRQHandler
                0x080047e8                I2C3_EV_IRQHandler
                0x080047e8                RTC_WKUP_IRQHandler
                0x080047e8                ETH_WKUP_IRQHandler
                0x080047e8                SPI2_IRQHandler
                0x080047e8                OTG_HS_EP1_IN_IRQHandler
                0x080047e8                DMA1_Stream0_IRQHandler
                0x080047e8                CAN1_TX_IRQHandler
                0x080047e8                FSMC_IRQHandler
                0x080047e8                ETH_IRQHandler
                0x080047e8                OTG_HS_EP1_OUT_IRQHandler
                0x080047e8                WWDG_IRQHandler
                0x080047e8                TIM2_IRQHandler
                0x080047e8                OTG_FS_WKUP_IRQHandler
                0x080047e8                TIM1_TRG_COM_TIM11_IRQHandler
                0x080047e8                OTG_HS_IRQHandler
                0x080047e8                EXTI1_IRQHandler
                0x080047e8                USART2_IRQHandler
                0x080047e8                I2C2_ER_IRQHandler
                0x080047e8                DMA2_Stream1_IRQHandler
                0x080047e8                CAN1_SCE_IRQHandler
                0x080047e8                FLASH_IRQHandler
                0x080047e8                DMA2_Stream4_IRQHandler
                0x080047e8                USART1_IRQHandler
                0x080047e8                OTG_FS_IRQHandler
                0x080047e8                SPI3_IRQHandler
                0x080047e8                DMA1_Stream4_IRQHandler
                0x080047e8                I2C1_ER_IRQHandler
                0x080047e8                DMA2_Stream6_IRQHandler
                0x080047e8                DMA1_Stream3_IRQHandler
 *fill*         0x080047ea        0x2 
 .text._Z41__static_initialization_and_destruction_0ii
                0x080047ec       0x30 CMakeFiles/balance_car.elf.dir/application/motor_task.cpp.obj
 .text.motor_task
                0x0800481c       0xe8 CMakeFiles/balance_car.elf.dir/application/motor_task.cpp.obj
                0x0800481c                motor_task
 .text._GLOBAL__sub_I_fbCurrent
                0x08004904        0xe CMakeFiles/balance_car.elf.dir/application/motor_task.cpp.obj
 *fill*         0x08004912        0x2 
 .text._Z41__static_initialization_and_destruction_0ii
                0x08004914       0x24 CMakeFiles/balance_car.elf.dir/application/ins_task.cpp.obj
 .text._Z18gyro_noise_verdictv
                0x08004938       0xa4 CMakeFiles/balance_car.elf.dir/application/ins_task.cpp.obj
                0x08004938                _Z18gyro_noise_verdictv
 .text._Z11AHRS_updatePffS_S_S_
                0x080049dc       0x2c CMakeFiles/balance_car.elf.dir/application/ins_task.cpp.obj
                0x080049dc                _Z11AHRS_updatePffS_S_S_
 .text._Z9get_anglePfS_S_S_
                0x08004a08      0x110 CMakeFiles/balance_car.elf.dir/application/ins_task.cpp.obj
                0x08004a08                _Z9get_anglePfS_S_S_
 .text._GLOBAL__sub_I_bmi088_real_data
                0x08004b18        0xe CMakeFiles/balance_car.elf.dir/application/ins_task.cpp.obj
 *fill*         0x08004b26        0x2 
 .text._ZL16imu_temp_controlf
                0x08004b28       0x7c CMakeFiles/balance_car.elf.dir/application/ins_task.cpp.obj
 .text.ins_task
                0x08004ba4       0xb0 CMakeFiles/balance_car.elf.dir/application/ins_task.cpp.obj
                0x08004ba4                ins_task
 .text.init_task
                0x08004c54       0x58 CMakeFiles/balance_car.elf.dir/application/init_task.cpp.obj
                0x08004c54                init_task
 .text._ZNK5Motor10fillCanBufEPh
                0x08004cac       0x1e CMakeFiles/balance_car.elf.dir/Components/Motor/motor.cpp.obj
                0x08004cac                _ZNK5Motor10fillCanBufEPh
 .text._ZN5Motor10updateInfoEPKh
                0x08004cca       0x24 CMakeFiles/balance_car.elf.dir/Components/Motor/motor.cpp.obj
                0x08004cca                _ZN5Motor10updateInfoEPKh
 *fill*         0x08004cee        0x2 
 .text._ZN5M200610updateInfoEPKh
                0x08004cf0       0x3c CMakeFiles/balance_car.elf.dir/Components/Motor/M2006.cpp.obj
                0x08004cf0                _ZN5M200610updateInfoEPKh
 .text._ZNK5M200610fillCanBufEPh
                0x08004d2c       0x42 CMakeFiles/balance_car.elf.dir/Components/Motor/M2006.cpp.obj
                0x08004d2c                _ZNK5M200610fillCanBufEPh
 *fill*         0x08004d6e        0x2 
 .text._ZN5M2006C2EhP19__CAN_HandleTypeDef
                0x08004d70       0xc4 CMakeFiles/balance_car.elf.dir/Components/Motor/M2006.cpp.obj
                0x08004d70                _ZN5M2006C2EhP19__CAN_HandleTypeDef
                0x08004d70                _ZN5M2006C1EhP19__CAN_HandleTypeDef
 .text._ZN5M200610sendCanCmdEPh
                0x08004e34       0x2c CMakeFiles/balance_car.elf.dir/Components/Motor/M2006.cpp.obj
                0x08004e34                _ZN5M200610sendCanCmdEPh
 .text._ZN5M200611setExpSpeedEs
                0x08004e60       0x48 CMakeFiles/balance_car.elf.dir/Components/Motor/M2006.cpp.obj
                0x08004e60                _ZN5M200611setExpSpeedEs
 .text._ZN5M200611setExpAngleEf
                0x08004ea8       0x20 CMakeFiles/balance_car.elf.dir/Components/Motor/M2006.cpp.obj
                0x08004ea8                _ZN5M200611setExpAngleEf
 .text._ZN3PID10PID_OutputEff
                0x08004ec8      0x188 CMakeFiles/balance_car.elf.dir/Components/Math/pid.cpp.obj
                0x08004ec8                _ZN3PID10PID_OutputEff
 .text._ZN3PIDC2EP13PIDParaStruct
                0x08005050       0x34 CMakeFiles/balance_car.elf.dir/Components/Math/pid.cpp.obj
                0x08005050                _ZN3PIDC1EP13PIDParaStruct
                0x08005050                _ZN3PIDC2EP13PIDParaStruct
 .text.invSqrt  0x08005084       0x30 CMakeFiles/balance_car.elf.dir/Components/Math/MahonyAHRS.c.obj
                0x08005084                invSqrt
 .text.MahonyAHRSupdateIMU
                0x080050b4      0x268 CMakeFiles/balance_car.elf.dir/Components/Math/MahonyAHRS.c.obj
                0x080050b4                MahonyAHRSupdateIMU
 .text.MahonyAHRSupdate
                0x0800531c      0x3e4 CMakeFiles/balance_car.elf.dir/Components/Math/MahonyAHRS.c.obj
                0x0800531c                MahonyAHRSupdate
 .text.HAL_CAN_RxFifo0MsgPendingCallback
                0x08005700       0x4c CMakeFiles/balance_car.elf.dir/Components/Support/canRxCallback.cpp.obj
                0x08005700                HAL_CAN_RxFifo0MsgPendingCallback
 .text.HAL_CAN_RxFifo0FullCallback
                0x0800574c       0x24 CMakeFiles/balance_car.elf.dir/Components/Support/canRxCallback.cpp.obj
                0x0800574c                HAL_CAN_RxFifo0FullCallback
 .text.HAL_CAN_ErrorCallback
                0x08005770       0x14 CMakeFiles/balance_car.elf.dir/Components/Support/canRxCallback.cpp.obj
                0x08005770                HAL_CAN_ErrorCallback
 .text.BMI088_write_single_reg
                0x08005784       0x10 CMakeFiles/balance_car.elf.dir/Components/BMI088/BMI088Driver.c.obj
 .text.BMI088_read_single_reg
                0x08005794       0x16 CMakeFiles/balance_car.elf.dir/Components/BMI088/BMI088Driver.c.obj
 .text.BMI088_read_muli_reg
                0x080057aa       0x24 CMakeFiles/balance_car.elf.dir/Components/BMI088/BMI088Driver.c.obj
 *fill*         0x080057ce        0x2 
 .text.bmi088_accel_init
                0x080057d0      0x134 CMakeFiles/balance_car.elf.dir/Components/BMI088/BMI088Driver.c.obj
                0x080057d0                bmi088_accel_init
 .text.bmi088_gyro_init
                0x08005904       0xf0 CMakeFiles/balance_car.elf.dir/Components/BMI088/BMI088Driver.c.obj
                0x08005904                bmi088_gyro_init
 .text.bmi088_accel_self_test
                0x080059f4      0x308 CMakeFiles/balance_car.elf.dir/Components/BMI088/BMI088Driver.c.obj
                0x080059f4                bmi088_accel_self_test
 .text.bmi088_gyro_self_test
                0x08005cfc       0xd6 CMakeFiles/balance_car.elf.dir/Components/BMI088/BMI088Driver.c.obj
                0x08005cfc                bmi088_gyro_self_test
 *fill*         0x08005dd2        0x2 
 .text.bmi088_config_init
                0x08005dd4       0x3c CMakeFiles/balance_car.elf.dir/Components/BMI088/BMI088Driver.c.obj
                0x08005dd4                bmi088_config_init
 .text.BMI088_read
                0x08005e10      0x1a0 CMakeFiles/balance_car.elf.dir/Components/BMI088/BMI088Driver.c.obj
                0x08005e10                BMI088_read
 .text.imu_pwm_set
                0x08005fb0        0xc CMakeFiles/balance_car.elf.dir/Components/BMI088/bsp_imu_pwm.c.obj
                0x08005fb0                imu_pwm_set
 .text.BMI088_GPIO_init
                0x08005fbc        0x2 CMakeFiles/balance_car.elf.dir/Components/BMI088/BMI088Middleware.c.obj
                0x08005fbc                BMI088_GPIO_init
 .text.BMI088_com_init
                0x08005fbe        0x2 CMakeFiles/balance_car.elf.dir/Components/BMI088/BMI088Middleware.c.obj
                0x08005fbe                BMI088_com_init
 .text.BMI088_delay_us
                0x08005fc0       0x38 CMakeFiles/balance_car.elf.dir/Components/BMI088/BMI088Middleware.c.obj
                0x08005fc0                BMI088_delay_us
 .text.BMI088_delay_ms
                0x08005ff8       0x18 CMakeFiles/balance_car.elf.dir/Components/BMI088/BMI088Middleware.c.obj
                0x08005ff8                BMI088_delay_ms
 .text.BMI088_ACCEL_NS_L
                0x08006010       0x14 CMakeFiles/balance_car.elf.dir/Components/BMI088/BMI088Middleware.c.obj
                0x08006010                BMI088_ACCEL_NS_L
 .text.BMI088_ACCEL_NS_H
                0x08006024       0x14 CMakeFiles/balance_car.elf.dir/Components/BMI088/BMI088Middleware.c.obj
                0x08006024                BMI088_ACCEL_NS_H
 .text.BMI088_GYRO_NS_L
                0x08006038       0x14 CMakeFiles/balance_car.elf.dir/Components/BMI088/BMI088Middleware.c.obj
                0x08006038                BMI088_GYRO_NS_L
 .text.BMI088_GYRO_NS_H
                0x0800604c       0x14 CMakeFiles/balance_car.elf.dir/Components/BMI088/BMI088Middleware.c.obj
                0x0800604c                BMI088_GYRO_NS_H
 .text.BMI088_read_write_byte
                0x08006060       0x2c CMakeFiles/balance_car.elf.dir/Components/BMI088/BMI088Middleware.c.obj
                0x08006060                BMI088_read_write_byte
 .text._ZNK10__cxxabiv117__class_type_info11__do_upcastEPKS0_PPv
                0x0800608c       0x34 d:/clion/gcc_arm/gcc-arm-11.2-2022.02-mingw-w64-i686-arm-none-eabi/gcc-arm-11.2-2022.02-mingw-w64-i686-arm-none-eabi/bin/../lib/gcc/arm-none-eabi/11.2.1/thumb/v7e-m+fp/hard\libstdc++.a(class_type_info.o)
                0x0800608c                _ZNK10__cxxabiv117__class_type_info11__do_upcastEPKS0_PPv
 .text._ZNK10__cxxabiv117__class_type_info20__do_find_public_srcEiPKvPKS0_S2_
                0x080060c0        0xc d:/clion/gcc_arm/gcc-arm-11.2-2022.02-mingw-w64-i686-arm-none-eabi/gcc-arm-11.2-2022.02-mingw-w64-i686-arm-none-eabi/bin/../lib/gcc/arm-none-eabi/11.2.1/thumb/v7e-m+fp/hard\libstdc++.a(class_type_info.o)
                0x080060c0                _ZNK10__cxxabiv117__class_type_info20__do_find_public_srcEiPKvPKS0_S2_
 .text._ZN10__cxxabiv117__class_type_infoD2Ev
                0x080060cc       0x14 d:/clion/gcc_arm/gcc-arm-11.2-2022.02-mingw-w64-i686-arm-none-eabi/gcc-arm-11.2-2022.02-mingw-w64-i686-arm-none-eabi/bin/../lib/gcc/arm-none-eabi/11.2.1/thumb/v7e-m+fp/hard\libstdc++.a(class_type_info.o)
                0x080060cc                _ZN10__cxxabiv117__class_type_infoD2Ev
                0x080060cc                _ZN10__cxxabiv117__class_type_infoD1Ev
 .text._ZN10__cxxabiv117__class_type_infoD0Ev
                0x080060e0       0x1c d:/clion/gcc_arm/gcc-arm-11.2-2022.02-mingw-w64-i686-arm-none-eabi/gcc-arm-11.2-2022.02-mingw-w64-i686-arm-none-eabi/bin/../lib/gcc/arm-none-eabi/11.2.1/thumb/v7e-m+fp/hard\libstdc++.a(class_type_info.o)
                0x080060e0                _ZN10__cxxabiv117__class_type_infoD0Ev
 .text._ZNK10__cxxabiv117__class_type_info12__do_dyncastEiNS0_10__sub_kindEPKS0_PKvS3_S5_RNS0_16__dyncast_resultE
                0x080060fc       0x44 d:/clion/gcc_arm/gcc-arm-11.2-2022.02-mingw-w64-i686-arm-none-eabi/gcc-arm-11.2-2022.02-mingw-w64-i686-arm-none-eabi/bin/../lib/gcc/arm-none-eabi/11.2.1/thumb/v7e-m+fp/hard\libstdc++.a(class_type_info.o)
                0x080060fc                _ZNK10__cxxabiv117__class_type_info12__do_dyncastEiNS0_10__sub_kindEPKS0_PKvS3_S5_RNS0_16__dyncast_resultE
 .text._ZNK10__cxxabiv117__class_type_info11__do_upcastEPKS0_PKvRNS0_15__upcast_resultE
                0x08006140       0x1c d:/clion/gcc_arm/gcc-arm-11.2-2022.02-mingw-w64-i686-arm-none-eabi/gcc-arm-11.2-2022.02-mingw-w64-i686-arm-none-eabi/bin/../lib/gcc/arm-none-eabi/11.2.1/thumb/v7e-m+fp/hard\libstdc++.a(class_type_info.o)
                0x08006140                _ZNK10__cxxabiv117__class_type_info11__do_upcastEPKS0_PKvRNS0_15__upcast_resultE
 .text._ZNK10__cxxabiv117__class_type_info10__do_catchEPKSt9type_infoPPvj
                0x0800615c       0x2c d:/clion/gcc_arm/gcc-arm-11.2-2022.02-mingw-w64-i686-arm-none-eabi/gcc-arm-11.2-2022.02-mingw-w64-i686-arm-none-eabi/bin/../lib/gcc/arm-none-eabi/11.2.1/thumb/v7e-m+fp/hard\libstdc++.a(class_type_info.o)
                0x0800615c                _ZNK10__cxxabiv117__class_type_info10__do_catchEPKSt9type_infoPPvj
 .text._ZdlPvj  0x08006188        0x4 d:/clion/gcc_arm/gcc-arm-11.2-2022.02-mingw-w64-i686-arm-none-eabi/gcc-arm-11.2-2022.02-mingw-w64-i686-arm-none-eabi/bin/../lib/gcc/arm-none-eabi/11.2.1/thumb/v7e-m+fp/hard\libstdc++.a(del_ops.o)
                0x08006188                _ZdlPvj
 .text.__cxa_end_cleanup
                0x0800618c        0xc d:/clion/gcc_arm/gcc-arm-11.2-2022.02-mingw-w64-i686-arm-none-eabi/gcc-arm-11.2-2022.02-mingw-w64-i686-arm-none-eabi/bin/../lib/gcc/arm-none-eabi/11.2.1/thumb/v7e-m+fp/hard\libstdc++.a(eh_arm.o)
                0x0800618c                __cxa_end_cleanup
 .text.__cxa_type_match
                0x08006198       0xb0 d:/clion/gcc_arm/gcc-arm-11.2-2022.02-mingw-w64-i686-arm-none-eabi/gcc-arm-11.2-2022.02-mingw-w64-i686-arm-none-eabi/bin/../lib/gcc/arm-none-eabi/11.2.1/thumb/v7e-m+fp/hard\libstdc++.a(eh_arm.o)
                0x08006198                __cxa_type_match
 .text.__cxa_begin_cleanup
                0x08006248       0x64 d:/clion/gcc_arm/gcc-arm-11.2-2022.02-mingw-w64-i686-arm-none-eabi/gcc-arm-11.2-2022.02-mingw-w64-i686-arm-none-eabi/bin/../lib/gcc/arm-none-eabi/11.2.1/thumb/v7e-m+fp/hard\libstdc++.a(eh_arm.o)
                0x08006248                __cxa_begin_cleanup
 .text.__gnu_end_cleanup
                0x080062ac       0x70 d:/clion/gcc_arm/gcc-arm-11.2-2022.02-mingw-w64-i686-arm-none-eabi/gcc-arm-11.2-2022.02-mingw-w64-i686-arm-none-eabi/bin/../lib/gcc/arm-none-eabi/11.2.1/thumb/v7e-m+fp/hard\libstdc++.a(eh_arm.o)
                0x080062ac                __gnu_end_cleanup
 .text._ZNSt9exceptionD2Ev
                0x0800631c        0x4 d:/clion/gcc_arm/gcc-arm-11.2-2022.02-mingw-w64-i686-arm-none-eabi/gcc-arm-11.2-2022.02-mingw-w64-i686-arm-none-eabi/bin/../lib/gcc/arm-none-eabi/11.2.1/thumb/v7e-m+fp/hard\libstdc++.a(eh_exception.o)
                0x0800631c                _ZNSt9exceptionD1Ev
                0x0800631c                _ZNSt9exceptionD2Ev
 .text._ZNSt13bad_exceptionD2Ev
                0x08006320        0x4 d:/clion/gcc_arm/gcc-arm-11.2-2022.02-mingw-w64-i686-arm-none-eabi/gcc-arm-11.2-2022.02-mingw-w64-i686-arm-none-eabi/bin/../lib/gcc/arm-none-eabi/11.2.1/thumb/v7e-m+fp/hard\libstdc++.a(eh_exception.o)
                0x08006320                _ZNSt13bad_exceptionD1Ev
                0x08006320                _ZNSt13bad_exceptionD2Ev
 .text._ZNKSt13bad_exception4whatEv
                0x08006324        0x8 d:/clion/gcc_arm/gcc-arm-11.2-2022.02-mingw-w64-i686-arm-none-eabi/gcc-arm-11.2-2022.02-mingw-w64-i686-arm-none-eabi/bin/../lib/gcc/arm-none-eabi/11.2.1/thumb/v7e-m+fp/hard\libstdc++.a(eh_exception.o)
                0x08006324                _ZNKSt13bad_exception4whatEv
                0x08006324                _ZGTtNKSt13bad_exception4whatEv
 .text._ZNSt13bad_exceptionD0Ev
                0x0800632c       0x10 d:/clion/gcc_arm/gcc-arm-11.2-2022.02-mingw-w64-i686-arm-none-eabi/gcc-arm-11.2-2022.02-mingw-w64-i686-arm-none-eabi/bin/../lib/gcc/arm-none-eabi/11.2.1/thumb/v7e-m+fp/hard\libstdc++.a(eh_exception.o)
                0x0800632c                _ZNSt13bad_exceptionD0Ev
 .text.__cxa_get_globals_fast
                0x0800633c        0x8 d:/clion/gcc_arm/gcc-arm-11.2-2022.02-mingw-w64-i686-arm-none-eabi/gcc-arm-11.2-2022.02-mingw-w64-i686-arm-none-eabi/bin/../lib/gcc/arm-none-eabi/11.2.1/thumb/v7e-m+fp/hard\libstdc++.a(eh_globals.o)
                0x0800633c                __cxa_get_globals_fast
 .text.__cxa_get_globals
                0x08006344        0x8 d:/clion/gcc_arm/gcc-arm-11.2-2022.02-mingw-w64-i686-arm-none-eabi/gcc-arm-11.2-2022.02-mingw-w64-i686-arm-none-eabi/bin/../lib/gcc/arm-none-eabi/11.2.1/thumb/v7e-m+fp/hard\libstdc++.a(eh_globals.o)
                0x08006344                __cxa_get_globals
 .text._ZL28read_encoded_value_with_basehjPKhPj
                0x0800634c       0xc0 d:/clion/gcc_arm/gcc-arm-11.2-2022.02-mingw-w64-i686-arm-none-eabi/gcc-arm-11.2-2022.02-mingw-w64-i686-arm-none-eabi/bin/../lib/gcc/arm-none-eabi/11.2.1/thumb/v7e-m+fp/hard\libstdc++.a(eh_personality.o)
 .text._ZL21base_of_encoded_valuehP15_Unwind_Context
                0x0800640c       0x48 d:/clion/gcc_arm/gcc-arm-11.2-2022.02-mingw-w64-i686-arm-none-eabi/gcc-arm-11.2-2022.02-mingw-w64-i686-arm-none-eabi/bin/../lib/gcc/arm-none-eabi/11.2.1/thumb/v7e-m+fp/hard\libstdc++.a(eh_personality.o)
 .text._ZL17parse_lsda_headerP15_Unwind_ContextPKhP16lsda_header_info
                0x08006454       0x90 d:/clion/gcc_arm/gcc-arm-11.2-2022.02-mingw-w64-i686-arm-none-eabi/gcc-arm-11.2-2022.02-mingw-w64-i686-arm-none-eabi/bin/../lib/gcc/arm-none-eabi/11.2.1/thumb/v7e-m+fp/hard\libstdc++.a(eh_personality.o)
 .text.__gxx_personality_v0
                0x080064e4      0x4a0 d:/clion/gcc_arm/gcc-arm-11.2-2022.02-mingw-w64-i686-arm-none-eabi/gcc-arm-11.2-2022.02-mingw-w64-i686-arm-none-eabi/bin/../lib/gcc/arm-none-eabi/11.2.1/thumb/v7e-m+fp/hard\libstdc++.a(eh_personality.o)
                0x080064e4                __gxx_personality_v0
 .text._ZN10__cxxabiv111__terminateEPFvvE
                0x08006984       0x10 d:/clion/gcc_arm/gcc-arm-11.2-2022.02-mingw-w64-i686-arm-none-eabi/gcc-arm-11.2-2022.02-mingw-w64-i686-arm-none-eabi/bin/../lib/gcc/arm-none-eabi/11.2.1/thumb/v7e-m+fp/hard\libstdc++.a(eh_terminate.o)
                0x08006984                _ZN10__cxxabiv111__terminateEPFvvE
 .text._ZSt9terminatev
                0x08006994       0x14 d:/clion/gcc_arm/gcc-arm-11.2-2022.02-mingw-w64-i686-arm-none-eabi/gcc-arm-11.2-2022.02-mingw-w64-i686-arm-none-eabi/bin/../lib/gcc/arm-none-eabi/11.2.1/thumb/v7e-m+fp/hard\libstdc++.a(eh_terminate.o)
                0x08006994                _ZSt9terminatev
 .text._ZN10__cxxabiv112__unexpectedEPFvvE
                0x080069a8        0x8 d:/clion/gcc_arm/gcc-arm-11.2-2022.02-mingw-w64-i686-arm-none-eabi/gcc-arm-11.2-2022.02-mingw-w64-i686-arm-none-eabi/bin/../lib/gcc/arm-none-eabi/11.2.1/thumb/v7e-m+fp/hard\libstdc++.a(eh_terminate.o)
                0x080069a8                _ZN10__cxxabiv112__unexpectedEPFvvE
 .text._ZSt10unexpectedv
                0x080069b0       0x14 d:/clion/gcc_arm/gcc-arm-11.2-2022.02-mingw-w64-i686-arm-none-eabi/gcc-arm-11.2-2022.02-mingw-w64-i686-arm-none-eabi/bin/../lib/gcc/arm-none-eabi/11.2.1/thumb/v7e-m+fp/hard\libstdc++.a(eh_terminate.o)
                0x080069b0                _ZSt10unexpectedv
 .text._ZSt13get_terminatev
                0x080069c4       0x10 d:/clion/gcc_arm/gcc-arm-11.2-2022.02-mingw-w64-i686-arm-none-eabi/gcc-arm-11.2-2022.02-mingw-w64-i686-arm-none-eabi/bin/../lib/gcc/arm-none-eabi/11.2.1/thumb/v7e-m+fp/hard\libstdc++.a(eh_terminate.o)
                0x080069c4                _ZSt13get_terminatev
 .text._ZSt14get_unexpectedv
                0x080069d4       0x10 d:/clion/gcc_arm/gcc-arm-11.2-2022.02-mingw-w64-i686-arm-none-eabi/gcc-arm-11.2-2022.02-mingw-w64-i686-arm-none-eabi/bin/../lib/gcc/arm-none-eabi/11.2.1/thumb/v7e-m+fp/hard\libstdc++.a(eh_terminate.o)
                0x080069d4                _ZSt14get_unexpectedv
 .text._Znwj    0x080069e4       0x3c d:/clion/gcc_arm/gcc-arm-11.2-2022.02-mingw-w64-i686-arm-none-eabi/gcc-arm-11.2-2022.02-mingw-w64-i686-arm-none-eabi/bin/../lib/gcc/arm-none-eabi/11.2.1/thumb/v7e-m+fp/hard\libstdc++.a(new_op.o)
                0x080069e4                _Znwj
 .text._ZN10__cxxabiv120__si_class_type_infoD2Ev
                0x08006a20       0x14 d:/clion/gcc_arm/gcc-arm-11.2-2022.02-mingw-w64-i686-arm-none-eabi/gcc-arm-11.2-2022.02-mingw-w64-i686-arm-none-eabi/bin/../lib/gcc/arm-none-eabi/11.2.1/thumb/v7e-m+fp/hard\libstdc++.a(si_class_type_info.o)
                0x08006a20                _ZN10__cxxabiv120__si_class_type_infoD1Ev
                0x08006a20                _ZN10__cxxabiv120__si_class_type_infoD2Ev
 .text._ZN10__cxxabiv120__si_class_type_infoD0Ev
                0x08006a34       0x1c d:/clion/gcc_arm/gcc-arm-11.2-2022.02-mingw-w64-i686-arm-none-eabi/gcc-arm-11.2-2022.02-mingw-w64-i686-arm-none-eabi/bin/../lib/gcc/arm-none-eabi/11.2.1/thumb/v7e-m+fp/hard\libstdc++.a(si_class_type_info.o)
                0x08006a34                _ZN10__cxxabiv120__si_class_type_infoD0Ev
 .text._ZNK10__cxxabiv120__si_class_type_info20__do_find_public_srcEiPKvPKNS_17__class_type_infoES2_
                0x08006a50       0x3c d:/clion/gcc_arm/gcc-arm-11.2-2022.02-mingw-w64-i686-arm-none-eabi/gcc-arm-11.2-2022.02-mingw-w64-i686-arm-none-eabi/bin/../lib/gcc/arm-none-eabi/11.2.1/thumb/v7e-m+fp/hard\libstdc++.a(si_class_type_info.o)
                0x08006a50                _ZNK10__cxxabiv120__si_class_type_info20__do_find_public_srcEiPKvPKNS_17__class_type_infoES2_
 .text._ZNK10__cxxabiv120__si_class_type_info12__do_dyncastEiNS_17__class_type_info10__sub_kindEPKS1_PKvS4_S6_RNS1_16__dyncast_resultE
                0x08006a8c       0x7c d:/clion/gcc_arm/gcc-arm-11.2-2022.02-mingw-w64-i686-arm-none-eabi/gcc-arm-11.2-2022.02-mingw-w64-i686-arm-none-eabi/bin/../lib/gcc/arm-none-eabi/11.2.1/thumb/v7e-m+fp/hard\libstdc++.a(si_class_type_info.o)
                0x08006a8c                _ZNK10__cxxabiv120__si_class_type_info12__do_dyncastEiNS_17__class_type_info10__sub_kindEPKS1_PKvS4_S6_RNS1_16__dyncast_resultE
 .text._ZNK10__cxxabiv120__si_class_type_info11__do_upcastEPKNS_17__class_type_infoEPKvRNS1_15__upcast_resultE
                0x08006b08       0x2c d:/clion/gcc_arm/gcc-arm-11.2-2022.02-mingw-w64-i686-arm-none-eabi/gcc-arm-11.2-2022.02-mingw-w64-i686-arm-none-eabi/bin/../lib/gcc/arm-none-eabi/11.2.1/thumb/v7e-m+fp/hard\libstdc++.a(si_class_type_info.o)
                0x08006b08                _ZNK10__cxxabiv120__si_class_type_info11__do_upcastEPKNS_17__class_type_infoEPKvRNS1_15__upcast_resultE
 .text._ZNSt9type_infoD2Ev
                0x08006b34        0x4 d:/clion/gcc_arm/gcc-arm-11.2-2022.02-mingw-w64-i686-arm-none-eabi/gcc-arm-11.2-2022.02-mingw-w64-i686-arm-none-eabi/bin/../lib/gcc/arm-none-eabi/11.2.1/thumb/v7e-m+fp/hard\libstdc++.a(tinfo.o)
                0x08006b34                _ZNSt9type_infoD2Ev
                0x08006b34                _ZNSt9type_infoD1Ev
 .text._ZNKSt9type_info14__is_pointer_pEv
                0x08006b38        0x4 d:/clion/gcc_arm/gcc-arm-11.2-2022.02-mingw-w64-i686-arm-none-eabi/gcc-arm-11.2-2022.02-mingw-w64-i686-arm-none-eabi/bin/../lib/gcc/arm-none-eabi/11.2.1/thumb/v7e-m+fp/hard\libstdc++.a(tinfo.o)
                0x08006b38                _ZNKSt9type_info14__is_pointer_pEv
                0x08006b38                _ZNKSt9type_info15__is_function_pEv
 .text._ZNKSt9type_infoeqERKS_
                0x08006b3c       0x2c d:/clion/gcc_arm/gcc-arm-11.2-2022.02-mingw-w64-i686-arm-none-eabi/gcc-arm-11.2-2022.02-mingw-w64-i686-arm-none-eabi/bin/../lib/gcc/arm-none-eabi/11.2.1/thumb/v7e-m+fp/hard\libstdc++.a(tinfo.o)
                0x08006b3c                _ZNKSt9type_infoeqERKS_
 .text._ZN9__gnu_cxx27__verbose_terminate_handlerEv
                0x08006b68      0x10c d:/clion/gcc_arm/gcc-arm-11.2-2022.02-mingw-w64-i686-arm-none-eabi/gcc-arm-11.2-2022.02-mingw-w64-i686-arm-none-eabi/bin/../lib/gcc/arm-none-eabi/11.2.1/thumb/v7e-m+fp/hard\libstdc++.a(vterminate.o)
                0x08006b68                _ZN9__gnu_cxx27__verbose_terminate_handlerEv
 .text._ZNKSt9bad_alloc4whatEv
                0x08006c74        0x8 d:/clion/gcc_arm/gcc-arm-11.2-2022.02-mingw-w64-i686-arm-none-eabi/gcc-arm-11.2-2022.02-mingw-w64-i686-arm-none-eabi/bin/../lib/gcc/arm-none-eabi/11.2.1/thumb/v7e-m+fp/hard\libstdc++.a(bad_alloc.o)
                0x08006c74                _ZNKSt9bad_alloc4whatEv
 .text._ZNSt9bad_allocD2Ev
                0x08006c7c       0x14 d:/clion/gcc_arm/gcc-arm-11.2-2022.02-mingw-w64-i686-arm-none-eabi/gcc-arm-11.2-2022.02-mingw-w64-i686-arm-none-eabi/bin/../lib/gcc/arm-none-eabi/11.2.1/thumb/v7e-m+fp/hard\libstdc++.a(bad_alloc.o)
                0x08006c7c                _ZNSt9bad_allocD1Ev
                0x08006c7c                _ZNSt9bad_allocD2Ev
 .text._ZNSt9bad_allocD0Ev
                0x08006c90       0x1c d:/clion/gcc_arm/gcc-arm-11.2-2022.02-mingw-w64-i686-arm-none-eabi/gcc-arm-11.2-2022.02-mingw-w64-i686-arm-none-eabi/bin/../lib/gcc/arm-none-eabi/11.2.1/thumb/v7e-m+fp/hard\libstdc++.a(bad_alloc.o)
                0x08006c90                _ZNSt9bad_allocD0Ev
 .text.d_make_comp
                0x08006cac       0xf0 d:/clion/gcc_arm/gcc-arm-11.2-2022.02-mingw-w64-i686-arm-none-eabi/gcc-arm-11.2-2022.02-mingw-w64-i686-arm-none-eabi/bin/../lib/gcc/arm-none-eabi/11.2.1/thumb/v7e-m+fp/hard\libstdc++.a(cp-demangle.o)
 .text.d_number
                0x08006d9c       0x74 d:/clion/gcc_arm/gcc-arm-11.2-2022.02-mingw-w64-i686-arm-none-eabi/gcc-arm-11.2-2022.02-mingw-w64-i686-arm-none-eabi/bin/../lib/gcc/arm-none-eabi/11.2.1/thumb/v7e-m+fp/hard\libstdc++.a(cp-demangle.o)
 .text.d_call_offset
                0x08006e10       0x48 d:/clion/gcc_arm/gcc-arm-11.2-2022.02-mingw-w64-i686-arm-none-eabi/gcc-arm-11.2-2022.02-mingw-w64-i686-arm-none-eabi/bin/../lib/gcc/arm-none-eabi/11.2.1/thumb/v7e-m+fp/hard\libstdc++.a(cp-demangle.o)
 .text.d_ref_qualifier
                0x08006e58       0x38 d:/clion/gcc_arm/gcc-arm-11.2-2022.02-mingw-w64-i686-arm-none-eabi/gcc-arm-11.2-2022.02-mingw-w64-i686-arm-none-eabi/bin/../lib/gcc/arm-none-eabi/11.2.1/thumb/v7e-m+fp/hard\libstdc++.a(cp-demangle.o)
 .text.d_count_templates_scopes
                0x08006e90       0xd4 d:/clion/gcc_arm/gcc-arm-11.2-2022.02-mingw-w64-i686-arm-none-eabi/gcc-arm-11.2-2022.02-mingw-w64-i686-arm-none-eabi/bin/../lib/gcc/arm-none-eabi/11.2.1/thumb/v7e-m+fp/hard\libstdc++.a(cp-demangle.o)
 .text.d_pack_length
                0x08006f64       0x1c d:/clion/gcc_arm/gcc-arm-11.2-2022.02-mingw-w64-i686-arm-none-eabi/gcc-arm-11.2-2022.02-mingw-w64-i686-arm-none-eabi/bin/../lib/gcc/arm-none-eabi/11.2.1/thumb/v7e-m+fp/hard\libstdc++.a(cp-demangle.o)
 .text.d_discriminator
                0x08006f80       0x48 d:/clion/gcc_arm/gcc-arm-11.2-2022.02-mingw-w64-i686-arm-none-eabi/gcc-arm-11.2-2022.02-mingw-w64-i686-arm-none-eabi/bin/../lib/gcc/arm-none-eabi/11.2.1/thumb/v7e-m+fp/hard\libstdc++.a(cp-demangle.o)
 .text.d_index_template_argument.part.0
                0x08006fc8       0x1c d:/clion/gcc_arm/gcc-arm-11.2-2022.02-mingw-w64-i686-arm-none-eabi/gcc-arm-11.2-2022.02-mingw-w64-i686-arm-none-eabi/bin/../lib/gcc/arm-none-eabi/11.2.1/thumb/v7e-m+fp/hard\libstdc++.a(cp-demangle.o)
 .text.d_growable_string_callback_adapter
                0x08006fe4       0x78 d:/clion/gcc_arm/gcc-arm-11.2-2022.02-mingw-w64-i686-arm-none-eabi/gcc-arm-11.2-2022.02-mingw-w64-i686-arm-none-eabi/bin/../lib/gcc/arm-none-eabi/11.2.1/thumb/v7e-m+fp/hard\libstdc++.a(cp-demangle.o)
 .text.next_is_type_qual.isra.0
                0x0800705c       0x30 d:/clion/gcc_arm/gcc-arm-11.2-2022.02-mingw-w64-i686-arm-none-eabi/gcc-arm-11.2-2022.02-mingw-w64-i686-arm-none-eabi/bin/../lib/gcc/arm-none-eabi/11.2.1/thumb/v7e-m+fp/hard\libstdc++.a(cp-demangle.o)
 .text.d_append_char
                0x0800708c       0x44 d:/clion/gcc_arm/gcc-arm-11.2-2022.02-mingw-w64-i686-arm-none-eabi/gcc-arm-11.2-2022.02-mingw-w64-i686-arm-none-eabi/bin/../lib/gcc/arm-none-eabi/11.2.1/thumb/v7e-m+fp/hard\libstdc++.a(cp-demangle.o)
 .text.d_lookup_template_argument
                0x080070d0       0x38 d:/clion/gcc_arm/gcc-arm-11.2-2022.02-mingw-w64-i686-arm-none-eabi/gcc-arm-11.2-2022.02-mingw-w64-i686-arm-none-eabi/bin/../lib/gcc/arm-none-eabi/11.2.1/thumb/v7e-m+fp/hard\libstdc++.a(cp-demangle.o)
 .text.d_find_pack
                0x08007108       0x94 d:/clion/gcc_arm/gcc-arm-11.2-2022.02-mingw-w64-i686-arm-none-eabi/gcc-arm-11.2-2022.02-mingw-w64-i686-arm-none-eabi/bin/../lib/gcc/arm-none-eabi/11.2.1/thumb/v7e-m+fp/hard\libstdc++.a(cp-demangle.o)
 .text.d_append_string
                0x0800719c       0x68 d:/clion/gcc_arm/gcc-arm-11.2-2022.02-mingw-w64-i686-arm-none-eabi/gcc-arm-11.2-2022.02-mingw-w64-i686-arm-none-eabi/bin/../lib/gcc/arm-none-eabi/11.2.1/thumb/v7e-m+fp/hard\libstdc++.a(cp-demangle.o)
 .text.d_template_param
                0x08007204       0x60 d:/clion/gcc_arm/gcc-arm-11.2-2022.02-mingw-w64-i686-arm-none-eabi/gcc-arm-11.2-2022.02-mingw-w64-i686-arm-none-eabi/bin/../lib/gcc/arm-none-eabi/11.2.1/thumb/v7e-m+fp/hard\libstdc++.a(cp-demangle.o)
 .text.d_append_num
                0x08007264       0x78 d:/clion/gcc_arm/gcc-arm-11.2-2022.02-mingw-w64-i686-arm-none-eabi/gcc-arm-11.2-2022.02-mingw-w64-i686-arm-none-eabi/bin/../lib/gcc/arm-none-eabi/11.2.1/thumb/v7e-m+fp/hard\libstdc++.a(cp-demangle.o)
 .text.d_source_name
                0x080072dc       0xe0 d:/clion/gcc_arm/gcc-arm-11.2-2022.02-mingw-w64-i686-arm-none-eabi/gcc-arm-11.2-2022.02-mingw-w64-i686-arm-none-eabi/bin/../lib/gcc/arm-none-eabi/11.2.1/thumb/v7e-m+fp/hard\libstdc++.a(cp-demangle.o)
 .text.d_substitution
                0x080073bc      0x194 d:/clion/gcc_arm/gcc-arm-11.2-2022.02-mingw-w64-i686-arm-none-eabi/gcc-arm-11.2-2022.02-mingw-w64-i686-arm-none-eabi/bin/../lib/gcc/arm-none-eabi/11.2.1/thumb/v7e-m+fp/hard\libstdc++.a(cp-demangle.o)
 .text.d_type   0x08007550      0x870 d:/clion/gcc_arm/gcc-arm-11.2-2022.02-mingw-w64-i686-arm-none-eabi/gcc-arm-11.2-2022.02-mingw-w64-i686-arm-none-eabi/bin/../lib/gcc/arm-none-eabi/11.2.1/thumb/v7e-m+fp/hard\libstdc++.a(cp-demangle.o)
 .text.d_parmlist
                0x08007dc0       0x80 d:/clion/gcc_arm/gcc-arm-11.2-2022.02-mingw-w64-i686-arm-none-eabi/gcc-arm-11.2-2022.02-mingw-w64-i686-arm-none-eabi/bin/../lib/gcc/arm-none-eabi/11.2.1/thumb/v7e-m+fp/hard\libstdc++.a(cp-demangle.o)
 .text.d_bare_function_type
                0x08007e40       0x48 d:/clion/gcc_arm/gcc-arm-11.2-2022.02-mingw-w64-i686-arm-none-eabi/gcc-arm-11.2-2022.02-mingw-w64-i686-arm-none-eabi/bin/../lib/gcc/arm-none-eabi/11.2.1/thumb/v7e-m+fp/hard\libstdc++.a(cp-demangle.o)
 .text.d_function_type
                0x08007e88       0x6c d:/clion/gcc_arm/gcc-arm-11.2-2022.02-mingw-w64-i686-arm-none-eabi/gcc-arm-11.2-2022.02-mingw-w64-i686-arm-none-eabi/bin/../lib/gcc/arm-none-eabi/11.2.1/thumb/v7e-m+fp/hard\libstdc++.a(cp-demangle.o)
 .text.d_operator_name
                0x08007ef4      0x108 d:/clion/gcc_arm/gcc-arm-11.2-2022.02-mingw-w64-i686-arm-none-eabi/gcc-arm-11.2-2022.02-mingw-w64-i686-arm-none-eabi/bin/../lib/gcc/arm-none-eabi/11.2.1/thumb/v7e-m+fp/hard\libstdc++.a(cp-demangle.o)
 .text.d_unqualified_name
                0x08007ffc      0x340 d:/clion/gcc_arm/gcc-arm-11.2-2022.02-mingw-w64-i686-arm-none-eabi/gcc-arm-11.2-2022.02-mingw-w64-i686-arm-none-eabi/bin/../lib/gcc/arm-none-eabi/11.2.1/thumb/v7e-m+fp/hard\libstdc++.a(cp-demangle.o)
 .text.d_expr_primary
                0x0800833c      0x120 d:/clion/gcc_arm/gcc-arm-11.2-2022.02-mingw-w64-i686-arm-none-eabi/gcc-arm-11.2-2022.02-mingw-w64-i686-arm-none-eabi/bin/../lib/gcc/arm-none-eabi/11.2.1/thumb/v7e-m+fp/hard\libstdc++.a(cp-demangle.o)
 .text.d_template_arg
                0x0800845c       0x58 d:/clion/gcc_arm/gcc-arm-11.2-2022.02-mingw-w64-i686-arm-none-eabi/gcc-arm-11.2-2022.02-mingw-w64-i686-arm-none-eabi/bin/../lib/gcc/arm-none-eabi/11.2.1/thumb/v7e-m+fp/hard\libstdc++.a(cp-demangle.o)
 .text.d_template_args_1
                0x080084b4       0x64 d:/clion/gcc_arm/gcc-arm-11.2-2022.02-mingw-w64-i686-arm-none-eabi/gcc-arm-11.2-2022.02-mingw-w64-i686-arm-none-eabi/bin/../lib/gcc/arm-none-eabi/11.2.1/thumb/v7e-m+fp/hard\libstdc++.a(cp-demangle.o)
 .text.d_prefix
                0x08008518      0x12c d:/clion/gcc_arm/gcc-arm-11.2-2022.02-mingw-w64-i686-arm-none-eabi/gcc-arm-11.2-2022.02-mingw-w64-i686-arm-none-eabi/bin/../lib/gcc/arm-none-eabi/11.2.1/thumb/v7e-m+fp/hard\libstdc++.a(cp-demangle.o)
 .text.d_expression_1
                0x08008644      0x4ec d:/clion/gcc_arm/gcc-arm-11.2-2022.02-mingw-w64-i686-arm-none-eabi/gcc-arm-11.2-2022.02-mingw-w64-i686-arm-none-eabi/bin/../lib/gcc/arm-none-eabi/11.2.1/thumb/v7e-m+fp/hard\libstdc++.a(cp-demangle.o)
 .text.d_exprlist
                0x08008b30       0x74 d:/clion/gcc_arm/gcc-arm-11.2-2022.02-mingw-w64-i686-arm-none-eabi/gcc-arm-11.2-2022.02-mingw-w64-i686-arm-none-eabi/bin/../lib/gcc/arm-none-eabi/11.2.1/thumb/v7e-m+fp/hard\libstdc++.a(cp-demangle.o)
 .text.d_cv_qualifiers
                0x08008ba4      0x154 d:/clion/gcc_arm/gcc-arm-11.2-2022.02-mingw-w64-i686-arm-none-eabi/gcc-arm-11.2-2022.02-mingw-w64-i686-arm-none-eabi/bin/../lib/gcc/arm-none-eabi/11.2.1/thumb/v7e-m+fp/hard\libstdc++.a(cp-demangle.o)
 .text.d_special_name
                0x08008cf8      0x474 d:/clion/gcc_arm/gcc-arm-11.2-2022.02-mingw-w64-i686-arm-none-eabi/gcc-arm-11.2-2022.02-mingw-w64-i686-arm-none-eabi/bin/../lib/gcc/arm-none-eabi/11.2.1/thumb/v7e-m+fp/hard\libstdc++.a(cp-demangle.o)
 .text.d_name   0x0800916c      0x29c d:/clion/gcc_arm/gcc-arm-11.2-2022.02-mingw-w64-i686-arm-none-eabi/gcc-arm-11.2-2022.02-mingw-w64-i686-arm-none-eabi/bin/../lib/gcc/arm-none-eabi/11.2.1/thumb/v7e-m+fp/hard\libstdc++.a(cp-demangle.o)
 .text.d_encoding.part.0
                0x08009408       0xf8 d:/clion/gcc_arm/gcc-arm-11.2-2022.02-mingw-w64-i686-arm-none-eabi/gcc-arm-11.2-2022.02-mingw-w64-i686-arm-none-eabi/bin/../lib/gcc/arm-none-eabi/11.2.1/thumb/v7e-m+fp/hard\libstdc++.a(cp-demangle.o)
 .text.d_print_comp_inner
                0x08009500     0x20f4 d:/clion/gcc_arm/gcc-arm-11.2-2022.02-mingw-w64-i686-arm-none-eabi/gcc-arm-11.2-2022.02-mingw-w64-i686-arm-none-eabi/bin/../lib/gcc/arm-none-eabi/11.2.1/thumb/v7e-m+fp/hard\libstdc++.a(cp-demangle.o)
 .text.d_print_comp
                0x0800b5f4       0x5c d:/clion/gcc_arm/gcc-arm-11.2-2022.02-mingw-w64-i686-arm-none-eabi/gcc-arm-11.2-2022.02-mingw-w64-i686-arm-none-eabi/bin/../lib/gcc/arm-none-eabi/11.2.1/thumb/v7e-m+fp/hard\libstdc++.a(cp-demangle.o)
 .text.d_print_mod
                0x0800b650      0x638 d:/clion/gcc_arm/gcc-arm-11.2-2022.02-mingw-w64-i686-arm-none-eabi/gcc-arm-11.2-2022.02-mingw-w64-i686-arm-none-eabi/bin/../lib/gcc/arm-none-eabi/11.2.1/thumb/v7e-m+fp/hard\libstdc++.a(cp-demangle.o)
 .text.d_print_function_type
                0x0800bc88      0x1d8 d:/clion/gcc_arm/gcc-arm-11.2-2022.02-mingw-w64-i686-arm-none-eabi/gcc-arm-11.2-2022.02-mingw-w64-i686-arm-none-eabi/bin/../lib/gcc/arm-none-eabi/11.2.1/thumb/v7e-m+fp/hard\libstdc++.a(cp-demangle.o)
 .text.d_print_mod_list
                0x0800be60      0x248 d:/clion/gcc_arm/gcc-arm-11.2-2022.02-mingw-w64-i686-arm-none-eabi/gcc-arm-11.2-2022.02-mingw-w64-i686-arm-none-eabi/bin/../lib/gcc/arm-none-eabi/11.2.1/thumb/v7e-m+fp/hard\libstdc++.a(cp-demangle.o)
 .text.d_print_array_type
                0x0800c0a8      0x1c8 d:/clion/gcc_arm/gcc-arm-11.2-2022.02-mingw-w64-i686-arm-none-eabi/gcc-arm-11.2-2022.02-mingw-w64-i686-arm-none-eabi/bin/../lib/gcc/arm-none-eabi/11.2.1/thumb/v7e-m+fp/hard\libstdc++.a(cp-demangle.o)
 .text.d_print_expr_op
                0x0800c270       0x78 d:/clion/gcc_arm/gcc-arm-11.2-2022.02-mingw-w64-i686-arm-none-eabi/gcc-arm-11.2-2022.02-mingw-w64-i686-arm-none-eabi/bin/../lib/gcc/arm-none-eabi/11.2.1/thumb/v7e-m+fp/hard\libstdc++.a(cp-demangle.o)
 .text.d_demangle_callback.constprop.0
                0x0800c2e8      0x380 d:/clion/gcc_arm/gcc-arm-11.2-2022.02-mingw-w64-i686-arm-none-eabi/gcc-arm-11.2-2022.02-mingw-w64-i686-arm-none-eabi/bin/../lib/gcc/arm-none-eabi/11.2.1/thumb/v7e-m+fp/hard\libstdc++.a(cp-demangle.o)
 .text.d_print_subexpr
                0x0800c668       0xdc d:/clion/gcc_arm/gcc-arm-11.2-2022.02-mingw-w64-i686-arm-none-eabi/gcc-arm-11.2-2022.02-mingw-w64-i686-arm-none-eabi/bin/../lib/gcc/arm-none-eabi/11.2.1/thumb/v7e-m+fp/hard\libstdc++.a(cp-demangle.o)
 .text.d_maybe_print_fold_expression
                0x0800c744      0x254 d:/clion/gcc_arm/gcc-arm-11.2-2022.02-mingw-w64-i686-arm-none-eabi/gcc-arm-11.2-2022.02-mingw-w64-i686-arm-none-eabi/bin/../lib/gcc/arm-none-eabi/11.2.1/thumb/v7e-m+fp/hard\libstdc++.a(cp-demangle.o)
 .text.d_maybe_print_designated_init
                0x0800c998      0x1e4 d:/clion/gcc_arm/gcc-arm-11.2-2022.02-mingw-w64-i686-arm-none-eabi/gcc-arm-11.2-2022.02-mingw-w64-i686-arm-none-eabi/bin/../lib/gcc/arm-none-eabi/11.2.1/thumb/v7e-m+fp/hard\libstdc++.a(cp-demangle.o)
 .text.__cxa_demangle
                0x0800cb7c       0xc4 d:/clion/gcc_arm/gcc-arm-11.2-2022.02-mingw-w64-i686-arm-none-eabi/gcc-arm-11.2-2022.02-mingw-w64-i686-arm-none-eabi/bin/../lib/gcc/arm-none-eabi/11.2.1/thumb/v7e-m+fp/hard\libstdc++.a(cp-demangle.o)
                0x0800cb7c                __cxa_demangle
 .text._ZdlPv   0x0800cc40        0x4 d:/clion/gcc_arm/gcc-arm-11.2-2022.02-mingw-w64-i686-arm-none-eabi/gcc-arm-11.2-2022.02-mingw-w64-i686-arm-none-eabi/bin/../lib/gcc/arm-none-eabi/11.2.1/thumb/v7e-m+fp/hard\libstdc++.a(del_op.o)
                0x0800cc40                _ZdlPv
 .text._ZN12_GLOBAL__N_14pool4freeEPv.constprop.0
                0x0800cc44       0x88 d:/clion/gcc_arm/gcc-arm-11.2-2022.02-mingw-w64-i686-arm-none-eabi/gcc-arm-11.2-2022.02-mingw-w64-i686-arm-none-eabi/bin/../lib/gcc/arm-none-eabi/11.2.1/thumb/v7e-m+fp/hard\libstdc++.a(eh_alloc.o)
 .text._ZN12_GLOBAL__N_14pool8allocateEj.constprop.0
                0x0800cccc       0x58 d:/clion/gcc_arm/gcc-arm-11.2-2022.02-mingw-w64-i686-arm-none-eabi/gcc-arm-11.2-2022.02-mingw-w64-i686-arm-none-eabi/bin/../lib/gcc/arm-none-eabi/11.2.1/thumb/v7e-m+fp/hard\libstdc++.a(eh_alloc.o)
 .text.__cxa_allocate_exception
                0x0800cd24       0x30 d:/clion/gcc_arm/gcc-arm-11.2-2022.02-mingw-w64-i686-arm-none-eabi/gcc-arm-11.2-2022.02-mingw-w64-i686-arm-none-eabi/bin/../lib/gcc/arm-none-eabi/11.2.1/thumb/v7e-m+fp/hard\libstdc++.a(eh_alloc.o)
                0x0800cd24                __cxa_allocate_exception
 .text.__cxa_free_exception
                0x0800cd54       0x20 d:/clion/gcc_arm/gcc-arm-11.2-2022.02-mingw-w64-i686-arm-none-eabi/gcc-arm-11.2-2022.02-mingw-w64-i686-arm-none-eabi/bin/../lib/gcc/arm-none-eabi/11.2.1/thumb/v7e-m+fp/hard\libstdc++.a(eh_alloc.o)
                0x0800cd54                __cxa_free_exception
 .text.startup._GLOBAL__sub_I__ZN9__gnu_cxx9__freeresEv
                0x0800cd74       0x28 d:/clion/gcc_arm/gcc-arm-11.2-2022.02-mingw-w64-i686-arm-none-eabi/gcc-arm-11.2-2022.02-mingw-w64-i686-arm-none-eabi/bin/../lib/gcc/arm-none-eabi/11.2.1/thumb/v7e-m+fp/hard\libstdc++.a(eh_alloc.o)
 .text._ZN10__cxxabiv1L24__is_gxx_exception_classEPc
                0x0800cd9c       0x3c d:/clion/gcc_arm/gcc-arm-11.2-2022.02-mingw-w64-i686-arm-none-eabi/gcc-arm-11.2-2022.02-mingw-w64-i686-arm-none-eabi/bin/../lib/gcc/arm-none-eabi/11.2.1/thumb/v7e-m+fp/hard\libstdc++.a(eh_call.o)
 .text.__cxa_call_terminate
                0x0800cdd8       0x20 d:/clion/gcc_arm/gcc-arm-11.2-2022.02-mingw-w64-i686-arm-none-eabi/gcc-arm-11.2-2022.02-mingw-w64-i686-arm-none-eabi/bin/../lib/gcc/arm-none-eabi/11.2.1/thumb/v7e-m+fp/hard\libstdc++.a(eh_call.o)
                0x0800cdd8                __cxa_call_terminate
 .text.unlikely.__cxa_call_unexpected
                0x0800cdf8       0xe4 d:/clion/gcc_arm/gcc-arm-11.2-2022.02-mingw-w64-i686-arm-none-eabi/gcc-arm-11.2-2022.02-mingw-w64-i686-arm-none-eabi/bin/../lib/gcc/arm-none-eabi/11.2.1/thumb/v7e-m+fp/hard\libstdc++.a(eh_call.o)
                0x0800cdf8                __cxa_call_unexpected
 .text.__cxa_begin_catch
                0x0800cedc       0x7c d:/clion/gcc_arm/gcc-arm-11.2-2022.02-mingw-w64-i686-arm-none-eabi/gcc-arm-11.2-2022.02-mingw-w64-i686-arm-none-eabi/bin/../lib/gcc/arm-none-eabi/11.2.1/thumb/v7e-m+fp/hard\libstdc++.a(eh_catch.o)
                0x0800cedc                __cxa_begin_catch
 .text.__cxa_end_catch
                0x0800cf58       0x8c d:/clion/gcc_arm/gcc-arm-11.2-2022.02-mingw-w64-i686-arm-none-eabi/gcc-arm-11.2-2022.02-mingw-w64-i686-arm-none-eabi/bin/../lib/gcc/arm-none-eabi/11.2.1/thumb/v7e-m+fp/hard\libstdc++.a(eh_catch.o)
                0x0800cf58                __cxa_end_catch
 .text._ZL23__gxx_exception_cleanup19_Unwind_Reason_CodeP21_Unwind_Control_Block
                0x0800cfe4       0x4c d:/clion/gcc_arm/gcc-arm-11.2-2022.02-mingw-w64-i686-arm-none-eabi/gcc-arm-11.2-2022.02-mingw-w64-i686-arm-none-eabi/bin/../lib/gcc/arm-none-eabi/11.2.1/thumb/v7e-m+fp/hard\libstdc++.a(eh_throw.o)
 .text.__cxa_init_primary_exception
                0x0800d030       0x58 d:/clion/gcc_arm/gcc-arm-11.2-2022.02-mingw-w64-i686-arm-none-eabi/gcc-arm-11.2-2022.02-mingw-w64-i686-arm-none-eabi/bin/../lib/gcc/arm-none-eabi/11.2.1/thumb/v7e-m+fp/hard\libstdc++.a(eh_throw.o)
                0x0800d030                __cxa_init_primary_exception
 .text.__cxa_throw
                0x0800d088       0x38 d:/clion/gcc_arm/gcc-arm-11.2-2022.02-mingw-w64-i686-arm-none-eabi/gcc-arm-11.2-2022.02-mingw-w64-i686-arm-none-eabi/bin/../lib/gcc/arm-none-eabi/11.2.1/thumb/v7e-m+fp/hard\libstdc++.a(eh_throw.o)
                0x0800d088                __cxa_throw
 .text.__cxa_rethrow
                0x0800d0c0       0x70 d:/clion/gcc_arm/gcc-arm-11.2-2022.02-mingw-w64-i686-arm-none-eabi/gcc-arm-11.2-2022.02-mingw-w64-i686-arm-none-eabi/bin/../lib/gcc/arm-none-eabi/11.2.1/thumb/v7e-m+fp/hard\libstdc++.a(eh_throw.o)
                0x0800d0c0                __cxa_rethrow
 .text.__cxa_current_exception_type
                0x0800d130       0x1c d:/clion/gcc_arm/gcc-arm-11.2-2022.02-mingw-w64-i686-arm-none-eabi/gcc-arm-11.2-2022.02-mingw-w64-i686-arm-none-eabi/bin/../lib/gcc/arm-none-eabi/11.2.1/thumb/v7e-m+fp/hard\libstdc++.a(eh_type.o)
                0x0800d130                __cxa_current_exception_type
 .text._ZSt15get_new_handlerv
                0x0800d14c       0x10 d:/clion/gcc_arm/gcc-arm-11.2-2022.02-mingw-w64-i686-arm-none-eabi/gcc-arm-11.2-2022.02-mingw-w64-i686-arm-none-eabi/bin/../lib/gcc/arm-none-eabi/11.2.1/thumb/v7e-m+fp/hard\libstdc++.a(new_handler.o)
                0x0800d14c                _ZSt15get_new_handlerv
 .text.asinf    0x0800d15c       0x58 d:/clion/gcc_arm/gcc-arm-11.2-2022.02-mingw-w64-i686-arm-none-eabi/gcc-arm-11.2-2022.02-mingw-w64-i686-arm-none-eabi/bin/../lib/gcc/arm-none-eabi/11.2.1/thumb/v7e-m+fp/hard\libm.a(lib_a-wf_asin.o)
                0x0800d15c                asinf
 .text.atan2f   0x0800d1b4        0x4 d:/clion/gcc_arm/gcc-arm-11.2-2022.02-mingw-w64-i686-arm-none-eabi/gcc-arm-11.2-2022.02-mingw-w64-i686-arm-none-eabi/bin/../lib/gcc/arm-none-eabi/11.2.1/thumb/v7e-m+fp/hard\libm.a(lib_a-wf_atan2.o)
                0x0800d1b4                atan2f
 .text.sqrt     0x0800d1b8       0x68 d:/clion/gcc_arm/gcc-arm-11.2-2022.02-mingw-w64-i686-arm-none-eabi/gcc-arm-11.2-2022.02-mingw-w64-i686-arm-none-eabi/bin/../lib/gcc/arm-none-eabi/11.2.1/thumb/v7e-m+fp/hard\libm.a(lib_a-w_sqrt.o)
                0x0800d1b8                sqrt
 .text.__ieee754_asinf
                0x0800d220      0x20c d:/clion/gcc_arm/gcc-arm-11.2-2022.02-mingw-w64-i686-arm-none-eabi/gcc-arm-11.2-2022.02-mingw-w64-i686-arm-none-eabi/bin/../lib/gcc/arm-none-eabi/11.2.1/thumb/v7e-m+fp/hard\libm.a(lib_a-ef_asin.o)
                0x0800d220                __ieee754_asinf
 .text.__ieee754_atan2f
                0x0800d42c      0x150 d:/clion/gcc_arm/gcc-arm-11.2-2022.02-mingw-w64-i686-arm-none-eabi/gcc-arm-11.2-2022.02-mingw-w64-i686-arm-none-eabi/bin/../lib/gcc/arm-none-eabi/11.2.1/thumb/v7e-m+fp/hard\libm.a(lib_a-ef_atan2.o)
                0x0800d42c                __ieee754_atan2f
 .text.__ieee754_sqrtf
                0x0800d57c        0x8 d:/clion/gcc_arm/gcc-arm-11.2-2022.02-mingw-w64-i686-arm-none-eabi/gcc-arm-11.2-2022.02-mingw-w64-i686-arm-none-eabi/bin/../lib/gcc/arm-none-eabi/11.2.1/thumb/v7e-m+fp/hard\libm.a(lib_a-ef_sqrt.o)
                0x0800d57c                __ieee754_sqrtf
 .text.__ieee754_sqrt
                0x0800d584      0x194 d:/clion/gcc_arm/gcc-arm-11.2-2022.02-mingw-w64-i686-arm-none-eabi/gcc-arm-11.2-2022.02-mingw-w64-i686-arm-none-eabi/bin/../lib/gcc/arm-none-eabi/11.2.1/thumb/v7e-m+fp/hard\libm.a(lib_a-e_sqrt.o)
                0x0800d584                __ieee754_sqrt
 .text.atanf    0x0800d718      0x1b4 d:/clion/gcc_arm/gcc-arm-11.2-2022.02-mingw-w64-i686-arm-none-eabi/gcc-arm-11.2-2022.02-mingw-w64-i686-arm-none-eabi/bin/../lib/gcc/arm-none-eabi/11.2.1/thumb/v7e-m+fp/hard\libm.a(lib_a-sf_atan.o)
                0x0800d718                atanf
 .text.fabsf    0x0800d8cc       0x10 d:/clion/gcc_arm/gcc-arm-11.2-2022.02-mingw-w64-i686-arm-none-eabi/gcc-arm-11.2-2022.02-mingw-w64-i686-arm-none-eabi/bin/../lib/gcc/arm-none-eabi/11.2.1/thumb/v7e-m+fp/hard\libm.a(lib_a-sf_fabs.o)
                0x0800d8cc                fabsf
 .text.nanf     0x0800d8dc        0xc d:/clion/gcc_arm/gcc-arm-11.2-2022.02-mingw-w64-i686-arm-none-eabi/gcc-arm-11.2-2022.02-mingw-w64-i686-arm-none-eabi/bin/../lib/gcc/arm-none-eabi/11.2.1/thumb/v7e-m+fp/hard\libm.a(lib_a-sf_nan.o)
                0x0800d8dc                nanf
 .text.__udivmoddi4
                0x0800d8e8      0x2c8 d:/clion/gcc_arm/gcc-arm-11.2-2022.02-mingw-w64-i686-arm-none-eabi/gcc-arm-11.2-2022.02-mingw-w64-i686-arm-none-eabi/bin/../lib/gcc/arm-none-eabi/11.2.1/thumb/v7e-m+fp/hard\libgcc.a(_udivmoddi4.o)
                0x0800d8e8                __udivmoddi4
 .text.selfrel_offset31
                0x0800dbb0       0x14 d:/clion/gcc_arm/gcc-arm-11.2-2022.02-mingw-w64-i686-arm-none-eabi/gcc-arm-11.2-2022.02-mingw-w64-i686-arm-none-eabi/bin/../lib/gcc/arm-none-eabi/11.2.1/thumb/v7e-m+fp/hard\libgcc.a(unwind-arm.o)
 .text.search_EIT_table
                0x0800dbc4       0x5c d:/clion/gcc_arm/gcc-arm-11.2-2022.02-mingw-w64-i686-arm-none-eabi/gcc-arm-11.2-2022.02-mingw-w64-i686-arm-none-eabi/bin/../lib/gcc/arm-none-eabi/11.2.1/thumb/v7e-m+fp/hard\libgcc.a(unwind-arm.o)
 .text.__gnu_unwind_get_pr_addr
                0x0800dc20       0x28 d:/clion/gcc_arm/gcc-arm-11.2-2022.02-mingw-w64-i686-arm-none-eabi/gcc-arm-11.2-2022.02-mingw-w64-i686-arm-none-eabi/bin/../lib/gcc/arm-none-eabi/11.2.1/thumb/v7e-m+fp/hard\libgcc.a(unwind-arm.o)
 .text.get_eit_entry
                0x0800dc48       0x98 d:/clion/gcc_arm/gcc-arm-11.2-2022.02-mingw-w64-i686-arm-none-eabi/gcc-arm-11.2-2022.02-mingw-w64-i686-arm-none-eabi/bin/../lib/gcc/arm-none-eabi/11.2.1/thumb/v7e-m+fp/hard\libgcc.a(unwind-arm.o)
 .text.restore_non_core_regs
                0x0800dce0       0x58 d:/clion/gcc_arm/gcc-arm-11.2-2022.02-mingw-w64-i686-arm-none-eabi/gcc-arm-11.2-2022.02-mingw-w64-i686-arm-none-eabi/bin/../lib/gcc/arm-none-eabi/11.2.1/thumb/v7e-m+fp/hard\libgcc.a(unwind-arm.o)
 .text._Unwind_decode_typeinfo_ptr.constprop.0
                0x0800dd38        0xc d:/clion/gcc_arm/gcc-arm-11.2-2022.02-mingw-w64-i686-arm-none-eabi/gcc-arm-11.2-2022.02-mingw-w64-i686-arm-none-eabi/bin/../lib/gcc/arm-none-eabi/11.2.1/thumb/v7e-m+fp/hard\libgcc.a(unwind-arm.o)
 .text._Unwind_DebugHook
                0x0800dd44        0x4 d:/clion/gcc_arm/gcc-arm-11.2-2022.02-mingw-w64-i686-arm-none-eabi/gcc-arm-11.2-2022.02-mingw-w64-i686-arm-none-eabi/bin/../lib/gcc/arm-none-eabi/11.2.1/thumb/v7e-m+fp/hard\libgcc.a(unwind-arm.o)
 .text.unwind_phase2
                0x0800dd48       0x3c d:/clion/gcc_arm/gcc-arm-11.2-2022.02-mingw-w64-i686-arm-none-eabi/gcc-arm-11.2-2022.02-mingw-w64-i686-arm-none-eabi/bin/../lib/gcc/arm-none-eabi/11.2.1/thumb/v7e-m+fp/hard\libgcc.a(unwind-arm.o)
 .text.unwind_phase2_forced
                0x0800dd84       0xcc d:/clion/gcc_arm/gcc-arm-11.2-2022.02-mingw-w64-i686-arm-none-eabi/gcc-arm-11.2-2022.02-mingw-w64-i686-arm-none-eabi/bin/../lib/gcc/arm-none-eabi/11.2.1/thumb/v7e-m+fp/hard\libgcc.a(unwind-arm.o)
 .text.__gnu_Unwind_RaiseException