Archive member included to satisfy reference by file (symbol)

d:/clion/gcc_arm/gcc-arm-11.2-2022.02-mingw-w64-i686-arm-none-eabi/gcc-arm-11.2-2022.02-mingw-w64-i686-arm-none-eabi/bin/../lib/gcc/arm-none-eabi/11.2.1/thumb/v7e-m+fp/hard\libstdc++.a(class_type_info.o)
                              CMakeFiles/balance_car.elf.dir/Components/Motor/motor.cpp.obj (_ZTVN10__cxxabiv117__class_type_infoE)
d:/clion/gcc_arm/gcc-arm-11.2-2022.02-mingw-w64-i686-arm-none-eabi/gcc-arm-11.2-2022.02-mingw-w64-i686-arm-none-eabi/bin/../lib/gcc/arm-none-eabi/11.2.1/thumb/v7e-m+fp/hard\libstdc++.a(del_ops.o)
                              CMakeFiles/balance_car.elf.dir/application/motor_task.cpp.obj (_ZdlPvj)
d:/clion/gcc_arm/gcc-arm-11.2-2022.02-mingw-w64-i686-arm-none-eabi/gcc-arm-11.2-2022.02-mingw-w64-i686-arm-none-eabi/bin/../lib/gcc/arm-none-eabi/11.2.1/thumb/v7e-m+fp/hard\libstdc++.a(eh_arm.o)
                              CMakeFiles/balance_car.elf.dir/application/motor_task.cpp.obj (__cxa_end_cleanup)
d:/clion/gcc_arm/gcc-arm-11.2-2022.02-mingw-w64-i686-arm-none-eabi/gcc-arm-11.2-2022.02-mingw-w64-i686-arm-none-eabi/bin/../lib/gcc/arm-none-eabi/11.2.1/thumb/v7e-m+fp/hard\libstdc++.a(eh_exception.o)
                              d:/clion/gcc_arm/gcc-arm-11.2-2022.02-mingw-w64-i686-arm-none-eabi/gcc-arm-11.2-2022.02-mingw-w64-i686-arm-none-eabi/bin/../lib/gcc/arm-none-eabi/11.2.1/thumb/v7e-m+fp/hard\libstdc++.a(eh_arm.o) (_ZTIN10__cxxabiv115__forced_unwindE)
d:/clion/gcc_arm/gcc-arm-11.2-2022.02-mingw-w64-i686-arm-none-eabi/gcc-arm-11.2-2022.02-mingw-w64-i686-arm-none-eabi/bin/../lib/gcc/arm-none-eabi/11.2.1/thumb/v7e-m+fp/hard\libstdc++.a(eh_globals.o)
                              d:/clion/gcc_arm/gcc-arm-11.2-2022.02-mingw-w64-i686-arm-none-eabi/gcc-arm-11.2-2022.02-mingw-w64-i686-arm-none-eabi/bin/../lib/gcc/arm-none-eabi/11.2.1/thumb/v7e-m+fp/hard\libstdc++.a(eh_arm.o) (__cxa_get_globals)
d:/clion/gcc_arm/gcc-arm-11.2-2022.02-mingw-w64-i686-arm-none-eabi/gcc-arm-11.2-2022.02-mingw-w64-i686-arm-none-eabi/bin/../lib/gcc/arm-none-eabi/11.2.1/thumb/v7e-m+fp/hard\libstdc++.a(eh_personality.o)
                              CMakeFiles/balance_car.elf.dir/application/motor_task.cpp.obj (__gxx_personality_v0)
d:/clion/gcc_arm/gcc-arm-11.2-2022.02-mingw-w64-i686-arm-none-eabi/gcc-arm-11.2-2022.02-mingw-w64-i686-arm-none-eabi/bin/../lib/gcc/arm-none-eabi/11.2.1/thumb/v7e-m+fp/hard\libstdc++.a(eh_terminate.o)
                              d:/clion/gcc_arm/gcc-arm-11.2-2022.02-mingw-w64-i686-arm-none-eabi/gcc-arm-11.2-2022.02-mingw-w64-i686-arm-none-eabi/bin/../lib/gcc/arm-none-eabi/11.2.1/thumb/v7e-m+fp/hard\libstdc++.a(eh_arm.o) (_ZSt9terminatev)
d:/clion/gcc_arm/gcc-arm-11.2-2022.02-mingw-w64-i686-arm-none-eabi/gcc-arm-11.2-2022.02-mingw-w64-i686-arm-none-eabi/bin/../lib/gcc/arm-none-eabi/11.2.1/thumb/v7e-m+fp/hard\libstdc++.a(eh_unex_handler.o)
                              d:/clion/gcc_arm/gcc-arm-11.2-2022.02-mingw-w64-i686-arm-none-eabi/gcc-arm-11.2-2022.02-mingw-w64-i686-arm-none-eabi/bin/../lib/gcc/arm-none-eabi/11.2.1/thumb/v7e-m+fp/hard\libstdc++.a(eh_terminate.o) (_ZN10__cxxabiv120__unexpected_handlerE)
d:/clion/gcc_arm/gcc-arm-11.2-2022.02-mingw-w64-i686-arm-none-eabi/gcc-arm-11.2-2022.02-mingw-w64-i686-arm-none-eabi/bin/../lib/gcc/arm-none-eabi/11.2.1/thumb/v7e-m+fp/hard\libstdc++.a(new_op.o)
                              CMakeFiles/balance_car.elf.dir/application/motor_task.cpp.obj (_Znwj)
d:/clion/gcc_arm/gcc-arm-11.2-2022.02-mingw-w64-i686-arm-none-eabi/gcc-arm-11.2-2022.02-mingw-w64-i686-arm-none-eabi/bin/../lib/gcc/arm-none-eabi/11.2.1/thumb/v7e-m+fp/hard\libstdc++.a(si_class_type_info.o)
                              CMakeFiles/balance_car.elf.dir/Components/Motor/M2006.cpp.obj (_ZTVN10__cxxabiv120__si_class_type_infoE)
d:/clion/gcc_arm/gcc-arm-11.2-2022.02-mingw-w64-i686-arm-none-eabi/gcc-arm-11.2-2022.02-mingw-w64-i686-arm-none-eabi/bin/../lib/gcc/arm-none-eabi/11.2.1/thumb/v7e-m+fp/hard\libstdc++.a(tinfo.o)
                              d:/clion/gcc_arm/gcc-arm-11.2-2022.02-mingw-w64-i686-arm-none-eabi/gcc-arm-11.2-2022.02-mingw-w64-i686-arm-none-eabi/bin/../lib/gcc/arm-none-eabi/11.2.1/thumb/v7e-m+fp/hard\libstdc++.a(class_type_info.o) (_ZNSt9type_infoD2Ev)
d:/clion/gcc_arm/gcc-arm-11.2-2022.02-mingw-w64-i686-arm-none-eabi/gcc-arm-11.2-2022.02-mingw-w64-i686-arm-none-eabi/bin/../lib/gcc/arm-none-eabi/11.2.1/thumb/v7e-m+fp/hard\libstdc++.a(vterminate.o)
                              d:/clion/gcc_arm/gcc-arm-11.2-2022.02-mingw-w64-i686-arm-none-eabi/gcc-arm-11.2-2022.02-mingw-w64-i686-arm-none-eabi/bin/../lib/gcc/arm-none-eabi/11.2.1/thumb/v7e-m+fp/hard\libstdc++.a(eh_terminate.o) (_ZN9__gnu_cxx27__verbose_terminate_handlerEv)
d:/clion/gcc_arm/gcc-arm-11.2-2022.02-mingw-w64-i686-arm-none-eabi/gcc-arm-11.2-2022.02-mingw-w64-i686-arm-none-eabi/bin/../lib/gcc/arm-none-eabi/11.2.1/thumb/v7e-m+fp/hard\libstdc++.a(bad_alloc.o)
[...]
Memory Configuration

Name             Origin             Length             Attributes
RAM              0x20000000         0x00020000         xrw
CCMRAM           0x10000000         0x00010000         xrw
FLASH            0x08000000         0x00100000         xr
*default*        0x00000000         0xffffffff

Linker script and memory map

LOAD d:/clion/gcc_arm/gcc-arm-11.2-2022.02-mingw-w64-i686-arm-none-eabi/gcc-arm-11.2-2022.02-mingw-w64-i686-arm-none-eabi/bin/../lib/gcc/arm-none-eabi/11.2.1/thumb/v7e-m+fp/hard/crti.o
LOAD d:/clion/gcc_arm/gcc-arm-11.2-2022.02-mingw-w64-i686-arm-none-eabi/gcc-arm-11.2-2022.02-mingw-w64-i686-arm-none-eabi/bin/../lib/gcc/arm-none-eabi/11.2.1/thumb/v7e-m+fp/hard/crtbegin.o
LOAD d:/clion/gcc_arm/gcc-arm-11.2-2022.02-mingw-w64-i686-arm-none-eabi/gcc-arm-11.2-2022.02-mingw-w64-i686-arm-none-eabi/bin/../lib/gcc/arm-none-eabi/11.2.1/thumb/v7e-m+fp/hard/crt0.o
LOAD CMakeFiles/balance_car.elf.dir/Core/Src/can.c.obj
LOAD CMakeFiles/balance_car.elf.dir/Core/Src/freertos.c.obj
LOAD CMakeFiles/balance_car.elf.dir/Core/Src/gpio.c.obj
LOAD CMakeFiles/balance_car.elf.dir/Core/Src/main.c.obj
LOAD CMakeFiles/balance_car.elf.dir/Core/Src/stm32f4xx_hal_msp.c.obj
LOAD CMakeFiles/balance_car.elf.dir/Core/Src/stm32f4xx_it.c.obj
LOAD CMakeFiles/balance_car.elf.dir/Core/Src/syscalls.c.obj
LOAD CMakeFiles/balance_car.elf.dir/Core/Src/system_stm32f4xx.c.obj
LOAD CMakeFiles/balance_car.elf.dir/Drivers/STM32F4xx_HAL_Driver/Src/stm32f4xx_hal.c.obj
LOAD CMakeFiles/balance_car.elf.dir/Drivers/STM32F4xx_HAL_Driver/Src/stm32f4xx_hal_can.c.obj
LOAD CMakeFiles/balance_car.elf.dir/Drivers/STM32F4xx_HAL_Driver/Src/stm32f4xx_hal_cortex.c.obj
LOAD CMakeFiles/balance_car.elf.dir/Drivers/STM32F4xx_HAL_Driver/Src/stm32f4xx_hal_dma.c.obj
LOAD CMakeFiles/balance_car.elf.dir/Drivers/STM32F4xx_HAL_Driver/Src/stm32f4xx_hal_dma_ex.c.obj
LOAD CMakeFiles/balance_car.elf.dir/Drivers/STM32F4xx_HAL_Driver/Src/stm32f4xx_hal_exti.c.obj
LOAD CMakeFiles/balance_car.elf.dir/Drivers/STM32F4xx_HAL_Driver/Src/stm32f4xx_hal_flash.c.obj
LOAD CMakeFiles/balance_car.elf.dir/Drivers/STM32F4xx_HAL_Driver/Src/stm32f4xx_hal_flash_ex.c.obj
LOAD CMakeFiles/balance_car.elf.dir/Drivers/STM32F4xx_HAL_Driver/Src/stm32f4xx_hal_flash_ramfunc.c.obj
LOAD CMakeFiles/balance_car.elf.dir/Drivers/STM32F4xx_HAL_Driver/Src/stm32f4xx_hal_gpio.c.obj
LOAD CMakeFiles/balance_car.elf.dir/Drivers/STM32F4xx_HAL_Driver/Src/stm32f4xx_hal_pwr.c.obj
LOAD CMakeFiles/balance_car.elf.dir/Drivers/STM32F4xx_HAL_Driver/Src/stm32f4xx_hal_pwr_ex.c.obj
LOAD CMakeFiles/balance_car.elf.dir/Drivers/STM32F4xx_HAL_Driver/Src/stm32f4xx_hal_rcc.c.obj
LOAD CMakeFiles/balance_car.elf.dir/Drivers/STM32F4xx_HAL_Driver/Src/stm32f4xx_hal_rcc_ex.c.obj
LOAD CMakeFiles/balance_car.elf.dir/Drivers/STM32F4xx_HAL_Driver/Src/stm32f4xx_hal_tim.c.obj
LOAD CMakeFiles/balance_car.elf.dir/Drivers/STM32F4xx_HAL_Driver/Src/stm32f4xx_hal_tim_ex.c.obj
LOAD CMakeFiles/balance_car.elf.dir/Middlewares/Third_Party/FreeRTOS/Source/CMSIS_RTOS/cmsis_os.c.obj
LOAD CMakeFiles/balance_car.elf.dir/Middlewares/Third_Party/FreeRTOS/Source/croutine.c.obj
LOAD CMakeFiles/balance_car.elf.dir/Middlewares/Third_Party/FreeRTOS/Source/event_groups.c.obj
LOAD CMakeFiles/balance_car.elf.dir/Middlewares/Third_Party/FreeRTOS/Source/list.c.obj
LOAD CMakeFiles/balance_car.elf.dir/Middlewares/Third_Party/FreeRTOS/Source/portable/GCC/ARM_CM4F/port.c.obj
LOAD CMakeFiles/balance_car.elf.dir/Middlewares/Third_Party/FreeRTOS/Source/portable/MemMang/heap_4.c.obj
LOAD CMakeFiles/balance_car.elf.dir/Middlewares/Third_Party/FreeRTOS/Source/queue.c.obj
LOAD CMakeFiles/balance_car.elf.dir/Middlewares/Third_Party/FreeRTOS/Source/stream_buffer.c.obj
LOAD CMakeFiles/balance_car.elf.dir/Middlewares/Third_Party/FreeRTOS/Source/tasks.c.obj
LOAD CMakeFiles/balance_car.elf.dir/Middlewares/Third_Party/FreeRTOS/Source/timers.c.obj
LOAD CMakeFiles/balance_car.elf.dir/startup/startup_stm32f407xx.s.obj
LOAD CMakeFiles/balance_car.elf.dir/application/motor_task.cpp.obj
LOAD CMakeFiles/balance_car.elf.dir/application/init_task.cpp.obj
LOAD CMakeFiles/balance_car.elf.dir/Components/Motor/motor.cpp.obj
LOAD CMakeFiles/balance_car.elf.dir/Components/Motor/M2006.cpp.obj
LOAD CMakeFiles/balance_car.elf.dir/Components/Math/pid.cpp.obj
LOAD CMakeFiles/balance_car.elf.dir/Components/Math/MahonyAHRS.c.obj
LOAD CMakeFiles/balance_car.elf.dir/Components/Support/canRxCallback.cpp.obj
LOAD d:/clion/gcc_arm/gcc-arm-11.2-2022.02-mingw-w64-i686-arm-none-eabi/gcc-arm-11.2-2022.02-mingw-w64-i686-arm-none-eabi/bin/../lib/gcc/arm-none-eabi/11.2.1/thumb/v7e-m+fp/hard\libstdc++.a
LOAD d:/clion/gcc_arm/gcc-arm-11.2-2022.02-mingw-w64-i686-arm-none-eabi/gcc-arm-11.2-2022.02-mingw-w64-i686-arm-none-eabi/bin/../lib/gcc/arm-none-eabi/11.2.1/thumb/v7e-m+fp/hard\libm.a
START GROUP
LOAD d:/clion/gcc_arm/gcc-arm-11.2-2022.02-mingw-w64-i686-arm-none-eabi/gcc-arm-11.2-2022.02-mingw-w64-i686-arm-none-eabi/bin/../lib/gcc/arm-none-eabi/11.2.1/thumb/v7e-m+fp/hard\libgcc.a
LOAD d:/clion/gcc_arm/gcc-arm-11.2-2022.02-mingw-w64-i686-arm-none-eabi/gcc-arm-11.2-2022.02-mingw-w64-i686-arm-none-eabi/bin/../lib/gcc/arm-none-eabi/11.2.1/thumb/v7e-m+fp/hard\libg.a
LOAD d:/clion/gcc_arm/gcc-arm-11.2-2022.02-mingw-w64-i686-arm-none-eabi/gcc-arm-11.2-2022.02-mingw-w64-i686-arm-none-eabi/bin/../lib/gcc/arm-none-eabi/11.2.1/thumb/v7e-m+fp/hard\libc.a
END GROUP
LOAD d:/clion/gcc_arm/gcc-arm-11.2-2022.02-mingw-w64-i686-arm-none-eabi/gcc-arm-11.2-2022.02-mingw-w64-i686-arm-none-eabi/bin/../lib/gcc/arm-none-eabi/11.2.1/thumb/v7e-m+fp/hard/crtend.o
LOAD d:/clion/gcc_arm/gcc-arm-11.2-2022.02-mingw-w64-i686-arm-none-eabi/gcc-arm-11.2-2022.02-mingw-w64-i686-arm-none-eabi/bin/../lib/gcc/arm-none-eabi/11.2.1/thumb/v7e-m+fp/hard/crtn.o
                0x20020000                _estack = 0x20020000
                0x00000200                _Min_Heap_Size = 0x200
                0x00000400                _Min_Stack_Size = 0x400

.isr_vector     0x08000000      0x188
                0x08000000                . = ALIGN (0x4)
 *(.isr_vector)
 .isr_vector    0x08000000      0x188 CMakeFiles/balance_car.elf.dir/startup/startup_stm32f407xx.s.obj
                0x08000000                g_pfnVectors
                0x08000188                . = ALIGN (0x4)

.text           0x080001c0    0x11f5c
                0x080001c0                . = ALIGN (0x4)
 *(.text)
 .text          0x080001c0      0x378 d:/clion/gcc_arm/gcc-arm-11.2-2022.02-mingw-w64-i686-arm-none-eabi/gcc-arm-11.2-2022.02-mingw-w64-i686-arm-none-eabi/bin/../lib/gcc/arm-none-eabi/11.2.1/thumb/v7e-m+fp/hard\libgcc.a(_arm_addsubdf3.o)
                0x080001c0                __aeabi_drsub
                0x080001c8                __aeabi_dsub
                0x080001c8                __subdf3
                0x080001cc                __aeabi_dadd
                0x080001cc                __adddf3
                0x08000444                __floatunsidf
                0x08000444                __aeabi_ui2d
                0x08000464                __floatsidf
                0x08000464                __aeabi_i2d
                0x08000488                __aeabi_f2d
                0x08000488                __extendsfdf2
                0x080004cc                __floatundidf
                0x080004cc                __aeabi_ul2d
                0x080004dc                __floatdidf
                0x080004dc                __aeabi_l2d
 .text          0x08000538      0x424 d:/clion/gcc_arm/gcc-arm-11.2-2022.02-mingw-w64-i686-arm-none-eabi/gcc-arm-11.2-2022.02-mingw-w64-i686-arm-none-eabi/bin/../lib/gcc/arm-none-eabi/11.2.1/thumb/v7e-m+fp/hard\libgcc.a(_arm_muldivdf3.o)
                0x08000538                __aeabi_dmul
                0x08000538                __muldf3
                0x0800078c                __divdf3
                0x0800078c                __aeabi_ddiv
 .text          0x0800095c      0x110 d:/clion/gcc_arm/gcc-arm-11.2-2022.02-mingw-w64-i686-arm-none-eabi/gcc-arm-11.2-2022.02-mingw-w64-i686-arm-none-eabi/bin/../lib/gcc/arm-none-eabi/11.2.1/thumb/v7e-m+fp/hard\libgcc.a(_arm_cmpdf2.o)
                0x0800095c                __gtdf2
                0x0800095c                __gedf2
                0x08000964                __ltdf2
                0x08000964                __ledf2
                0x0800096c                __nedf2
                0x0800096c                __eqdf2
                0x0800096c                __cmpdf2
                0x080009e8                __aeabi_cdrcmple
                0x080009f8                __aeabi_cdcmpeq
                0x080009f8                __aeabi_cdcmple
                0x08000a08                __aeabi_dcmpeq
                0x08000a1c                __aeabi_dcmplt
                0x08000a30                __aeabi_dcmple
                0x08000a44                __aeabi_dcmpge
                0x08000a58                __aeabi_dcmpgt
 .text          0x08000a6c       0x2c d:/clion/gcc_arm/gcc-arm-11.2-2022.02-mingw-w64-i686-arm-none-eabi/gcc-arm-11.2-2022.02-mingw-w64-i686-arm-none-eabi/bin/../lib/gcc/arm-none-eabi/11.2.1/thumb/v7e-m+fp/hard\libgcc.a(_arm_unorddf2.o)
                0x08000a6c                __unorddf2
                0x08000a6c                __aeabi_dcmpun
 .text          0x08000a98       0x30 d:/clion/gcc_arm/gcc-arm-11.2-2022.02-mingw-w64-i686-arm-none-eabi/gcc-arm-11.2-2022.02-mingw-w64-i686-arm-none-eabi/bin/../lib/gcc/arm-none-eabi/11.2.1/thumb/v7e-m+fp/hard\libgcc.a(_aeabi_uldivmod.o)
                0x08000a98                __aeabi_uldivmod
 .text          0x08000ac8      0x1ac d:/clion/gcc_arm/gcc-arm-11.2-2022.02-mingw-w64-i686-arm-none-eabi/gcc-arm-11.2-2022.02-mingw-w64-i686-arm-none-eabi/bin/../lib/gcc/arm-none-eabi/11.2.1/thumb/v7e-m+fp/hard\libgcc.a(libunwind.o)
                0x08000ac8                __restore_core_regs
                0x08000ac8                restore_core_regs
                0x08000ae0                __gnu_Unwind_Restore_VFP
                0x08000ae8                __gnu_Unwind_Save_VFP
                0x08000af0                __gnu_Unwind_Restore_VFP_D
                0x08000af8                __gnu_Unwind_Save_VFP_D
                0x08000b00                __gnu_Unwind_Restore_VFP_D_16_to_31
                0x08000b08                __gnu_Unwind_Save_VFP_D_16_to_31
                0x08000b10                __gnu_Unwind_Restore_WMMXD
                0x08000b54                __gnu_Unwind_Save_WMMXD
                0x08000b98                __gnu_Unwind_Restore_WMMXC
                0x08000bac                __gnu_Unwind_Save_WMMXC
                0x08000bc0                ___Unwind_RaiseException
                0x08000bc0                _Unwind_RaiseException
                0x08000be4                _Unwind_Resume
                0x08000be4                ___Unwind_Resume
                0x08000c08                _Unwind_Resume_or_Rethrow
                0x08000c08                ___Unwind_Resume_or_Rethrow
                0x08000c2c                _Unwind_ForcedUnwind
                0x08000c2c                ___Unwind_ForcedUnwind
                0x08000c50                ___Unwind_Backtrace
                0x08000c50                _Unwind_Backtrace
 .text          0x08000c74        0x4 d:/clion/gcc_arm/gcc-arm-11.2-2022.02-mingw-w64-i686-arm-none-eabi/gcc-arm-11.2-2022.02-mingw-w64-i686-arm-none-eabi/bin/../lib/gcc/arm-none-eabi/11.2.1/thumb/v7e-m+fp/hard\libgcc.a(_dvmd_tls.o)
                0x08000c74                __aeabi_idiv0
                0x08000c74                __aeabi_ldiv0
 *fill*         0x08000c78        0x8 
 .text          0x08000c80       0xa0 d:/clion/gcc_arm/gcc-arm-11.2-2022.02-mingw-w64-i686-arm-none-eabi/gcc-arm-11.2-2022.02-mingw-w64-i686-arm-none-eabi/bin/../lib/gcc/arm-none-eabi/11.2.1/thumb/v7e-m+fp/hard\libg.a(lib_a-memchr.o)
                0x08000c80                memchr
 .text          0x08000d20      0x134 d:/clion/gcc_arm/gcc-arm-11.2-2022.02-mingw-w64-i686-arm-none-eabi/gcc-arm-11.2-2022.02-mingw-w64-i686-arm-none-eabi/bin/../lib/gcc/arm-none-eabi/11.2.1/thumb/v7e-m+fp/hard\libg.a(lib_a-memcpy.o)
                0x08000d20                memcpy
 *fill*         0x08000e54        0xc 
 .text          0x08000e60      0x2dc d:/clion/gcc_arm/gcc-arm-11.2-2022.02-mingw-w64-i686-arm-none-eabi/gcc-arm-11.2-2022.02-mingw-w64-i686-arm-none-eabi/bin/../lib/gcc/arm-none-eabi/11.2.1/thumb/v7e-m+fp/hard\libg.a(lib_a-strcmp.o)
                0x08000e68                strcmp
 *fill*         0x0800113c        0x4 
 .text          0x08001140       0xdc d:/clion/gcc_arm/gcc-arm-11.2-2022.02-mingw-w64-i686-arm-none-eabi/gcc-arm-11.2-2022.02-mingw-w64-i686-arm-none-eabi/bin/../lib/gcc/arm-none-eabi/11.2.1/thumb/v7e-m+fp/hard\libg.a(lib_a-strlen.o)
                0x08001140                strlen
 .text          0x0800121c       0x50 d:/clion/gcc_arm/gcc-arm-11.2-2022.02-mingw-w64-i686-arm-none-eabi/gcc-arm-11.2-2022.02-mingw-w64-i686-arm-none-eabi/bin/../lib/gcc/arm-none-eabi/11.2.1/thumb/v7e-m+fp/hard\libgcc.a(_arm_fixdfsi.o)
                0x0800121c                __aeabi_d2iz
                0x0800121c                __fixdfsi
 *(.text*)
 .text.deregister_tm_clones
                0x0800126c       0x1c d:/clion/gcc_arm/gcc-arm-11.2-2022.02-mingw-w64-i686-arm-none-eabi/gcc-arm-11.2-2022.02-mingw-w64-i686-arm-none-eabi/bin/../lib/gcc/arm-none-eabi/11.2.1/thumb/v7e-m+fp/hard/crtbegin.o
 .text.register_tm_clones
                0x08001288       0x24 d:/clion/gcc_arm/gcc-arm-11.2-2022.02-mingw-w64-i686-arm-none-eabi/gcc-arm-11.2-2022.02-mingw-w64-i686-arm-none-eabi/bin/../lib/gcc/arm-none-eabi/11.2.1/thumb/v7e-m+fp/hard/crtbegin.o
 .text.__do_global_dtors_aux
                0x080012ac       0x28 d:/clion/gcc_arm/gcc-arm-11.2-2022.02-mingw-w64-i686-arm-none-eabi/gcc-arm-11.2-2022.02-mingw-w64-i686-arm-none-eabi/bin/../lib/gcc/arm-none-eabi/11.2.1/thumb/v7e-m+fp/hard/crtbegin.o
 .text.frame_dummy
                0x080012d4       0x24 d:/clion/gcc_arm/gcc-arm-11.2-2022.02-mingw-w64-i686-arm-none-eabi/gcc-arm-11.2-2022.02-mingw-w64-i686-arm-none-eabi/bin/../lib/gcc/arm-none-eabi/11.2.1/thumb/v7e-m+fp/hard/crtbegin.o
 .text.MX_CAN1_Init
                0x080012f8       0x40 CMakeFiles/balance_car.elf.dir/Core/Src/can.c.obj
                0x080012f8                MX_CAN1_Init
 .text.HAL_CAN_MspInit
                0x08001338       0x7c CMakeFiles/balance_car.elf.dir/Core/Src/can.c.obj
                0x08001338                HAL_CAN_MspInit
 .text.CAN_Filter_Init
                0x080013b4       0x50 CMakeFiles/balance_car.elf.dir/Core/Src/can.c.obj
                0x080013b4                CAN_Filter_Init
 .text.HAL_CAN_Transmit
                0x08001404       0x26 CMakeFiles/balance_car.elf.dir/Core/Src/can.c.obj
                0x08001404                HAL_CAN_Transmit
 .text.StartDefaultTask
                0x0800142a        0xa CMakeFiles/balance_car.elf.dir/Core/Src/freertos.c.obj
                0x0800142a                StartDefaultTask
 .text.vApplicationGetIdleTaskMemory
                0x08001434       0x18 CMakeFiles/balance_car.elf.dir/Core/Src/freertos.c.obj
                0x08001434                vApplicationGetIdleTaskMemory
 .text.MX_FREERTOS_Init
                0x0800144c       0x5c CMakeFiles/balance_car.elf.dir/Core/Src/freertos.c.obj
                0x0800144c                MX_FREERTOS_Init
 .text.MX_GPIO_Init
                0x080014a8       0x80 CMakeFiles/balance_car.elf.dir/Core/Src/gpio.c.obj
                0x080014a8                MX_GPIO_Init
 .text.Error_Handler
                0x08001528        0x4 CMakeFiles/balance_car.elf.dir/Core/Src/main.c.obj
                0x08001528                Error_Handler
 .text.SystemClock_Config
                0x0800152c       0xa8 CMakeFiles/balance_car.elf.dir/Core/Src/main.c.obj
                0x0800152c                SystemClock_Config
 .text.main     0x080015d4       0x1c CMakeFiles/balance_car.elf.dir/Core/Src/main.c.obj
                0x080015d4                main
 .text.HAL_MspInit
                0x080015f0       0x44 CMakeFiles/balance_car.elf.dir/Core/Src/stm32f4xx_hal_msp.c.obj
                0x080015f0                HAL_MspInit
 .text.NMI_Handler
                0x08001634        0x2 CMakeFiles/balance_car.elf.dir/Core/Src/stm32f4xx_it.c.obj
                0x08001634                NMI_Handler
 .text.HardFault_Handler
                0x08001636        0x2 CMakeFiles/balance_car.elf.dir/Core/Src/stm32f4xx_it.c.obj
                0x08001636                HardFault_Handler
 .text.MemManage_Handler
                0x08001638        0x2 CMakeFiles/balance_car.elf.dir/Core/Src/stm32f4xx_it.c.obj
                0x08001638                MemManage_Handler
 .text.BusFault_Handler
                0x0800163a        0x2 CMakeFiles/balance_car.elf.dir/Core/Src/stm32f4xx_it.c.obj
                0x0800163a                BusFault_Handler
 .text.UsageFault_Handler
                0x0800163c        0x2 CMakeFiles/balance_car.elf.dir/Core/Src/stm32f4xx_it.c.obj
                0x0800163c                UsageFault_Handler
 .text.DebugMon_Handler
                0x0800163e        0x2 CMakeFiles/balance_car.elf.dir/Core/Src/stm32f4xx_it.c.obj
                0x0800163e                DebugMon_Handler
 .text.SysTick_Handler
                0x08001640       0x16 CMakeFiles/balance_car.elf.dir/Core/Src/stm32f4xx_it.c.obj
                0x08001640                SysTick_Handler
 *fill*         0x08001656        0x2 
 .text.CAN1_RX0_IRQHandler
                0x08001658       0x10 CMakeFiles/balance_car.elf.dir/Core/Src/stm32f4xx_it.c.obj
                0x08001658                CAN1_RX0_IRQHandler
 .text._getpid  0x08001668        0x4 CMakeFiles/balance_car.elf.dir/Core/Src/syscalls.c.obj
                0x08001668                _getpid
 .text._kill    0x0800166c       0x10 CMakeFiles/balance_car.elf.dir/Core/Src/syscalls.c.obj
                0x0800166c                _kill
 .text._exit    0x0800167c        0xc CMakeFiles/balance_car.elf.dir/Core/Src/syscalls.c.obj
                0x0800167c                _exit
 .text._read    0x08001688       0x20 CMakeFiles/balance_car.elf.dir/Core/Src/syscalls.c.obj
                0x08001688                _read
 .text._write   0x080016a8       0x1c CMakeFiles/balance_car.elf.dir/Core/Src/syscalls.c.obj
                0x080016a8                _write
 .text._sbrk    0x080016c4       0x3c CMakeFiles/balance_car.elf.dir/Core/Src/syscalls.c.obj
                0x080016c4                _sbrk
 .text._close   0x08001700        0x6 CMakeFiles/balance_car.elf.dir/Core/Src/syscalls.c.obj
                0x08001700                _close
 .text._fstat   0x08001706        0xa CMakeFiles/balance_car.elf.dir/Core/Src/syscalls.c.obj
                0x08001706                _fstat
 .text._isatty  0x08001710        0x4 CMakeFiles/balance_car.elf.dir/Core/Src/syscalls.c.obj
                0x08001710                _isatty
 .text._lseek   0x08001714        0x4 CMakeFiles/balance_car.elf.dir/Core/Src/syscalls.c.obj
                0x08001714                _lseek
 .text.SystemInit
                0x08001718       0x14 CMakeFiles/balance_car.elf.dir/Core/Src/system_stm32f4xx.c.obj
                0x08001718                SystemInit
 .text.HAL_InitTick
                0x0800172c       0x4c CMakeFiles/balance_car.elf.dir/Drivers/STM32F4xx_HAL_Driver/Src/stm32f4xx_hal.c.obj
                0x0800172c                HAL_InitTick
 .text.HAL_Init
                0x08001778       0x34 CMakeFiles/balance_car.elf.dir/Drivers/STM32F4xx_HAL_Driver/Src/stm32f4xx_hal.c.obj
                0x08001778                HAL_Init
 .text.HAL_IncTick
                0x080017ac       0x18 CMakeFiles/balance_car.elf.dir/Drivers/STM32F4xx_HAL_Driver/Src/stm32f4xx_hal.c.obj
                0x080017ac                HAL_IncTick
 .text.HAL_GetTick
                0x080017c4        0xc CMakeFiles/balance_car.elf.dir/Drivers/STM32F4xx_HAL_Driver/Src/stm32f4xx_hal.c.obj
                0x080017c4                HAL_GetTick
 .text.HAL_CAN_Init
                0x080017d0      0x14c CMakeFiles/balance_car.elf.dir/Drivers/STM32F4xx_HAL_Driver/Src/stm32f4xx_hal_can.c.obj
                0x080017d0                HAL_CAN_Init
 .text.HAL_CAN_ConfigFilter
                0x0800191c      0x138 CMakeFiles/balance_car.elf.dir/Drivers/STM32F4xx_HAL_Driver/Src/stm32f4xx_hal_can.c.obj
                0x0800191c                HAL_CAN_ConfigFilter
 .text.HAL_CAN_Start
                0x08001a54       0x5c CMakeFiles/balance_car.elf.dir/Drivers/STM32F4xx_HAL_Driver/Src/stm32f4xx_hal_can.c.obj
                0x08001a54                HAL_CAN_Start
 .text.HAL_CAN_AddTxMessage
                0x08001ab0       0xfc CMakeFiles/balance_car.elf.dir/Drivers/STM32F4xx_HAL_Driver/Src/stm32f4xx_hal_can.c.obj
                0x08001ab0                HAL_CAN_AddTxMessage
 .text.HAL_CAN_GetRxMessage
                0x08001bac      0x14a CMakeFiles/balance_car.elf.dir/Drivers/STM32F4xx_HAL_Driver/Src/stm32f4xx_hal_can.c.obj
                0x08001bac                HAL_CAN_GetRxMessage
 .text.HAL_CAN_ActivateNotification
                0x08001cf6       0x24 CMakeFiles/balance_car.elf.dir/Drivers/STM32F4xx_HAL_Driver/Src/stm32f4xx_hal_can.c.obj
                0x08001cf6                HAL_CAN_ActivateNotification
 .text.HAL_CAN_TxMailbox0CompleteCallback
                0x08001d1a        0x2 CMakeFiles/balance_car.elf.dir/Drivers/STM32F4xx_HAL_Driver/Src/stm32f4xx_hal_can.c.obj
                0x08001d1a                HAL_CAN_TxMailbox0CompleteCallback
 .text.HAL_CAN_TxMailbox1CompleteCallback
                0x08001d1c        0x2 CMakeFiles/balance_car.elf.dir/Drivers/STM32F4xx_HAL_Driver/Src/stm32f4xx_hal_can.c.obj
                0x08001d1c                HAL_CAN_TxMailbox1CompleteCallback
 .text.HAL_CAN_TxMailbox2CompleteCallback
                0x08001d1e        0x2 CMakeFiles/balance_car.elf.dir/Drivers/STM32F4xx_HAL_Driver/Src/stm32f4xx_hal_can.c.obj
                0x08001d1e                HAL_CAN_TxMailbox2CompleteCallback
 .text.HAL_CAN_TxMailbox0AbortCallback
                0x08001d20        0x2 CMakeFiles/balance_car.elf.dir/Drivers/STM32F4xx_HAL_Driver/Src/stm32f4xx_hal_can.c.obj
                0x08001d20                HAL_CAN_TxMailbox0AbortCallback
 .text.HAL_CAN_TxMailbox1AbortCallback
                0x08001d22        0x2 CMakeFiles/balance_car.elf.dir/Drivers/STM32F4xx_HAL_Driver/Src/stm32f4xx_hal_can.c.obj
                0x08001d22                HAL_CAN_TxMailbox1AbortCallback
 .text.HAL_CAN_TxMailbox2AbortCallback
                0x08001d24        0x2 CMakeFiles/balance_car.elf.dir/Drivers/STM32F4xx_HAL_Driver/Src/stm32f4xx_hal_can.c.obj
                0x08001d24                HAL_CAN_TxMailbox2AbortCallback
 .text.HAL_CAN_RxFifo1MsgPendingCallback
                0x08001d26        0x2 CMakeFiles/balance_car.elf.dir/Drivers/STM32F4xx_HAL_Driver/Src/stm32f4xx_hal_can.c.obj
                0x08001d26                HAL_CAN_RxFifo1MsgPendingCallback
 .text.HAL_CAN_RxFifo1FullCallback
                0x08001d28        0x2 CMakeFiles/balance_car.elf.dir/Drivers/STM32F4xx_HAL_Driver/Src/stm32f4xx_hal_can.c.obj
                0x08001d28                HAL_CAN_RxFifo1FullCallback
 .text.HAL_CAN_SleepCallback
                0x08001d2a        0x2 CMakeFiles/balance_car.elf.dir/Drivers/STM32F4xx_HAL_Driver/Src/stm32f4xx_hal_can.c.obj
                0x08001d2a                HAL_CAN_SleepCallback
 .text.HAL_CAN_WakeUpFromRxMsgCallback
                0x08001d2c        0x2 CMakeFiles/balance_car.elf.dir/Drivers/STM32F4xx_HAL_Driver/Src/stm32f4xx_hal_can.c.obj
                0x08001d2c                HAL_CAN_WakeUpFromRxMsgCallback
 .text.HAL_CAN_IRQHandler
                0x08001d2e      0x24a CMakeFiles/balance_car.elf.dir/Drivers/STM32F4xx_HAL_Driver/Src/stm32f4xx_hal_can.c.obj
                0x08001d2e                HAL_CAN_IRQHandler
 .text.HAL_CAN_ResetError
                0x08001f78       0x20 CMakeFiles/balance_car.elf.dir/Drivers/STM32F4xx_HAL_Driver/Src/stm32f4xx_hal_can.c.obj
                0x08001f78                HAL_CAN_ResetError
 .text.HAL_NVIC_SetPriorityGrouping
                0x08001f98       0x24 CMakeFiles/balance_car.elf.dir/Drivers/STM32F4xx_HAL_Driver/Src/stm32f4xx_hal_cortex.c.obj
                0x08001f98                HAL_NVIC_SetPriorityGrouping
 .text.HAL_NVIC_SetPriority
                0x08001fbc       0x70 CMakeFiles/balance_car.elf.dir/Drivers/STM32F4xx_HAL_Driver/Src/stm32f4xx_hal_cortex.c.obj
                0x08001fbc                HAL_NVIC_SetPriority
 .text.HAL_NVIC_EnableIRQ
                0x0800202c       0x1c CMakeFiles/balance_car.elf.dir/Drivers/STM32F4xx_HAL_Driver/Src/stm32f4xx_hal_cortex.c.obj
                0x0800202c                HAL_NVIC_EnableIRQ
 .text.HAL_SYSTICK_Config
                0x08002048       0x28 CMakeFiles/balance_car.elf.dir/Drivers/STM32F4xx_HAL_Driver/Src/stm32f4xx_hal_cortex.c.obj
                0x08002048                HAL_SYSTICK_Config
 .text.HAL_GPIO_Init
                0x08002070      0x1ec CMakeFiles/balance_car.elf.dir/Drivers/STM32F4xx_HAL_Driver/Src/stm32f4xx_hal_gpio.c.obj
                0x08002070                HAL_GPIO_Init
 .text.HAL_GPIO_WritePin
                0x0800225c        0xc CMakeFiles/balance_car.elf.dir/Drivers/STM32F4xx_HAL_Driver/Src/stm32f4xx_hal_gpio.c.obj
                0x0800225c                HAL_GPIO_WritePin
 .text.HAL_RCC_OscConfig
                0x08002268      0x3f8 CMakeFiles/balance_car.elf.dir/Drivers/STM32F4xx_HAL_Driver/Src/stm32f4xx_hal_rcc.c.obj
                0x08002268                HAL_RCC_OscConfig
 .text.HAL_RCC_GetSysClockFreq
                0x08002660       0xa8 CMakeFiles/balance_car.elf.dir/Drivers/STM32F4xx_HAL_Driver/Src/stm32f4xx_hal_rcc.c.obj
                0x08002660                HAL_RCC_GetSysClockFreq
 .text.HAL_RCC_ClockConfig
                0x08002708      0x160 CMakeFiles/balance_car.elf.dir/Drivers/STM32F4xx_HAL_Driver/Src/stm32f4xx_hal_rcc.c.obj
                0x08002708                HAL_RCC_ClockConfig
 .text.makeFreeRtosPriority
                0x08002868        0xc CMakeFiles/balance_car.elf.dir/Middlewares/Third_Party/FreeRTOS/Source/CMSIS_RTOS/cmsis_os.c.obj
 .text.osKernelStart
                0x08002874        0xa CMakeFiles/balance_car.elf.dir/Middlewares/Third_Party/FreeRTOS/Source/CMSIS_RTOS/cmsis_os.c.obj
                0x08002874                osKernelStart
 .text.osThreadCreate
                0x0800287e       0x66 CMakeFiles/balance_car.elf.dir/Middlewares/Third_Party/FreeRTOS/Source/CMSIS_RTOS/cmsis_os.c.obj
                0x0800287e                osThreadCreate
 .text.osDelay  0x080028e4        0xe CMakeFiles/balance_car.elf.dir/Middlewares/Third_Party/FreeRTOS/Source/CMSIS_RTOS/cmsis_os.c.obj
                0x080028e4                osDelay
 .text.vListInitialise
                0x080028f2       0x16 CMakeFiles/balance_car.elf.dir/Middlewares/Third_Party/FreeRTOS/Source/list.c.obj
                0x080028f2                vListInitialise
 .text.vListInitialiseItem
                0x08002908        0x6 CMakeFiles/balance_car.elf.dir/Middlewares/Third_Party/FreeRTOS/Source/list.c.obj
                0x08002908                vListInitialiseItem
 .text.vListInsertEnd
                0x0800290e       0x16 CMakeFiles/balance_car.elf.dir/Middlewares/Third_Party/FreeRTOS/Source/list.c.obj
                0x0800290e                vListInsertEnd
 .text.vListInsert
                0x08002924       0x32 CMakeFiles/balance_car.elf.dir/Middlewares/Third_Party/FreeRTOS/Source/list.c.obj
                0x08002924                vListInsert
 .text.uxListRemove
                0x08002956       0x26 CMakeFiles/balance_car.elf.dir/Middlewares/Third_Party/FreeRTOS/Source/list.c.obj
                0x08002956                uxListRemove
 .text.prvTaskExitError
                0x0800297c       0x40 CMakeFiles/balance_car.elf.dir/Middlewares/Third_Party/FreeRTOS/Source/portable/GCC/ARM_CM4F/port.c.obj
 .text.prvPortStartFirstTask
                0x080029bc       0x28 CMakeFiles/balance_car.elf.dir/Middlewares/Third_Party/FreeRTOS/Source/portable/GCC/ARM_CM4F/port.c.obj
 .text.vPortEnableVFP
                0x080029e4       0x14 CMakeFiles/balance_car.elf.dir/Middlewares/Third_Party/FreeRTOS/Source/portable/GCC/ARM_CM4F/port.c.obj
 .text.pxPortInitialiseStack
                0x080029f8       0x2c CMakeFiles/balance_car.elf.dir/Middlewares/Third_Party/FreeRTOS/Source/portable/GCC/ARM_CM4F/port.c.obj
                0x080029f8                pxPortInitialiseStack
 *fill*         0x08002a24        0xc 
 .text.SVC_Handler
                0x08002a30       0x24 CMakeFiles/balance_car.elf.dir/Middlewares/Third_Party/FreeRTOS/Source/portable/GCC/ARM_CM4F/port.c.obj
                0x08002a30                SVC_Handler
 .text.vPortEnterCritical
                0x08002a54       0x44 CMakeFiles/balance_car.elf.dir/Middlewares/Third_Party/FreeRTOS/Source/portable/GCC/ARM_CM4F/port.c.obj
                0x08002a54                vPortEnterCritical
 .text.vPortExitCritical
                0x08002a98       0x2c CMakeFiles/balance_car.elf.dir/Middlewares/Third_Party/FreeRTOS/Source/portable/GCC/ARM_CM4F/port.c.obj
                0x08002a98                vPortExitCritical
 *fill*         0x08002ac4        0xc 
 .text.PendSV_Handler
                0x08002ad0       0x64 CMakeFiles/balance_car.elf.dir/Middlewares/Third_Party/FreeRTOS/Source/portable/GCC/ARM_CM4F/port.c.obj
                0x08002ad0                PendSV_Handler
 .text.xPortSysTickHandler
                0x08002b34       0x2c CMakeFiles/balance_car.elf.dir/Middlewares/Third_Party/FreeRTOS/Source/portable/GCC/ARM_CM4F/port.c.obj
                0x08002b34                xPortSysTickHandler
 .text.vPortSetupTimerInterrupt
                0x08002b60       0x28 CMakeFiles/balance_car.elf.dir/Middlewares/Third_Party/FreeRTOS/Source/portable/GCC/ARM_CM4F/port.c.obj
                0x08002b60                vPortSetupTimerInterrupt
 .text.xPortStartScheduler
                0x08002b88      0x118 CMakeFiles/balance_car.elf.dir/Middlewares/Third_Party/FreeRTOS/Source/portable/GCC/ARM_CM4F/port.c.obj
                0x08002b88                xPortStartScheduler
 .text.prvHeapInit
                0x08002ca0       0x64 CMakeFiles/balance_car.elf.dir/Middlewares/Third_Party/FreeRTOS/Source/portable/MemMang/heap_4.c.obj
 .text.prvInsertBlockIntoFreeList
                0x08002d04       0x64 CMakeFiles/balance_car.elf.dir/Middlewares/Third_Party/FreeRTOS/Source/portable/MemMang/heap_4.c.obj
 .text.pvPortMalloc
                0x08002d68       0xfc CMakeFiles/balance_car.elf.dir/Middlewares/Third_Party/FreeRTOS/Source/portable/MemMang/heap_4.c.obj
                0x08002d68                pvPortMalloc
 .text.vPortFree
                0x08002e64       0x7c CMakeFiles/balance_car.elf.dir/Middlewares/Third_Party/FreeRTOS/Source/portable/MemMang/heap_4.c.obj
                0x08002e64                vPortFree
 .text.prvResetNextTaskUnblockTime
                0x08002ee0       0x2c CMakeFiles/balance_car.elf.dir/Middlewares/Third_Party/FreeRTOS/Source/tasks.c.obj
 .text.prvInitialiseNewTask
                0x08002f0c       0xa2 CMakeFiles/balance_car.elf.dir/Middlewares/Third_Party/FreeRTOS/Source/tasks.c.obj
 *fill*         0x08002fae        0x2 
 .text.prvInitialiseTaskLists
                0x08002fb0       0x68 CMakeFiles/balance_car.elf.dir/Middlewares/Third_Party/FreeRTOS/Source/tasks.c.obj
 .text.prvAddNewTaskToReadyList
                0x08003018       0xa8 CMakeFiles/balance_car.elf.dir/Middlewares/Third_Party/FreeRTOS/Source/tasks.c.obj
 .text.prvDeleteTCB
                0x080030c0       0x38 CMakeFiles/balance_car.elf.dir/Middlewares/Third_Party/FreeRTOS/Source/tasks.c.obj
 .text.prvCheckTasksWaitingTermination
                0x080030f8       0x4c CMakeFiles/balance_car.elf.dir/Middlewares/Third_Party/FreeRTOS/Source/tasks.c.obj
 .text.prvIdleTask
                0x08003144       0x28 CMakeFiles/balance_car.elf.dir/Middlewares/Third_Party/FreeRTOS/Source/tasks.c.obj
 .text.prvAddCurrentTaskToDelayedList
                0x0800316c       0x98 CMakeFiles/balance_car.elf.dir/Middlewares/Third_Party/FreeRTOS/Source/tasks.c.obj
 .text.xTaskCreateStatic
                0x08003204       0x76 CMakeFiles/balance_car.elf.dir/Middlewares/Third_Party/FreeRTOS/Source/tasks.c.obj
                0x08003204                xTaskCreateStatic
 .text.xTaskCreate
                0x0800327a       0x68 CMakeFiles/balance_car.elf.dir/Middlewares/Third_Party/FreeRTOS/Source/tasks.c.obj
                0x0800327a                xTaskCreate
 *fill*         0x080032e2        0x2 
 .text.vTaskDelete
                0x080032e4       0xe0 CMakeFiles/balance_car.elf.dir/Middlewares/Third_Party/FreeRTOS/Source/tasks.c.obj
                0x080032e4                vTaskDelete
 .text.vTaskStartScheduler
                0x080033c4       0x74 CMakeFiles/balance_car.elf.dir/Middlewares/Third_Party/FreeRTOS/Source/tasks.c.obj
                0x080033c4                vTaskStartScheduler
 .text.vTaskSuspendAll
                0x08003438       0x10 CMakeFiles/balance_car.elf.dir/Middlewares/Third_Party/FreeRTOS/Source/tasks.c.obj
                0x08003438                vTaskSuspendAll
 .text.xTaskIncrementTick
                0x08003448      0x118 CMakeFiles/balance_car.elf.dir/Middlewares/Third_Party/FreeRTOS/Source/tasks.c.obj
                0x08003448                xTaskIncrementTick
 .text.xTaskResumeAll
                0x08003560       0xf8 CMakeFiles/balance_car.elf.dir/Middlewares/Third_Party/FreeRTOS/Source/tasks.c.obj
                0x08003560                xTaskResumeAll
 .text.vTaskDelay
                0x08003658       0x4c CMakeFiles/balance_car.elf.dir/Middlewares/Third_Party/FreeRTOS/Source/tasks.c.obj
                0x08003658                vTaskDelay
 .text.vTaskSwitchContext
                0x080036a4       0x98 CMakeFiles/balance_car.elf.dir/Middlewares/Third_Party/FreeRTOS/Source/tasks.c.obj
                0x080036a4                vTaskSwitchContext
 .text.xTaskGetSchedulerState
                0x0800373c       0x20 CMakeFiles/balance_car.elf.dir/Middlewares/Third_Party/FreeRTOS/Source/tasks.c.obj
                0x0800373c                xTaskGetSchedulerState
 .text.Reset_Handler
                0x0800375c       0x50 CMakeFiles/balance_car.elf.dir/startup/startup_stm32f407xx.s.obj
                0x0800375c                Reset_Handler
 .text.Default_Handler
                0x080037ac        0x2 CMakeFiles/balance_car.elf.dir/startup/startup_stm32f407xx.s.obj
                0x080037ac                RTC_Alarm_IRQHandler
                0x080037ac                HASH_RNG_IRQHandler
                0x080037ac                EXTI2_IRQHandler
                0x080037ac                TIM8_CC_IRQHandler
                0x080037ac                TIM1_CC_IRQHandler
                0x080037ac                DMA2_Stream5_IRQHandler
                0x080037ac                DMA1_Stream5_IRQHandler
                0x080037ac                PVD_IRQHandler
                0x080037ac                SDIO_IRQHandler
                0x080037ac                TAMP_STAMP_IRQHandler
                0x080037ac                CAN2_RX1_IRQHandler
                0x080037ac                EXTI3_IRQHandler
                0x080037ac                TIM8_TRG_COM_TIM14_IRQHandler
                0x080037ac                TIM1_UP_TIM10_IRQHandler
                0x080037ac                TIM8_UP_TIM13_IRQHandler
                0x080037ac                I2C3_ER_IRQHandler
                0x080037ac                EXTI0_IRQHandler
                0x080037ac                I2C2_EV_IRQHandler
                0x080037ac                DMA1_Stream2_IRQHandler
                0x080037ac                FPU_IRQHandler
                0x080037ac                OTG_HS_WKUP_IRQHandler
                0x080037ac                CAN2_SCE_IRQHandler
                0x080037ac                DMA2_Stream2_IRQHandler
                0x080037ac                SPI1_IRQHandler
                0x080037ac                TIM6_DAC_IRQHandler
                0x080037ac                TIM1_BRK_TIM9_IRQHandler
                0x080037ac                DCMI_IRQHandler
                0x080037ac                CAN2_RX0_IRQHandler
                0x080037ac                DMA2_Stream3_IRQHandler
                0x080037ac                USART6_IRQHandler
                0x080037ac                USART3_IRQHandler
                0x080037ac                CAN1_RX1_IRQHandler
                0x080037ac                UART5_IRQHandler
                0x080037ac                DMA2_Stream0_IRQHandler
                0x080037ac                TIM4_IRQHandler
                0x080037ac                I2C1_EV_IRQHandler
                0x080037ac                DMA1_Stream6_IRQHandler
                0x080037ac                DMA1_Stream1_IRQHandler
                0x080037ac                UART4_IRQHandler
                0x080037ac                TIM3_IRQHandler
                0x080037ac                RCC_IRQHandler
                0x080037ac                TIM8_BRK_TIM12_IRQHandler
                0x080037ac                Default_Handler
                0x080037ac                EXTI15_10_IRQHandler
                0x080037ac                ADC_IRQHandler
                0x080037ac                DMA1_Stream7_IRQHandler
                0x080037ac                TIM7_IRQHandler
                0x080037ac                CAN2_TX_IRQHandler
                0x080037ac                TIM5_IRQHandler
                0x080037ac                DMA2_Stream7_IRQHandler
                0x080037ac                I2C3_EV_IRQHandler
                0x080037ac                EXTI9_5_IRQHandler
                0x080037ac                RTC_WKUP_IRQHandler
                0x080037ac                ETH_WKUP_IRQHandler
                0x080037ac                SPI2_IRQHandler
                0x080037ac                OTG_HS_EP1_IN_IRQHandler
                0x080037ac                DMA1_Stream0_IRQHandler
                0x080037ac                CAN1_TX_IRQHandler
                0x080037ac                EXTI4_IRQHandler
                0x080037ac                FSMC_IRQHandler
                0x080037ac                ETH_IRQHandler
                0x080037ac                OTG_HS_EP1_OUT_IRQHandler
                0x080037ac                WWDG_IRQHandler
                0x080037ac                TIM2_IRQHandler
                0x080037ac                OTG_FS_WKUP_IRQHandler
                0x080037ac                TIM1_TRG_COM_TIM11_IRQHandler
                0x080037ac                OTG_HS_IRQHandler
                0x080037ac                EXTI1_IRQHandler
                0x080037ac                USART2_IRQHandler
                0x080037ac                I2C2_ER_IRQHandler
                0x080037ac                DMA2_Stream1_IRQHandler
                0x080037ac                CAN1_SCE_IRQHandler
                0x080037ac                FLASH_IRQHandler
                0x080037ac                DMA2_Stream4_IRQHandler
                0x080037ac                USART1_IRQHandler
                0x080037ac                OTG_FS_IRQHandler
                0x080037ac                SPI3_IRQHandler
                0x080037ac                DMA1_Stream4_IRQHandler
                0x080037ac                I2C1_ER_IRQHandler
                0x080037ac                DMA2_Stream6_IRQHandler
                0x080037ac                DMA1_Stream3_IRQHandler
 *fill*         0x080037ae        0x2 
 .text.motor_task
                0x080037b0       0x80 CMakeFiles/balance_car.elf.dir/application/motor_task.cpp.obj
                0x080037b0                motor_task
 .text.init_task
                0x08003830       0x34 CMakeFiles/balance_car.elf.dir/application/init_task.cpp.obj
                0x08003830                init_task
 .text._ZNK5Motor10fillCanBufEPh
                0x08003864       0x1e CMakeFiles/balance_car.elf.dir/Components/Motor/motor.cpp.obj
                0x08003864                _ZNK5Motor10fillCanBufEPh
 .text._ZN5Motor10updateInfoEPKh
                0x08003882       0x24 CMakeFiles/balance_car.elf.dir/Components/Motor/motor.cpp.obj
                0x08003882                _ZN5Motor10updateInfoEPKh
 *fill*         0x080038a6        0x2 
 .text._ZN5M200610updateInfoEPKh
                0x080038a8       0x3c CMakeFiles/balance_car.elf.dir/Components/Motor/M2006.cpp.obj
                0x080038a8                _ZN5M200610updateInfoEPKh
 .text._ZNK5M200610fillCanBufEPh
                0x080038e4       0x42 CMakeFiles/balance_car.elf.dir/Components/Motor/M2006.cpp.obj
                0x080038e4                _ZNK5M200610fillCanBufEPh
 *fill*         0x08003926        0x2 
 .text._ZN5M2006C2EhP19__CAN_HandleTypeDef
                0x08003928       0xc4 CMakeFiles/balance_car.elf.dir/Components/Motor/M2006.cpp.obj
                0x08003928                _ZN5M2006C2EhP19__CAN_HandleTypeDef
                0x08003928                _ZN5M2006C1EhP19__CAN_HandleTypeDef
 .text._ZN5M200610sendCanCmdEPh
                0x080039ec       0x2c CMakeFiles/balance_car.elf.dir/Components/Motor/M2006.cpp.obj
                0x080039ec                _ZN5M200610sendCanCmdEPh
 .text._ZN5M200611setExpSpeedEs
                0x08003a18       0x48 CMakeFiles/balance_car.elf.dir/Components/Motor/M2006.cpp.obj
                0x08003a18                _ZN5M200611setExpSpeedEs
 .text._ZN3PID10PID_OutputEff
                0x08003a60       0xa6 CMakeFiles/balance_car.elf.dir/Components/Math/pid.cpp.obj
                0x08003a60                _ZN3PID10PID_OutputEff
 *fill*         0x08003b06        0x2 
 .text._ZN3PIDC2EP13PIDParaStruct
                0x08003b08       0x34 CMakeFiles/balance_car.elf.dir/Components/Math/pid.cpp.obj
                0x08003b08                _ZN3PIDC1EP13PIDParaStruct
                0x08003b08                _ZN3PIDC2EP13PIDParaStruct
 .text.HAL_CAN_RxFifo0MsgPendingCallback
                0x08003b3c       0x4c CMakeFiles/balance_car.elf.dir/Components/Support/canRxCallback.cpp.obj
                0x08003b3c                HAL_CAN_RxFifo0MsgPendingCallback
 .text.HAL_CAN_RxFifo0FullCallback
                0x08003b88       0x24 CMakeFiles/balance_car.elf.dir/Components/Support/canRxCallback.cpp.obj
                0x08003b88                HAL_CAN_RxFifo0FullCallback
 .text.HAL_CAN_ErrorCallback
                0x08003bac       0x14 CMakeFiles/balance_car.elf.dir/Components/Support/canRxCallback.cpp.obj
                0x08003bac                HAL_CAN_ErrorCallback
 .text._ZNK10__cxxabiv117__class_type_info11__do_upcastEPKS0_PPv
                0x08003bc0       0x34 d:/clion/gcc_arm/gcc-arm-11.2-2022.02-mingw-w64-i686-arm-none-eabi/gcc-arm-11.2-2022.02-mingw-w64-i686-arm-none-eabi/bin/../lib/gcc/arm-none-eabi/11.2.1/thumb/v7e-m+fp/hard\libstdc++.a(class_type_info.o)
                0x08003bc0                _ZNK10__cxxabiv117__class_type_info11__do_upcastEPKS0_PPv
 .text._ZNK10__cxxabiv117__class_type_info20__do_find_public_srcEiPKvPKS0_S2_
                0x08003bf4        0xc d:/clion/gcc_arm/gcc-arm-11.2-2022.02-mingw-w64-i686-arm-none-eabi/gcc-arm-11.2-2022.02-mingw-w64-i686-arm-none-eabi/bin/../lib/gcc/arm-none-eabi/11.2.1/thumb/v7e-m+fp/hard\libstdc++.a(class_type_info.o)
                0x08003bf4                _ZNK10__cxxabiv117__class_type_info20__do_find_public_srcEiPKvPKS0_S2_
 .text._ZN10__cxxabiv117__class_type_infoD2Ev
                0x08003c00       0x14 d:/clion/gcc_arm/gcc-arm-11.2-2022.02-mingw-w64-i686-arm-none-eabi/gcc-arm-11.2-2022.02-mingw-w64-i686-arm-none-eabi/bin/../lib/gcc/arm-none-eabi/11.2.1/thumb/v7e-m+fp/hard\libstdc++.a(class_type_info.o)
                0x08003c00                _ZN10__cxxabiv117__class_type_infoD2Ev
                0x08003c00                _ZN10__cxxabiv117__class_type_infoD1Ev
 .text._ZN10__cxxabiv117__class_type_infoD0Ev
                0x08003c14       0x1c d:/clion/gcc_arm/gcc-arm-11.2-2022.02-mingw-w64-i686-arm-none-eabi/gcc-arm-11.2-2022.02-mingw-w64-i686-arm-none-eabi/bin/../lib/gcc/arm-none-eabi/11.2.1/thumb/v7e-m+fp/hard\libstdc++.a(class_type_info.o)
                0x08003c14                _ZN10__cxxabiv117__class_type_infoD0Ev
 .text._ZNK10__cxxabiv117__class_type_info12__do_dyncastEiNS0_10__sub_kindEPKS0_PKvS3_S5_RNS0_16__dyncast_resultE
                0x08003c30       0x44 d:/clion/gcc_arm/gcc-arm-11.2-2022.02-mingw-w64-i686-arm-none-eabi/gcc-arm-11.2-2022.02-mingw-w64-i686-arm-none-eabi/bin/../lib/gcc/arm-none-eabi/11.2.1/thumb/v7e-m+fp/hard\libstdc++.a(class_type_info.o)
                0x08003c30                _ZNK10__cxxabiv117__class_type_info12__do_dyncastEiNS0_10__sub_kindEPKS0_PKvS3_S5_RNS0_16__dyncast_resultE
 .text._ZNK10__cxxabiv117__class_type_info11__do_upcastEPKS0_PKvRNS0_15__upcast_resultE
                0x08003c74       0x1c d:/clion/gcc_arm/gcc-arm-11.2-2022.02-mingw-w64-i686-arm-none-eabi/gcc-arm-11.2-2022.02-mingw-w64-i686-arm-none-eabi/bin/../lib/gcc/arm-none-eabi/11.2.1/thumb/v7e-m+fp/hard\libstdc++.a(class_type_info.o)
                0x08003c74                _ZNK10__cxxabiv117__class_type_info11__do_upcastEPKS0_PKvRNS0_15__upcast_resultE
 .text._ZNK10__cxxabiv117__class_type_info10__do_catchEPKSt9type_infoPPvj
                0x08003c90       0x2c d:/clion/gcc_arm/gcc-arm-11.2-2022.02-mingw-w64-i686-arm-none-eabi/gcc-arm-11.2-2022.02-mingw-w64-i686-arm-none-eabi/bin/../lib/gcc/arm-none-eabi/11.2.1/thumb/v7e-m+fp/hard\libstdc++.a(class_type_info.o)
                0x08003c90                _ZNK10__cxxabiv117__class_type_info10__do_catchEPKSt9type_infoPPvj
 .text._ZdlPvj  0x08003cbc        0x4 d:/clion/gcc_arm/gcc-arm-11.2-2022.02-mingw-w64-i686-arm-none-eabi/gcc-arm-11.2-2022.02-mingw-w64-i686-arm-none-eabi/bin/../lib/gcc/arm-none-eabi/11.2.1/thumb/v7e-m+fp/hard\libstdc++.a(del_ops.o)
                0x08003cbc                _ZdlPvj
 .text.__cxa_end_cleanup
                0x08003cc0        0xc d:/clion/gcc_arm/gcc-arm-11.2-2022.02-mingw-w64-i686-arm-none-eabi/gcc-arm-11.2-2022.02-mingw-w64-i686-arm-none-eabi/bin/../lib/gcc/arm-none-eabi/11.2.1/thumb/v7e-m+fp/hard\libstdc++.a(eh_arm.o)
                0x08003cc0                __cxa_end_cleanup
 .text.__cxa_type_match
                0x08003ccc       0xb0 d:/clion/gcc_arm/gcc-arm-11.2-2022.02-mingw-w64-i686-arm-none-eabi/gcc-arm-11.2-2022.02-mingw-w64-i686-arm-none-eabi/bin/../lib/gcc/arm-none-eabi/11.2.1/thumb/v7e-m+fp/hard\libstdc++.a(eh_arm.o)
                0x08003ccc                __cxa_type_match
 .text.__cxa_begin_cleanup
                0x08003d7c       0x64 d:/clion/gcc_arm/gcc-arm-11.2-2022.02-mingw-w64-i686-arm-none-eabi/gcc-arm-11.2-2022.02-mingw-w64-i686-arm-none-eabi/bin/../lib/gcc/arm-none-eabi/11.2.1/thumb/v7e-m+fp/hard\libstdc++.a(eh_arm.o)
                0x08003d7c                __cxa_begin_cleanup
 .text.__gnu_end_cleanup
                0x08003de0       0x70 d:/clion/gcc_arm/gcc-arm-11.2-2022.02-mingw-w64-i686-arm-none-eabi/gcc-arm-11.2-2022.02-mingw-w64-i686-arm-none-eabi/bin/../lib/gcc/arm-none-eabi/11.2.1/thumb/v7e-m+fp/hard\libstdc++.a(eh_arm.o)
                0x08003de0                __gnu_end_cleanup
 .text._ZNSt9exceptionD2Ev
                0x08003e50        0x4 d:/clion/gcc_arm/gcc-arm-11.2-2022.02-mingw-w64-i686-arm-none-eabi/gcc-arm-11.2-2022.02-mingw-w64-i686-arm-none-eabi/bin/../lib/gcc/arm-none-eabi/11.2.1/thumb/v7e-m+fp/hard\libstdc++.a(eh_exception.o)
                0x08003e50                _ZNSt9exceptionD1Ev
                0x08003e50                _ZNSt9exceptionD2Ev
 .text._ZNSt13bad_exceptionD2Ev
                0x08003e54        0x4 d:/clion/gcc_arm/gcc-arm-11.2-2022.02-mingw-w64-i686-arm-none-eabi/gcc-arm-11.2-2022.02-mingw-w64-i686-arm-none-eabi/bin/../lib/gcc/arm-none-eabi/11.2.1/thumb/v7e-m+fp/hard\libstdc++.a(eh_exception.o)
                0x08003e54                _ZNSt13bad_exceptionD1Ev
                0x08003e54                _ZNSt13bad_exceptionD2Ev
 .text._ZNKSt13bad_exception4whatEv
                0x08003e58        0x8 d:/clion/gcc_arm/gcc-arm-11.2-2022.02-mingw-w64-i686-arm-none-eabi/gcc-arm-11.2-2022.02-mingw-w64-i686-arm-none-eabi/bin/../lib/gcc/arm-none-eabi/11.2.1/thumb/v7e-m+fp/hard\libstdc++.a(eh_exception.o)
                0x08003e58                _ZNKSt13bad_exception4whatEv
                0x08003e58                _ZGTtNKSt13bad_exception4whatEv
 .text._ZNSt13bad_exceptionD0Ev
                0x08003e60       0x10 d:/clion/gcc_arm/gcc-arm-11.2-2022.02-mingw-w64-i686-arm-none-eabi/gcc-arm-11.2-2022.02-mingw-w64-i686-arm-none-eabi/bin/../lib/gcc/arm-none-eabi/11.2.1/thumb/v7e-m+fp/hard\libstdc++.a(eh_exception.o)
                0x08003e60                _ZNSt13bad_exceptionD0Ev
 .text.__cxa_get_globals_fast
                0x08003e70        0x8 d:/clion/gcc_arm/gcc-arm-11.2-2022.02-mingw-w64-i686-arm-none-eabi/gcc-arm-11.2-2022.02-mingw-w64-i686-arm-none-eabi/bin/../lib/gcc/arm-none-eabi/11.2.1/thumb/v7e-m+fp/hard\libstdc++.a(eh_globals.o)
                0x08003e70                __cxa_get_globals_fast
 .text.__cxa_get_globals
                0x08003e78        0x8 d:/clion/gcc_arm/gcc-arm-11.2-2022.02-mingw-w64-i686-arm-none-eabi/gcc-arm-11.2-2022.02-mingw-w64-i686-arm-none-eabi/bin/../lib/gcc/arm-none-eabi/11.2.1/thumb/v7e-m+fp/hard\libstdc++.a(eh_globals.o)
                0x08003e78                __cxa_get_globals
 .text._ZL28read_encoded_value_with_basehjPKhPj
                0x08003e80       0xc0 d:/clion/gcc_arm/gcc-arm-11.2-2022.02-mingw-w64-i686-arm-none-eabi/gcc-arm-11.2-2022.02-mingw-w64-i686-arm-none-eabi/bin/../lib/gcc/arm-none-eabi/11.2.1/thumb/v7e-m+fp/hard\libstdc++.a(eh_personality.o)
 .text._ZL21base_of_encoded_valuehP15_Unwind_Context
                0x08003f40       0x48 d:/clion/gcc_arm/gcc-arm-11.2-2022.02-mingw-w64-i686-arm-none-eabi/gcc-arm-11.2-2022.02-mingw-w64-i686-arm-none-eabi/bin/../lib/gcc/arm-none-eabi/11.2.1/thumb/v7e-m+fp/hard\libstdc++.a(eh_personality.o)
 .text._ZL17parse_lsda_headerP15_Unwind_ContextPKhP16lsda_header_info
                0x08003f88       0x90 d:/clion/gcc_arm/gcc-arm-11.2-2022.02-mingw-w64-i686-arm-none-eabi/gcc-arm-11.2-2022.02-mingw-w64-i686-arm-none-eabi/bin/../lib/gcc/arm-none-eabi/11.2.1/thumb/v7e-m+fp/hard\libstdc++.a(eh_personality.o)
 .text.__gxx_personality_v0
                0x08004018      0x4a0 d:/clion/gcc_arm/gcc-arm-11.2-2022.02-mingw-w64-i686-arm-none-eabi/gcc-arm-11.2-2022.02-mingw-w64-i686-arm-none-eabi/bin/../lib/gcc/arm-none-eabi/11.2.1/thumb/v7e-m+fp/hard\libstdc++.a(eh_personality.o)
                0x08004018                __gxx_personality_v0
 .text._ZN10__cxxabiv111__terminateEPFvvE
                0x080044b8       0x10 d:/clion/gcc_arm/gcc-arm-11.2-2022.02-mingw-w64-i686-arm-none-eabi/gcc-arm-11.2-2022.02-mingw-w64-i686-arm-none-eabi/bin/../lib/gcc/arm-none-eabi/11.2.1/thumb/v7e-m+fp/hard\libstdc++.a(eh_terminate.o)
                0x080044b8                _ZN10__cxxabiv111__terminateEPFvvE
 .text._ZSt9terminatev
                0x080044c8       0x14 d:/clion/gcc_arm/gcc-arm-11.2-2022.02-mingw-w64-i686-arm-none-eabi/gcc-arm-11.2-2022.02-mingw-w64-i686-arm-none-eabi/bin/../lib/gcc/arm-none-eabi/11.2.1/thumb/v7e-m+fp/hard\libstdc++.a(eh_terminate.o)
                0x080044c8                _ZSt9terminatev
 .text._ZN10__cxxabiv112__unexpectedEPFvvE
                0x080044dc        0x8 d:/clion/gcc_arm/gcc-arm-11.2-2022.02-mingw-w64-i686-arm-none-eabi/gcc-arm-11.2-2022.02-mingw-w64-i686-arm-none-eabi/bin/../lib/gcc/arm-none-eabi/11.2.1/thumb/v7e-m+fp/hard\libstdc++.a(eh_terminate.o)
                0x080044dc                _ZN10__cxxabiv112__unexpectedEPFvvE
 .text._ZSt10unexpectedv
                0x080044e4       0x14 d:/clion/gcc_arm/gcc-arm-11.2-2022.02-mingw-w64-i686-arm-none-eabi/gcc-arm-11.2-2022.02-mingw-w64-i686-arm-none-eabi/bin/../lib/gcc/arm-none-eabi/11.2.1/thumb/v7e-m+fp/hard\libstdc++.a(eh_terminate.o)
                0x080044e4                _ZSt10unexpectedv
 .text._ZSt13get_terminatev
                0x080044f8       0x10 d:/clion/gcc_arm/gcc-arm-11.2-2022.02-mingw-w64-i686-arm-none-eabi/gcc-arm-11.2-2022.02-mingw-w64-i686-arm-none-eabi/bin/../lib/gcc/arm-none-eabi/11.2.1/thumb/v7e-m+fp/hard\libstdc++.a(eh_terminate.o)
                0x080044f8                _ZSt13get_terminatev
 .text._ZSt14get_unexpectedv
                0x08004508       0x10 d:/clion/gcc_arm/gcc-arm-11.2-2022.02-mingw-w64-i686-arm-none-eabi/gcc-arm-11.2-2022.02-mingw-w64-i686-arm-none-eabi/bin/../lib/gcc/arm-none-eabi/11.2.1/thumb/v7e-m+fp/hard\libstdc++.a(eh_terminate.o)
                0x08004508                _ZSt14get_unexpectedv
 .text._Znwj    0x08004518       0x3c d:/clion/gcc_arm/gcc-arm-11.2-2022.02-mingw-w64-i686-arm-none-eabi/gcc-arm-11.2-2022.02-mingw-w64-i686-arm-none-eabi/bin/../lib/gcc/arm-none-eabi/11.2.1/thumb/v7e-m+fp/hard\libstdc++.a(new_op.o)
                0x08004518                _Znwj
 .text._ZN10__cxxabiv120__si_class_type_infoD2Ev
                0x08004554       0x14 d:/clion/gcc_arm/gcc-arm-11.2-2022.02-mingw-w64-i686-arm-none-eabi/gcc-arm-11.2-2022.02-mingw-w64-i686-arm-none-eabi/bin/../lib/gcc/arm-none-eabi/11.2.1/thumb/v7e-m+fp/hard\libstdc++.a(si_class_type_info.o)
                0x08004554                _ZN10__cxxabiv120__si_class_type_infoD1Ev
                0x08004554                _ZN10__cxxabiv120__si_class_type_infoD2Ev
 .text._ZN10__cxxabiv120__si_class_type_infoD0Ev
                0x08004568       0x1c d:/clion/gcc_arm/gcc-arm-11.2-2022.02-mingw-w64-i686-arm-none-eabi/gcc-arm-11.2-2022.02-mingw-w64-i686-arm-none-eabi/bin/../lib/gcc/arm-none-eabi/11.2.1/thumb/v7e-m+fp/hard\libstdc++.a(si_class_type_info.o)
                0x08004568                _ZN10__cxxabiv120__si_class_type_infoD0Ev
 .text._ZNK10__cxxabiv120__si_class_type_info20__do_find_public_srcEiPKvPKNS_17__class_type_infoES2_
                0x08004584       0x3c d:/clion/gcc_arm/gcc-arm-11.2-2022.02-mingw-w64-i686-arm-none-eabi/gcc-arm-11.2-2022.02-mingw-w64-i686-arm-none-eabi/bin/../lib/gcc/arm-none-eabi/11.2.1/thumb/v7e-m+fp/hard\libstdc++.a(si_class_type_info.o)
                0x08004584                _ZNK10__cxxabiv120__si_class_type_info20__do_find_public_srcEiPKvPKNS_17__class_type_infoES2_
 .text._ZNK10__cxxabiv120__si_class_type_info12__do_dyncastEiNS_17__class_type_info10__sub_kindEPKS1_PKvS4_S6_RNS1_16__dyncast_resultE
                0x080045c0       0x7c d:/clion/gcc_arm/gcc-arm-11.2-2022.02-mingw-w64-i686-arm-none-eabi/gcc-arm-11.2-2022.02-mingw-w64-i686-arm-none-eabi/bin/../lib/gcc/arm-none-eabi/11.2.1/thumb/v7e-m+fp/hard\libstdc++.a(si_class_type_info.o)
                0x080045c0                _ZNK10__cxxabiv120__si_class_type_info12__do_dyncastEiNS_17__class_type_info10__sub_kindEPKS1_PKvS4_S6_RNS1_16__dyncast_resultE
 .text._ZNK10__cxxabiv120__si_class_type_info11__do_upcastEPKNS_17__class_type_infoEPKvRNS1_15__upcast_resultE
                0x0800463c       0x2c d:/clion/gcc_arm/gcc-arm-11.2-2022.02-mingw-w64-i686-arm-none-eabi/gcc-arm-11.2-2022.02-mingw-w64-i686-arm-none-eabi/bin/../lib/gcc/arm-none-eabi/11.2.1/thumb/v7e-m+fp/hard\libstdc++.a(si_class_type_info.o)
                0x0800463c                _ZNK10__cxxabiv120__si_class_type_info11__do_upcastEPKNS_17__class_type_infoEPKvRNS1_15__upcast_resultE
 .text._ZNSt9type_infoD2Ev
                0x08004668        0x4 d:/clion/gcc_arm/gcc-arm-11.2-2022.02-mingw-w64-i686-arm-none-eabi/gcc-arm-11.2-2022.02-mingw-w64-i686-arm-none-eabi/bin/../lib/gcc/arm-none-eabi/11.2.1/thumb/v7e-m+fp/hard\libstdc++.a(tinfo.o)
                0x08004668                _ZNSt9type_infoD2Ev
                0x08004668                _ZNSt9type_infoD1Ev
 .text._ZNKSt9type_info14__is_pointer_pEv
                0x0800466c        0x4 d:/clion/gcc_arm/gcc-arm-11.2-2022.02-mingw-w64-i686-arm-none-eabi/gcc-arm-11.2-2022.02-mingw-w64-i686-arm-none-eabi/bin/../lib/gcc/arm-none-eabi/11.2.1/thumb/v7e-m+fp/hard\libstdc++.a(tinfo.o)
                0x0800466c                _ZNKSt9type_info14__is_pointer_pEv
                0x0800466c                _ZNKSt9type_info15__is_function_pEv
 .text._ZNKSt9type_infoeqERKS_
                0x08004670       0x2c d:/clion/gcc_arm/gcc-arm-11.2-2022.02-mingw-w64-i686-arm-none-eabi/gcc-arm-11.2-2022.02-mingw-w64-i686-arm-none-eabi/bin/../lib/gcc/arm-none-eabi/11.2.1/thumb/v7e-m+fp/hard\libstdc++.a(tinfo.o)
                0x08004670                _ZNKSt9type_infoeqERKS_
 .text._ZN9__gnu_cxx27__verbose_terminate_handlerEv
                0x0800469c      0x10c d:/clion/gcc_arm/gcc-arm-11.2-2022.02-mingw-w64-i686-arm-none-eabi/gcc-arm-11.2-2022.02-mingw-w64-i686-arm-none-eabi/bin/../lib/gcc/arm-none-eabi/11.2.1/thumb/v7e-m+fp/hard\libstdc++.a(vterminate.o)
                0x0800469c                _ZN9__gnu_cxx27__verbose_terminate_handlerEv
 .text._ZNKSt9bad_alloc4whatEv
                0x080047a8        0x8 d:/clion/gcc_arm/gcc-arm-11.2-2022.02-mingw-w64-i686-arm-none-eabi/gcc-arm-11.2-2022.02-mingw-w64-i686-arm-none-eabi/bin/../lib/gcc/arm-none-eabi/11.2.1/thumb/v7e-m+fp/hard\libstdc++.a(bad_alloc.o)
                0x080047a8                _ZNKSt9bad_alloc4whatEv
 .text._ZNSt9bad_allocD2Ev
                0x080047b0       0x14 d:/clion/gcc_arm/gcc-arm-11.2-2022.02-mingw-w64-i686-arm-none-eabi/gcc-arm-11.2-2022.02-mingw-w64-i686-arm-none-eabi/bin/../lib/gcc/arm-none-eabi/11.2.1/thumb/v7e-m+fp/hard\libstdc++.a(bad_alloc.o)
                0x080047b0                _ZNSt9bad_allocD1Ev
                0x080047b0                _ZNSt9bad_allocD2Ev
 .text._ZNSt9bad_allocD0Ev
                0x080047c4       0x1c d:/clion/gcc_arm/gcc-arm-11.2-2022.02-mingw-w64-i686-arm-none-eabi/gcc-arm-11.2-2022.02-mingw-w64-i686-arm-none-eabi/bin/../lib/gcc/arm-none-eabi/11.2.1/thumb/v7e-m+fp/hard\libstdc++.a(bad_alloc.o)
                0x080047c4                _ZNSt9bad_allocD0Ev
 .text.d_make_comp
                0x080047e0       0xf0 d:/clion/gcc_arm/gcc-arm-11.2-2022.02-mingw-w64-i686-arm-none-eabi/gcc-arm-11.2-2022.02-mingw-w64-i686-arm-none-eabi/bin/../lib/gcc/arm-none-eabi/11.2.1/thumb/v7e-m+fp/hard\libstdc++.a(cp-demangle.o)
 .text.d_number
                0x080048d0       0x74 d:/clion/gcc_arm/gcc-arm-11.2-2022.02-mingw-w64-i686-arm-none-eabi/gcc-arm-11.2-2022.02-mingw-w64-i686-arm-none-eabi/bin/../lib/gcc/arm-none-eabi/11.2.1/thumb/v7e-m+fp/hard\libstdc++.a(cp-demangle.o)
 .text.d_call_offset
                0x08004944       0x48 d:/clion/gcc_arm/gcc-arm-11.2-2022.02-mingw-w64-i686-arm-none-eabi/gcc-arm-11.2-2022.02-mingw-w64-i686-arm-none-eabi/bin/../lib/gcc/arm-none-eabi/11.2.1/thumb/v7e-m+fp/hard\libstdc++.a(cp-demangle.o)
 .text.d_ref_qualifier
                0x0800498c       0x38 d:/clion/gcc_arm/gcc-arm-11.2-2022.02-mingw-w64-i686-arm-none-eabi/gcc-arm-11.2-2022.02-mingw-w64-i686-arm-none-eabi/bin/../lib/gcc/arm-none-eabi/11.2.1/thumb/v7e-m+fp/hard\libstdc++.a(cp-demangle.o)
 .text.d_count_templates_scopes
                0x080049c4       0xd4 d:/clion/gcc_arm/gcc-arm-11.2-2022.02-mingw-w64-i686-arm-none-eabi/gcc-arm-11.2-2022.02-mingw-w64-i686-arm-none-eabi/bin/../lib/gcc/arm-none-eabi/11.2.1/thumb/v7e-m+fp/hard\libstdc++.a(cp-demangle.o)
 .text.d_pack_length
                0x08004a98       0x1c d:/clion/gcc_arm/gcc-arm-11.2-2022.02-mingw-w64-i686-arm-none-eabi/gcc-arm-11.2-2022.02-mingw-w64-i686-arm-none-eabi/bin/../lib/gcc/arm-none-eabi/11.2.1/thumb/v7e-m+fp/hard\libstdc++.a(cp-demangle.o)
 .text.d_discriminator
                0x08004ab4       0x48 d:/clion/gcc_arm/gcc-arm-11.2-2022.02-mingw-w64-i686-arm-none-eabi/gcc-arm-11.2-2022.02-mingw-w64-i686-arm-none-eabi/bin/../lib/gcc/arm-none-eabi/11.2.1/thumb/v7e-m+fp/hard\libstdc++.a(cp-demangle.o)
 .text.d_index_template_argument.part.0
                0x08004afc       0x1c d:/clion/gcc_arm/gcc-arm-11.2-2022.02-mingw-w64-i686-arm-none-eabi/gcc-arm-11.2-2022.02-mingw-w64-i686-arm-none-eabi/bin/../lib/gcc/arm-none-eabi/11.2.1/thumb/v7e-m+fp/hard\libstdc++.a(cp-demangle.o)
 .text.d_growable_string_callback_adapter
                0x08004b18       0x78 d:/clion/gcc_arm/gcc-arm-11.2-2022.02-mingw-w64-i686-arm-none-eabi/gcc-arm-11.2-2022.02-mingw-w64-i686-arm-none-eabi/bin/../lib/gcc/arm-none-eabi/11.2.1/thumb/v7e-m+fp/hard\libstdc++.a(cp-demangle.o)
 .text.next_is_type_qual.isra.0
                0x08004b90       0x30 d:/clion/gcc_arm/gcc-arm-11.2-2022.02-mingw-w64-i686-arm-none-eabi/gcc-arm-11.2-2022.02-mingw-w64-i686-arm-none-eabi/bin/../lib/gcc/arm-none-eabi/11.2.1/thumb/v7e-m+fp/hard\libstdc++.a(cp-demangle.o)
 .text.d_append_char
                0x08004bc0       0x44 d:/clion/gcc_arm/gcc-arm-11.2-2022.02-mingw-w64-i686-arm-none-eabi/gcc-arm-11.2-2022.02-mingw-w64-i686-arm-none-eabi/bin/../lib/gcc/arm-none-eabi/11.2.1/thumb/v7e-m+fp/hard\libstdc++.a(cp-demangle.o)
 .text.d_lookup_template_argument
                0x08004c04       0x38 d:/clion/gcc_arm/gcc-arm-11.2-2022.02-mingw-w64-i686-arm-none-eabi/gcc-arm-11.2-2022.02-mingw-w64-i686-arm-none-eabi/bin/../lib/gcc/arm-none-eabi/11.2.1/thumb/v7e-m+fp/hard\libstdc++.a(cp-demangle.o)
 .text.d_find_pack
                0x08004c3c       0x94 d:/clion/gcc_arm/gcc-arm-11.2-2022.02-mingw-w64-i686-arm-none-eabi/gcc-arm-11.2-2022.02-mingw-w64-i686-arm-none-eabi/bin/../lib/gcc/arm-none-eabi/11.2.1/thumb/v7e-m+fp/hard\libstdc++.a(cp-demangle.o)
 .text.d_append_string
                0x08004cd0       0x68 d:/clion/gcc_arm/gcc-arm-11.2-2022.02-mingw-w64-i686-arm-none-eabi/gcc-arm-11.2-2022.02-mingw-w64-i686-arm-none-eabi/bin/../lib/gcc/arm-none-eabi/11.2.1/thumb/v7e-m+fp/hard\libstdc++.a(cp-demangle.o)
 .text.d_template_param
                0x08004d38       0x60 d:/clion/gcc_arm/gcc-arm-11.2-2022.02-mingw-w64-i686-arm-none-eabi/gcc-arm-11.2-2022.02-mingw-w64-i686-arm-none-eabi/bin/../lib/gcc/arm-none-eabi/11.2.1/thumb/v7e-m+fp/hard\libstdc++.a(cp-demangle.o)
 .text.d_append_num
                0x08004d98       0x78 d:/clion/gcc_arm/gcc-arm-11.2-2022.02-mingw-w64-i686-arm-none-eabi/gcc-arm-11.2-2022.02-mingw-w64-i686-arm-none-eabi/bin/../lib/gcc/arm-none-eabi/11.2.1/thumb/v7e-m+fp/hard\libstdc++.a(cp-demangle.o)
 .text.d_source_name
                0x08004e10       0xe0 d:/clion/gcc_arm/gcc-arm-11.2-2022.02-mingw-w64-i686-arm-none-eabi/gcc-arm-11.2-2022.02-mingw-w64-i686-arm-none-eabi/bin/../lib/gcc/arm-none-eabi/11.2.1/thumb/v7e-m+fp/hard\libstdc++.a(cp-demangle.o)
 .text.d_substitution
                0x08004ef0      0x194 d:/clion/gcc_arm/gcc-arm-11.2-2022.02-mingw-w64-i686-arm-none-eabi/gcc-arm-11.2-2022.02-mingw-w64-i686-arm-none-eabi/bin/../lib/gcc/arm-none-eabi/11.2.1/thumb/v7e-m+fp/hard\libstdc++.a(cp-demangle.o)
 .text.d_type   0x08005084      0x870 d:/clion/gcc_arm/gcc-arm-11.2-2022.02-mingw-w64-i686-arm-none-eabi/gcc-arm-11.2-2022.02-mingw-w64-i686-arm-none-eabi/bin/../lib/gcc/arm-none-eabi/11.2.1/thumb/v7e-m+fp/hard\libstdc++.a(cp-demangle.o)
 .text.d_parmlist
                0x080058f4       0x80 d:/clion/gcc_arm/gcc-arm-11.2-2022.02-mingw-w64-i686-arm-none-eabi/gcc-arm-11.2-2022.02-mingw-w64-i686-arm-none-eabi/bin/../lib/gcc/arm-none-eabi/11.2.1/thumb/v7e-m+fp/hard\libstdc++.a(cp-demangle.o)
 .text.d_bare_function_type
                0x08005974       0x48 d:/clion/gcc_arm/gcc-arm-11.2-2022.02-mingw-w64-i686-arm-none-eabi/gcc-arm-11.2-2022.02-mingw-w64-i686-arm-none-eabi/bin/../lib/gcc/arm-none-eabi/11.2.1/thumb/v7e-m+fp/hard\libstdc++.a(cp-demangle.o)
 .text.d_function_type
                0x080059bc       0x6c d:/clion/gcc_arm/gcc-arm-11.2-2022.02-mingw-w64-i686-arm-none-eabi/gcc-arm-11.2-2022.02-mingw-w64-i686-arm-none-eabi/bin/../lib/gcc/arm-none-eabi/11.2.1/thumb/v7e-m+fp/hard\libstdc++.a(cp-demangle.o)
 .text.d_operator_name
                0x08005a28      0x108 d:/clion/gcc_arm/gcc-arm-11.2-2022.02-mingw-w64-i686-arm-none-eabi/gcc-arm-11.2-2022.02-mingw-w64-i686-arm-none-eabi/bin/../lib/gcc/arm-none-eabi/11.2.1/thumb/v7e-m+fp/hard\libstdc++.a(cp-demangle.o)
 .text.d_unqualified_name
                0x08005b30      0x340 d:/clion/gcc_arm/gcc-arm-11.2-2022.02-mingw-w64-i686-arm-none-eabi/gcc-arm-11.2-2022.02-mingw-w64-i686-arm-none-eabi/bin/../lib/gcc/arm-none-eabi/11.2.1/thumb/v7e-m+fp/hard\libstdc++.a(cp-demangle.o)
 .text.d_expr_primary
                0x08005e70      0x120 d:/clion/gcc_arm/gcc-arm-11.2-2022.02-mingw-w64-i686-arm-none-eabi/gcc-arm-11.2-2022.02-mingw-w64-i686-arm-none-eabi/bin/../lib/gcc/arm-none-eabi/11.2.1/thumb/v7e-m+fp/hard\libstdc++.a(cp-demangle.o)
 .text.d_template_arg
                0x08005f90       0x58 d:/clion/gcc_arm/gcc-arm-11.2-2022.02-mingw-w64-i686-arm-none-eabi/gcc-arm-11.2-2022.02-mingw-w64-i686-arm-none-eabi/bin/../lib/gcc/arm-none-eabi/11.2.1/thumb/v7e-m+fp/hard\libstdc++.a(cp-demangle.o)
 .text.d_template_args_1
                0x08005fe8       0x64 d:/clion/gcc_arm/gcc-arm-11.2-2022.02-mingw-w64-i686-arm-none-eabi/gcc-arm-11.2-2022.02-mingw-w64-i686-arm-none-eabi/bin/../lib/gcc/arm-none-eabi/11.2.1/thumb/v7e-m+fp/hard\libstdc++.a(cp-demangle.o)
 .text.d_prefix
                0x0800604c      0x12c d:/clion/gcc_arm/gcc-arm-11.2-2022.02-mingw-w64-i686-arm-none-eabi/gcc-arm-11.2-2022.02-mingw-w64-i686-arm-none-eabi/bin/../lib/gcc/arm-none-eabi/11.2.1/thumb/v7e-m+fp/hard\libstdc++.a(cp-demangle.o)
 .text.d_expression_1
                0x08006178      0x4ec d:/clion/gcc_arm/gcc-arm-11.2-2022.02-mingw-w64-i686-arm-none-eabi/gcc-arm-11.2-2022.02-mingw-w64-i686-arm-none-eabi/bin/../lib/gcc/arm-none-eabi/11.2.1/thumb/v7e-m+fp/hard\libstdc++.a(cp-demangle.o)
 .text.d_exprlist
                0x08006664       0x74 d:/clion/gcc_arm/gcc-arm-11.2-2022.02-mingw-w64-i686-arm-none-eabi/gcc-arm-11.2-2022.02-mingw-w64-i686-arm-none-eabi/bin/../lib/gcc/arm-none-eabi/11.2.1/thumb/v7e-m+fp/hard\libstdc++.a(cp-demangle.o)
 .text.d_cv_qualifiers
                0x080066d8      0x154 d:/clion/gcc_arm/gcc-arm-11.2-2022.02-mingw-w64-i686-arm-none-eabi/gcc-arm-11.2-2022.02-mingw-w64-i686-arm-none-eabi/bin/../lib/gcc/arm-none-eabi/11.2.1/thumb/v7e-m+fp/hard\libstdc++.a(cp-demangle.o)
 .text.d_special_name
                0x0800682c      0x474 d:/clion/gcc_arm/gcc-arm-11.2-2022.02-mingw-w64-i686-arm-none-eabi/gcc-arm-11.2-2022.02-mingw-w64-i686-arm-none-eabi/bin/../lib/gcc/arm-none-eabi/11.2.1/thumb/v7e-m+fp/hard\libstdc++.a(cp-demangle.o)
 .text.d_name   0x08006ca0      0x29c d:/clion/gcc_arm/gcc-arm-11.2-2022.02-mingw-w64-i686-arm-none-eabi/gcc-arm-11.2-2022.02-mingw-w64-i686-arm-none-eabi/bin/../lib/gcc/arm-none-eabi/11.2.1/thumb/v7e-m+fp/hard\libstdc++.a(cp-demangle.o)
 .text.d_encoding.part.0
                0x08006f3c       0xf8 d:/clion/gcc_arm/gcc-arm-11.2-2022.02-mingw-w64-i686-arm-none-eabi/gcc-arm-11.2-2022.02-mingw-w64-i686-arm-none-eabi/bin/../lib/gcc/arm-none-eabi/11.2.1/thumb/v7e-m+fp/hard\libstdc++.a(cp-demangle.o)
 .text.d_print_comp_inner
                0x08007034     0x20f4 d:/clion/gcc_arm/gcc-arm-11.2-2022.02-mingw-w64-i686-arm-none-eabi/gcc-arm-11.2-2022.02-mingw-w64-i686-arm-none-eabi/bin/../lib/gcc/arm-none-eabi/11.2.1/thumb/v7e-m+fp/hard\libstdc++.a(cp-demangle.o)
 .text.d_print_comp
                0x08009128       0x5c d:/clion/gcc_arm/gcc-arm-11.2-2022.02-mingw-w64-i686-arm-none-eabi/gcc-arm-11.2-2022.02-mingw-w64-i686-arm-none-eabi/bin/../lib/gcc/arm-none-eabi/11.2.1/thumb/v7e-m+fp/hard\libstdc++.a(cp-demangle.o)
 .text.d_print_mod
                0x08009184      0x638 d:/clion/gcc_arm/gcc-arm-11.2-2022.02-mingw-w64-i686-arm-none-eabi/gcc-arm-11.2-2022.02-mingw-w64-i686-arm-none-eabi/bin/../lib/gcc/arm-none-eabi/11.2.1/thumb/v7e-m+fp/hard\libstdc++.a(cp-demangle.o)
 .text.d_print_function_type
                0x080097bc      0x1d8 d:/clion/gcc_arm/gcc-arm-11.2-2022.02-mingw-w64-i686-arm-none-eabi/gcc-arm-11.2-2022.02-mingw-w64-i686-arm-none-eabi/bin/../lib/gcc/arm-none-eabi/11.2.1/thumb/v7e-m+fp/hard\libstdc++.a(cp-demangle.o)
 .text.d_print_mod_list
                0x08009994      0x248 d:/clion/gcc_arm/gcc-arm-11.2-2022.02-mingw-w64-i686-arm-none-eabi/gcc-arm-11.2-2022.02-mingw-w64-i686-arm-none-eabi/bin/../lib/gcc/arm-none-eabi/11.2.1/thumb/v7e-m+fp/hard\libstdc++.a(cp-demangle.o)
 .text.d_print_array_type
                0x08009bdc      0x1c8 d:/clion/gcc_arm/gcc-arm-11.2-2022.02-mingw-w64-i686-arm-none-eabi/gcc-arm-11.2-2022.02-mingw-w64-i686-arm-none-eabi/bin/../lib/gcc/arm-none-eabi/11.2.1/thumb/v7e-m+fp/hard\libstdc++.a(cp-demangle.o)
 .text.d_print_expr_op
                0x08009da4       0x78 d:/clion/gcc_arm/gcc-arm-11.2-2022.02-mingw-w64-i686-arm-none-eabi/gcc-arm-11.2-2022.02-mingw-w64-i686-arm-none-eabi/bin/../lib/gcc/arm-none-eabi/11.2.1/thumb/v7e-m+fp/hard\libstdc++.a(cp-demangle.o)
 .text.d_demangle_callback.constprop.0
                0x08009e1c      0x380 d:/clion/gcc_arm/gcc-arm-11.2-2022.02-mingw-w64-i686-arm-none-eabi/gcc-arm-11.2-2022.02-mingw-w64-i686-arm-none-eabi/bin/../lib/gcc/arm-none-eabi/11.2.1/thumb/v7e-m+fp/hard\libstdc++.a(cp-demangle.o)
 .text.d_print_subexpr
                0x0800a19c       0xdc d:/clion/gcc_arm/gcc-arm-11.2-2022.02-mingw-w64-i686-arm-none-eabi/gcc-arm-11.2-2022.02-mingw-w64-i686-arm-none-eabi/bin/../lib/gcc/arm-none-eabi/11.2.1/thumb/v7e-m+fp/hard\libstdc++.a(cp-demangle.o)
 .text.d_maybe_print_fold_expression
                0x0800a278      0x254 d:/clion/gcc_arm/gcc-arm-11.2-2022.02-mingw-w64-i686-arm-none-eabi/gcc-arm-11.2-2022.02-mingw-w64-i686-arm-none-eabi/bin/../lib/gcc/arm-none-eabi/11.2.1/thumb/v7e-m+fp/hard\libstdc++.a(cp-demangle.o)
 .text.d_maybe_print_designated_init
                0x0800a4cc      0x1e4 d:/clion/gcc_arm/gcc-arm-11.2-2022.02-mingw-w64-i686-arm-none-eabi/gcc-arm-11.2-2022.02-mingw-w64-i686-arm-none-eabi/bin/../lib/gcc/arm-none-eabi/11.2.1/thumb/v7e-m+fp/hard\libstdc++.a(cp-demangle.o)
 .text.__cxa_demangle
                0x0800a6b0       0xc4 d:/clion/gcc_arm/gcc-arm-11.2-2022.02-mingw-w64-i686-arm-none-eabi/gcc-arm-11.2-2022.02-mingw-w64-i686-arm-none-eabi/bin/../lib/gcc/arm-none-eabi/11.2.1/thumb/v7e-m+fp/hard\libstdc++.a(cp-demangle.o)
                0x0800a6b0                __cxa_demangle
 .text._ZdlPv   0x0800a774        0x4 d:/clion/gcc_arm/gcc-arm-11.2-2022.02-mingw-w64-i686-arm-none-eabi/gcc-arm-11.2-2022.02-mingw-w64-i686-arm-none-eabi/bin/../lib/gcc/arm-none-eabi/11.2.1/thumb/v7e-m+fp/hard\libstdc++.a(del_op.o)
                0x0800a774                _ZdlPv
 .text._ZN12_GLOBAL__N_14pool4freeEPv.constprop.0
                0x0800a778       0x88 d:/clion/gcc_arm/gcc-arm-11.2-2022.02-mingw-w64-i686-arm-none-eabi/gcc-arm-11.2-2022.02-mingw-w64-i686-arm-none-eabi/bin/../lib/gcc/arm-none-eabi/11.2.1/thumb/v7e-m+fp/hard\libstdc++.a(eh_alloc.o)
 .text._ZN12_GLOBAL__N_14pool8allocateEj.constprop.0
                0x0800a800       0x58 d:/clion/gcc_arm/gcc-arm-11.2-2022.02-mingw-w64-i686-arm-none-eabi/gcc-arm-11.2-2022.02-mingw-w64-i686-arm-none-eabi/bin/../lib/gcc/arm-none-eabi/11.2.1/thumb/v7e-m+fp/hard\libstdc++.a(eh_alloc.o)
 .text.__cxa_allocate_exception
                0x0800a858       0x30 d:/clion/gcc_arm/gcc-arm-11.2-2022.02-mingw-w64-i686-arm-none-eabi/gcc-arm-11.2-2022.02-mingw-w64-i686-arm-none-eabi/bin/../lib/gcc/arm-none-eabi/11.2.1/thumb/v7e-m+fp/hard\libstdc++.a(eh_alloc.o)
                0x0800a858                __cxa_allocate_exception
 .text.__cxa_free_exception
                0x0800a888       0x20 d:/clion/gcc_arm/gcc-arm-11.2-2022.02-mingw-w64-i686-arm-none-eabi/gcc-arm-11.2-2022.02-mingw-w64-i686-arm-none-eabi/bin/../lib/gcc/arm-none-eabi/11.2.1/thumb/v7e-m+fp/hard\libstdc++.a(eh_alloc.o)
                0x0800a888                __cxa_free_exception
 .text.startup._GLOBAL__sub_I__ZN9__gnu_cxx9__freeresEv
                0x0800a8a8       0x28 d:/clion/gcc_arm/gcc-arm-11.2-2022.02-mingw-w64-i686-arm-none-eabi/gcc-arm-11.2-2022.02-mingw-w64-i686-arm-none-eabi/bin/../lib/gcc/arm-none-eabi/11.2.1/thumb/v7e-m+fp/hard\libstdc++.a(eh_alloc.o)
 .text._ZN10__cxxabiv1L24__is_gxx_exception_classEPc
                0x0800a8d0       0x3c d:/clion/gcc_arm/gcc-arm-11.2-2022.02-mingw-w64-i686-arm-none-eabi/gcc-arm-11.2-2022.02-mingw-w64-i686-arm-none-eabi/bin/../lib/gcc/arm-none-eabi/11.2.1/thumb/v7e-m+fp/hard\libstdc++.a(eh_call.o)
 .text.__cxa_call_terminate
                0x0800a90c       0x20 d:/clion/gcc_arm/gcc-arm-11.2-2022.02-mingw-w64-i686-arm-none-eabi/gcc-arm-11.2-2022.02-mingw-w64-i686-arm-none-eabi/bin/../lib/gcc/arm-none-eabi/11.2.1/thumb/v7e-m+fp/hard\libstdc++.a(eh_call.o)
                0x0800a90c                __cxa_call_terminate
 .text.unlikely.__cxa_call_unexpected
                0x0800a92c       0xe4 d:/clion/gcc_arm/gcc-arm-11.2-2022.02-mingw-w64-i686-arm-none-eabi/gcc-arm-11.2-2022.02-mingw-w64-i686-arm-none-eabi/bin/../lib/gcc/arm-none-eabi/11.2.1/thumb/v7e-m+fp/hard\libstdc++.a(eh_call.o)
                0x0800a92c                __cxa_call_unexpected
 .text.__cxa_begin_catch
                0x0800aa10       0x7c d:/clion/gcc_arm/gcc-arm-11.2-2022.02-mingw-w64-i686-arm-none-eabi/gcc-arm-11.2-2022.02-mingw-w64-i686-arm-none-eabi/bin/../lib/gcc/arm-none-eabi/11.2.1/thumb/v7e-m+fp/hard\libstdc++.a(eh_catch.o)
                0x0800aa10                __cxa_begin_catch
 .text.__cxa_end_catch
                0x0800aa8c       0x8c d:/clion/gcc_arm/gcc-arm-11.2-2022.02-mingw-w64-i686-arm-none-eabi/gcc-arm-11.2-2022.02-mingw-w64-i686-arm-none-eabi/bin/../lib/gcc/arm-none-eabi/11.2.1/thumb/v7e-m+fp/hard\libstdc++.a(eh_catch.o)
                0x0800aa8c                __cxa_end_catch
 .text._ZL23__gxx_exception_cleanup19_Unwind_Reason_CodeP21_Unwind_Control_Block
                0x0800ab18       0x4c d:/clion/gcc_arm/gcc-arm-11.2-2022.02-mingw-w64-i686-arm-none-eabi/gcc-arm-11.2-2022.02-mingw-w64-i686-arm-none-eabi/bin/../lib/gcc/arm-none-eabi/11.2.1/thumb/v7e-m+fp/hard\libstdc++.a(eh_throw.o)
 .text.__cxa_init_primary_exception
                0x0800ab64       0x58 d:/clion/gcc_arm/gcc-arm-11.2-2022.02-mingw-w64-i686-arm-none-eabi/gcc-arm-11.2-2022.02-mingw-w64-i686-arm-none-eabi/bin/../lib/gcc/arm-none-eabi/11.2.1/thumb/v7e-m+fp/hard\libstdc++.a(eh_throw.o)
                0x0800ab64                __cxa_init_primary_exception
 .text.__cxa_throw
                0x0800abbc       0x38 d:/clion/gcc_arm/gcc-arm-11.2-2022.02-mingw-w64-i686-arm-none-eabi/gcc-arm-11.2-2022.02-mingw-w64-i686-arm-none-eabi/bin/../lib/gcc/arm-none-eabi/11.2.1/thumb/v7e-m+fp/hard\libstdc++.a(eh_throw.o)
                0x0800abbc                __cxa_throw
 .text.__cxa_rethrow
                0x0800abf4       0x70 d:/clion/gcc_arm/gcc-arm-11.2-2022.02-mingw-w64-i686-arm-none-eabi/gcc-arm-11.2-2022.02-mingw-w64-i686-arm-none-eabi/bin/../lib/gcc/arm-none-eabi/11.2.1/thumb/v7e-m+fp/hard\libstdc++.a(eh_throw.o)
                0x0800abf4                __cxa_rethrow
 .text.__cxa_current_exception_type
                0x0800ac64       0x1c d:/clion/gcc_arm/gcc-arm-11.2-2022.02-mingw-w64-i686-arm-none-eabi/gcc-arm-11.2-2022.02-mingw-w64-i686-arm-none-eabi/bin/../lib/gcc/arm-none-eabi/11.2.1/thumb/v7e-m+fp/hard\libstdc++.a(eh_type.o)
                0x0800ac64                __cxa_current_exception_type
 .text._ZSt15get_new_handlerv
                0x0800ac80       0x10 d:/clion/gcc_arm/gcc-arm-11.2-2022.02-mingw-w64-i686-arm-none-eabi/gcc-arm-11.2-2022.02-mingw-w64-i686-arm-none-eabi/bin/../lib/gcc/arm-none-eabi/11.2.1/thumb/v7e-m+fp/hard\libstdc++.a(new_handler.o)
                0x0800ac80                _ZSt15get_new_handlerv
 .text.__udivmoddi4
                0x0800ac90      0x2c8 d:/clion/gcc_arm/gcc-arm-11.2-2022.02-mingw-w64-i686-arm-none-eabi/gcc-arm-11.2-2022.02-mingw-w64-i686-arm-none-eabi/bin/../lib/gcc/arm-none-eabi/11.2.1/thumb/v7e-m+fp/hard\libgcc.a(_udivmoddi4.o)
                0x0800ac90                __udivmoddi4
 .text.selfrel_offset31
                0x0800af58       0x14 d:/clion/gcc_arm/gcc-arm-11.2-2022.02-mingw-w64-i686-arm-none-eabi/gcc-arm-11.2-2022.02-mingw-w64-i686-arm-none-eabi/bin/../lib/gcc/arm-none-eabi/11.2.1/thumb/v7e-m+fp/hard\libgcc.a(unwind-arm.o)
 .text.search_EIT_table
                0x0800af6c       0x5c d:/clion/gcc_arm/gcc-arm-11.2-2022.02-mingw-w64-i686-arm-none-eabi/gcc-arm-11.2-2022.02-mingw-w64-i686-arm-none-eabi/bin/../lib/gcc/arm-none-eabi/11.2.1/thumb/v7e-m+fp/hard\libgcc.a(unwind-arm.o)
 .text.__gnu_unwind_get_pr_addr
                0x0800afc8       0x28 d:/clion/gcc_arm/gcc-arm-11.2-2022.02-mingw-w64-i686-arm-none-eabi/gcc-arm-11.2-2022.02-mingw-w64-i686-arm-none-eabi/bin/../lib/gcc/arm-none-eabi/11.2.1/thumb/v7e-m+fp/hard\libgcc.a(unwind-arm.o)
 .text.get_eit_entry
                0x0800aff0       0x98 d:/clion/gcc_arm/gcc-arm-11.2-2022.02-mingw-w64-i686-arm-none-eabi/gcc-arm-11.2-2022.02-mingw-w64-i686-arm-none-eabi/bin/../lib/gcc/arm-none-eabi/11.2.1/thumb/v7e-m+fp/hard\libgcc.a(unwind-arm.o)
 .text.restore_non_core_regs
                0x0800b088       0x58 d:/clion/gcc_arm/gcc-arm-11.2-2022.02-mingw-w64-i686-arm-none-eabi/gcc-arm-11.2-2022.02-mingw-w64-i686-arm-none-eabi/bin/../lib/gcc/arm-none-eabi/11.2.1/thumb/v7e-m+fp/hard\libgcc.a(unwind-arm.o)
 .text._Unwind_decode_typeinfo_ptr.constprop.0
                0x0800b0e0        0xc d:/clion/gcc_arm/gcc-arm-11.2-2022.02-mingw-w64-i686-arm-none-eabi/gcc-arm-11.2-2022.02-mingw-w64-i686-arm-none-eabi/bin/../lib/gcc/arm-none-eabi/11.2.1/thumb/v7e-m+fp/hard\libgcc.a(unwind-arm.o)
 .text._Unwind_DebugHook
                0x0800b0ec        0x4 d:/clion/gcc_arm/gcc-arm-11.2-2022.02-mingw-w64-i686-arm-none-eabi/gcc-arm-11.2-2022.02-mingw-w64-i686-arm-none-eabi/bin/../lib/gcc/arm-none-eabi/11.2.1/thumb/v7e-m+fp/hard\libgcc.a(unwind-arm.o)
 .text.unwind_phase2
                0x0800b0f0       0x3c d:/clion/gcc_arm/gcc-arm-11.2-2022.02-mingw-w64-i686-arm-none-eabi/gcc-arm-11.2-2022.02-mingw-w64-i686-arm-none-eabi/bin/../lib/gcc/arm-none-eabi/11.2.1/thumb/v7e-m+fp/hard\libgcc.a(unwind-arm.o)
 .text.unwind_phase2_forced
                0x0800b12c       0xcc d:/clion/gcc_arm/gcc-arm-11.2-2022.02-mingw-w64-i686-arm-none-eabi/gcc-arm-11.2-2022.02-mingw-w64-i686-arm-none-eabi/bin/../lib/gcc/arm-none-eabi/11.2.1/thumb/v7e-m+fp/hard\libgcc.a(unwind-arm.o)
 .text.__gnu_Unwind_RaiseException
                0x0800b1f8       0x68 d:/clion/gcc_arm/gcc-arm-11.2-2022.02-mingw-w64-i686-arm-none-eabi/gcc-arm-11.2-2022.02-mingw-w64-i686-arm-none-eabi/bin/../lib/gcc/arm-none-eabi/11.2.1/thumb/v7e-m+fp/hard\libgcc.a(unwind-arm.o)
                0x0800b1f8                __gnu_Unwind_RaiseException
 .text.__gnu_Unwind_ForcedUnwind
                0x0800b260       0x10 d:/clion/gcc_arm/gcc-arm-11.2-2022.02-mingw-w64-i686-arm-none-eabi/gcc-arm-11.2-2022.02-mingw-w64-i686-arm-none-eabi/bin/../lib/gcc/arm-none-eabi/11.2.1/thumb/v7e-m+fp/hard\libgcc.a(unwind-arm.o)
                0x0800b260                __gnu_Unwind_ForcedUnwind
 .text.__gnu_Unwind_Resume
                0x0800b270       0x44 d:/clion/gcc_arm/gcc-arm-11.2-2022.02-mingw-w64-i686-arm-none-eabi/gcc-arm-11.2-2022.02-mingw-w64-i686-arm-none-eabi/bin/../lib/gcc/arm-none-eabi/11.2.1/thumb/v7e-m+fp/hard\libgcc.a(unwind-arm.o)
                0x0800b270                __gnu_Unwind_Resume
 .text.__gnu_Unwind_Resume_or_Rethrow
                0x0800b2b4       0x14 d:/clion/gcc_arm/gcc-arm-11.2-2022.02-mingw-w64-i686-arm-none-eabi/gcc-arm-11.2-2022.02-mingw-w64-i686-arm-none-eabi/bin/../lib/gcc/arm-none-eabi/11.2.1/thumb/v7e-m+fp/hard\libgcc.a(unwind-arm.o)
                0x0800b2b4                __gnu_Unwind_Resume_or_Rethrow
 .text._Unwind_Complete
                0x0800b2c8        0x4 d:/clion/gcc_arm/gcc-arm-11.2-2022.02-mingw-w64-i686-arm-none-eabi/gcc-arm-11.2-2022.02-mingw-w64-i686-arm-none-eabi/bin/../lib/gcc/arm-none-eabi/11.2.1/thumb/v7e-m+fp/hard\libgcc.a(unwind-arm.o)
                0x0800b2c8                _Unwind_Complete
 .text._Unwind_DeleteException
                0x0800b2cc        0xc d:/clion/gcc_arm/gcc-arm-11.2-2022.02-mingw-w64-i686-arm-none-eabi/gcc-arm-11.2-2022.02-mingw-w64-i686-arm-none-eabi/bin/../lib/gcc/arm-none-eabi/11.2.1/thumb/v7e-m+fp/hard\libgcc.a(unwind-arm.o)
                0x0800b2cc                _Unwind_DeleteException
 .text._Unwind_VRS_Get
                0x0800b2d8       0x30 d:/clion/gcc_arm/gcc-arm-11.2-2022.02-mingw-w64-i686-arm-none-eabi/gcc-arm-11.2-2022.02-mingw-w64-i686-arm-none-eabi/bin/../lib/gcc/arm-none-eabi/11.2.1/thumb/v7e-m+fp/hard\libgcc.a(unwind-arm.o)
                0x0800b2d8                _Unwind_VRS_Get
 .text._Unwind_GetGR
                0x0800b308       0x1c d:/clion/gcc_arm/gcc-arm-11.2-2022.02-mingw-w64-i686-arm-none-eabi/gcc-arm-11.2-2022.02-mingw-w64-i686-arm-none-eabi/bin/../lib/gcc/arm-none-eabi/11.2.1/thumb/v7e-m+fp/hard\libgcc.a(unwind-arm.o)
 .text._Unwind_VRS_Set
                0x0800b324       0x30 d:/clion/gcc_arm/gcc-arm-11.2-2022.02-mingw-w64-i686-arm-none-eabi/gcc-arm-11.2-2022.02-mingw-w64-i686-arm-none-eabi/bin/../lib/gcc/arm-none-eabi/11.2.1/thumb/v7e-m+fp/hard\libgcc.a(unwind-arm.o)
                0x0800b324                _Unwind_VRS_Set
 .text._Unwind_SetGR
                0x0800b354       0x18 d:/clion/gcc_arm/gcc-arm-11.2-2022.02-mingw-w64-i686-arm-none-eabi/gcc-arm-11.2-2022.02-mingw-w64-i686-arm-none-eabi/bin/../lib/gcc/arm-none-eabi/11.2.1/thumb/v7e-m+fp/hard\libgcc.a(unwind-arm.o)
 .text.__gnu_Unwind_Backtrace
                0x0800b36c       0x84 d:/clion/gcc_arm/gcc-arm-11.2-2022.02-mingw-w64-i686-arm-none-eabi/gcc-arm-11.2-2022.02-mingw-w64-i686-arm-none-eabi/bin/../lib/gcc/arm-none-eabi/11.2.1/thumb/v7e-m+fp/hard\libgcc.a(unwind-arm.o)
                0x0800b36c                __gnu_Unwind_Backtrace
 .text.__gnu_unwind_pr_common
                0x0800b3f0      0x2a8 d:/clion/gcc_arm/gcc-arm-11.2-2022.02-mingw-w64-i686-arm-none-eabi/gcc-arm-11.2-2022.02-mingw-w64-i686-arm-none-eabi/bin/../lib/gcc/arm-none-eabi/11.2.1/thumb/v7e-m+fp/hard\libgcc.a(unwind-arm.o)
 .text.__aeabi_unwind_cpp_pr0
                0x0800b698        0x8 d:/clion/gcc_arm/gcc-arm-11.2-2022.02-mingw-w64-i686-arm-none-eabi/gcc-arm-11.2-2022.02-mingw-w64-i686-arm-none-eabi/bin/../lib/gcc/arm-none-eabi/11.2.1/thumb/v7e-m+fp/hard\libgcc.a(unwind-arm.o)
                0x0800b698                __aeabi_unwind_cpp_pr0
 .text.__aeabi_unwind_cpp_pr1
                0x0800b6a0        0x8 d:/clion/gcc_arm/gcc-arm-11.2-2022.02-mingw-w64-i686-arm-none-eabi/gcc-arm-11.2-2022.02-mingw-w64-i686-arm-none-eabi/bin/../lib/gcc/arm-none-eabi/11.2.1/thumb/v7e-m+fp/hard\libgcc.a(unwind-arm.o)
                0x0800b6a0                __aeabi_unwind_cpp_pr1
 .text.__aeabi_unwind_cpp_pr2
                0x0800b6a8        0x8 d:/clion/gcc_arm/gcc-arm-11.2-2022.02-mingw-w64-i686-arm-none-eabi/gcc-arm-11.2-2022.02-mingw-w64-i686-arm-none-eabi/bin/../lib/gcc/arm-none-eabi/11.2.1/thumb/v7e-m+fp/hard\libgcc.a(unwind-arm.o)
                0x0800b6a8                __aeabi_unwind_cpp_pr2
 .text._Unwind_VRS_Pop
                0x0800b6b0      0x2b0 d:/clion/gcc_arm/gcc-arm-11.2-2022.02-mingw-w64-i686-arm-none-eabi/gcc-arm-11.2-2022.02-mingw-w64-i686-arm-none-eabi/bin/../lib/gcc/arm-none-eabi/11.2.1/thumb/v7e-m+fp/hard\libgcc.a(unwind-arm.o)
                0x0800b6b0                _Unwind_VRS_Pop
 .text.next_unwind_byte
                0x0800b960       0x38 d:/clion/gcc_arm/gcc-arm-11.2-2022.02-mingw-w64-i686-arm-none-eabi/gcc-arm-11.2-2022.02-mingw-w64-i686-arm-none-eabi/bin/../lib/gcc/arm-none-eabi/11.2.1/thumb/v7e-m+fp/hard\libgcc.a(pr-support.o)
 .text._Unwind_GetGR.constprop.0
                0x0800b998       0x1c d:/clion/gcc_arm/gcc-arm-11.2-2022.02-mingw-w64-i686-arm-none-eabi/gcc-arm-11.2-2022.02-mingw-w64-i686-arm-none-eabi/bin/../lib/gcc/arm-none-eabi/11.2.1/thumb/v7e-m+fp/hard\libgcc.a(pr-support.o)
 .text.unwind_UCB_from_context
                0x0800b9b4        0x4 d:/clion/gcc_arm/gcc-arm-11.2-2022.02-mingw-w64-i686-arm-none-eabi/gcc-arm-11.2-2022.02-mingw-w64-i686-arm-none-eabi/bin/../lib/gcc/arm-none-eabi/11.2.1/thumb/v7e-m+fp/hard\libgcc.a(pr-support.o)
 .text.__gnu_unwind_execute
                0x0800b9b8      0x28c d:/clion/gcc_arm/gcc-arm-11.2-2022.02-mingw-w64-i686-arm-none-eabi/gcc-arm-11.2-2022.02-mingw-w64-i686-arm-none-eabi/bin/../lib/gcc/arm-none-eabi/11.2.1/thumb/v7e-m+fp/hard\libgcc.a(pr-support.o)
                0x0800b9b8                __gnu_unwind_execute
 .text.__gnu_unwind_frame
                0x0800bc44       0x2c d:/clion/gcc_arm/gcc-arm-11.2-2022.02-mingw-w64-i686-arm-none-eabi/gcc-arm-11.2-2022.02-mingw-w64-i686-arm-none-eabi/bin/../lib/gcc/arm-none-eabi/11.2.1/thumb/v7e-m+fp/hard\libgcc.a(pr-support.o)
                0x0800bc44                __gnu_unwind_frame
 .text._Unwind_GetRegionStart
                0x0800bc70        0xc d:/clion/gcc_arm/gcc-arm-11.2-2022.02-mingw-w64-i686-arm-none-eabi/gcc-arm-11.2-2022.02-mingw-w64-i686-arm-none-eabi/bin/../lib/gcc/arm-none-eabi/11.2.1/thumb/v7e-m+fp/hard\libgcc.a(pr-support.o)
                0x0800bc70                _Unwind_GetRegionStart
 .text._Unwind_GetLanguageSpecificData
                0x0800bc7c       0x14 d:/clion/gcc_arm/gcc-arm-11.2-2022.02-mingw-w64-i686-arm-none-eabi/gcc-arm-11.2-2022.02-mingw-w64-i686-arm-none-eabi/bin/../lib/gcc/arm-none-eabi/11.2.1/thumb/v7e-m+fp/hard\libgcc.a(pr-support.o)
                0x0800bc7c                _Unwind_GetLanguageSpecificData
 .text.unlikely._Unwind_GetDataRelBase
                0x0800bc90        0x6 d:/clion/gcc_arm/gcc-arm-11.2-2022.02-mingw-w64-i686-arm-none-eabi/gcc-arm-11.2-2022.02-mingw-w64-i686-arm-none-eabi/bin/../lib/gcc/arm-none-eabi/11.2.1/thumb/v7e-m+fp/hard\libgcc.a(pr-support.o)
                0x0800bc90                _Unwind_GetDataRelBase
 .text.unlikely._Unwind_GetTextRelBase
                0x0800bc96        0x6 d:/clion/gcc_arm/gcc-arm-11.2-2022.02-mingw-w64-i686-arm-none-eabi/gcc-arm-11.2-2022.02-mingw-w64-i686-arm-none-eabi/bin/../lib/gcc/arm-none-eabi/11.2.1/thumb/v7e-m+fp/hard\libgcc.a(pr-support.o)
                0x0800bc96                _Unwind_GetTextRelBase
 .text.abort    0x0800bc9c       0x10 d:/clion/gcc_arm/gcc-arm-11.2-2022.02-mingw-w64-i686-arm-none-eabi/gcc-arm-11.2-2022.02-mingw-w64-i686-arm-none-eabi/bin/../lib/gcc/arm-none-eabi/11.2.1/thumb/v7e-m+fp/hard\libg.a(lib_a-abort.o)
                0x0800bc9c                abort
 .text.__errno  0x0800bcac        0xc d:/clion/gcc_arm/gcc-arm-11.2-2022.02-mingw-w64-i686-arm-none-eabi/gcc-arm-11.2-2022.02-mingw-w64-i686-arm-none-eabi/bin/../lib/gcc/arm-none-eabi/11.2.1/thumb/v7e-m+fp/hard\libg.a(lib_a-errno.o)
                0x0800bcac                __errno
 .text.fputc    0x0800bcb8       0x3c d:/clion/gcc_arm/gcc-arm-11.2-2022.02-mingw-w64-i686-arm-none-eabi/gcc-arm-11.2-2022.02-mingw-w64-i686-arm-none-eabi/bin/../lib/gcc/arm-none-eabi/11.2.1/thumb/v7e-m+fp/hard\libg.a(lib_a-fputc.o)
                0x0800bcb8                fputc
 .text._fputs_r
                0x0800bcf4       0x50 d:/clion/gcc_arm/gcc-arm-11.2-2022.02-mingw-w64-i686-arm-none-eabi/gcc-arm-11.2-2022.02-mingw-w64-i686-arm-none-eabi/bin/../lib/gcc/arm-none-eabi/11.2.1/thumb/v7e-m+fp/hard\libg.a(lib_a-fputs.o)
                0x0800bcf4                _fputs_r
 .text.fputs    0x0800bd44       0x18 d:/clion/gcc_arm/gcc-arm-11.2-2022.02-mingw-w64-i686-arm-none-eabi/gcc-arm-11.2-2022.02-mingw-w64-i686-arm-none-eabi/bin/../lib/gcc/arm-none-eabi/11.2.1/thumb/v7e-m+fp/hard\libg.a(lib_a-fputs.o)
                0x0800bd44                fputs
 .text.__sfvwrite_r
                0x0800bd5c      0x2f4 d:/clion/gcc_arm/gcc-arm-11.2-2022.02-mingw-w64-i686-arm-none-eabi/gcc-arm-11.2-2022.02-mingw-w64-i686-arm-none-eabi/bin/../lib/gcc/arm-none-eabi/11.2.1/thumb/v7e-m+fp/hard\libg.a(lib_a-fvwrite.o)
                0x0800bd5c                __sfvwrite_r
 .text.fwrite   0x0800c050       0x6c d:/clion/gcc_arm/gcc-arm-11.2-2022.02-mingw-w64-i686-arm-none-eabi/gcc-arm-11.2-2022.02-mingw-w64-i686-arm-none-eabi/bin/../lib/gcc/arm-none-eabi/11.2.1/thumb/v7e-m+fp/hard\libg.a(lib_a-fwrite.o)
                0x0800c050                fwrite
 .text.__libc_init_array
                0x0800c0bc       0x48 d:/clion/gcc_arm/gcc-arm-11.2-2022.02-mingw-w64-i686-arm-none-eabi/gcc-arm-11.2-2022.02-mingw-w64-i686-arm-none-eabi/bin/../lib/gcc/arm-none-eabi/11.2.1/thumb/v7e-m+fp/hard\libg.a(lib_a-init.o)
                0x0800c0bc                __libc_init_array
 .text.malloc   0x0800c104       0x10 d:/clion/gcc_arm/gcc-arm-11.2-2022.02-mingw-w64-i686-arm-none-eabi/gcc-arm-11.2-2022.02-mingw-w64-i686-arm-none-eabi/bin/../lib/gcc/arm-none-eabi/11.2.1/thumb/v7e-m+fp/hard\libg.a(lib_a-malloc.o)
                0x0800c104                malloc
 .text.free     0x0800c114       0x10 d:/clion/gcc_arm/gcc-arm-11.2-2022.02-mingw-w64-i686-arm-none-eabi/gcc-arm-11.2-2022.02-mingw-w64-i686-arm-none-eabi/bin/../lib/gcc/arm-none-eabi/11.2.1/thumb/v7e-m+fp/hard\libg.a(lib_a-malloc.o)
                0x0800c114                free
 .text._malloc_r
                0x0800c124      0x560 d:/clion/gcc_arm/gcc-arm-11.2-2022.02-mingw-w64-i686-arm-none-eabi/gcc-arm-11.2-2022.02-mingw-w64-i686-arm-none-eabi/bin/../lib/gcc/arm-none-eabi/11.2.1/thumb/v7e-m+fp/hard\libg.a(lib_a-mallocr.o)
                0x0800c124                _malloc_r
 .text.memcmp   0x0800c684       0x60 d:/clion/gcc_arm/gcc-arm-11.2-2022.02-mingw-w64-i686-arm-none-eabi/gcc-arm-11.2-2022.02-mingw-w64-i686-arm-none-eabi/bin/../lib/gcc/arm-none-eabi/11.2.1/thumb/v7e-m+fp/hard\libg.a(lib_a-memcmp.o)
                0x0800c684                memcmp
 .text.memmove  0x0800c6e4       0xf8 d:/clion/gcc_arm/gcc-arm-11.2-2022.02-mingw-w64-i686-arm-none-eabi/gcc-arm-11.2-2022.02-mingw-w64-i686-arm-none-eabi/bin/../lib/gcc/arm-none-eabi/11.2.1/thumb/v7e-m+fp/hard\libg.a(lib_a-memmove.o)
                0x0800c6e4                memmove
 .text.memset   0x0800c7dc       0xa4 d:/clion/gcc_arm/gcc-arm-11.2-2022.02-mingw-w64-i686-arm-none-eabi/gcc-arm-11.2-2022.02-mingw-w64-i686-arm-none-eabi/bin/../lib/gcc/arm-none-eabi/11.2.1/thumb/v7e-m+fp/hard\libg.a(lib_a-memset.o)
                0x0800c7dc                memset
 .text.__malloc_lock
                0x0800c880        0x4 d:/clion/gcc_arm/gcc-arm-11.2-2022.02-mingw-w64-i686-arm-none-eabi/gcc-arm-11.2-2022.02-mingw-w64-i686-arm-none-eabi/bin/../lib/gcc/arm-none-eabi/11.2.1/thumb/v7e-m+fp/hard\libg.a(lib_a-mlock.o)
                0x0800c880                __malloc_lock
 .text.__malloc_unlock
                0x0800c884        0x4 d:/clion/gcc_arm/gcc-arm-11.2-2022.02-mingw-w64-i686-arm-none-eabi/gcc-arm-11.2-2022.02-mingw-w64-i686-arm-none-eabi/bin/../lib/gcc/arm-none-eabi/11.2.1/thumb/v7e-m+fp/hard\libg.a(lib_a-mlock.o)
                0x0800c884                __malloc_unlock
 .text._putc_r  0x0800c888       0x58 d:/clion/gcc_arm/gcc-arm-11.2-2022.02-mingw-w64-i686-arm-none-eabi/gcc-arm-11.2-2022.02-mingw-w64-i686-arm-none-eabi/bin/../lib/gcc/arm-none-eabi/11.2.1/thumb/v7e-m+fp/hard\libg.a(lib_a-putc.o)
                0x0800c888                _putc_r
 .text.realloc  0x0800c8e0       0x18 d:/clion/gcc_arm/gcc-arm-11.2-2022.02-mingw-w64-i686-arm-none-eabi/gcc-arm-11.2-2022.02-mingw-w64-i686-arm-none-eabi/bin/../lib/gcc/arm-none-eabi/11.2.1/thumb/v7e-m+fp/hard\libg.a(lib_a-realloc.o)
                0x0800c8e0                realloc
 .text._realloc_r
                0x0800c8f8      0x3d8 d:/clion/gcc_arm/gcc-arm-11.2-2022.02-mingw-w64-i686-arm-none-eabi/gcc-arm-11.2-2022.02-mingw-w64-i686-arm-none-eabi/bin/../lib/gcc/arm-none-eabi/11.2.1/thumb/v7e-m+fp/hard\libg.a(lib_a-reallocr.o)
                0x0800c8f8                _realloc_r
 .text._sbrk_r  0x0800ccd0       0x24 d:/clion/gcc_arm/gcc-arm-11.2-2022.02-mingw-w64-i686-arm-none-eabi/gcc-arm-11.2-2022.02-mingw-w64-i686-arm-none-eabi/bin/../lib/gcc/arm-none-eabi/11.2.1/thumb/v7e-m+fp/hard\libg.a(lib_a-sbrkr.o)
                0x0800ccd0                _sbrk_r
 .text.raise    0x0800ccf4       0x5c d:/clion/gcc_arm/gcc-arm-11.2-2022.02-mingw-w64-i686-arm-none-eabi/gcc-arm-11.2-2022.02-mingw-w64-i686-arm-none-eabi/bin/../lib/gcc/arm-none-eabi/11.2.1/thumb/v7e-m+fp/hard\libg.a(lib_a-signal.o)
                0x0800ccf4                raise
 .text._kill_r  0x0800cd50       0x2c d:/clion/gcc_arm/gcc-arm-11.2-2022.02-mingw-w64-i686-arm-none-eabi/gcc-arm-11.2-2022.02-mingw-w64-i686-arm-none-eabi/bin/../lib/gcc/arm-none-eabi/11.2.1/thumb/v7e-m+fp/hard\libg.a(lib_a-signalr.o)
                0x0800cd50                _kill_r
 .text._getpid_r
                0x0800cd7c        0x4 d:/clion/gcc_arm/gcc-arm-11.2-2022.02-mingw-w64-i686-arm-none-eabi/gcc-arm-11.2-2022.02-mingw-w64-i686-arm-none-eabi/bin/../lib/gcc/arm-none-eabi/11.2.1/thumb/v7e-m+fp/hard\libg.a(lib_a-signalr.o)
                0x0800cd7c                _getpid_r
 .text.sprintf  0x0800cd80       0x40 d:/clion/gcc_arm/gcc-arm-11.2-2022.02-mingw-w64-i686-arm-none-eabi/gcc-arm-11.2-2022.02-mingw-w64-i686-arm-none-eabi/bin/../lib/gcc/arm-none-eabi/11.2.1/thumb/v7e-m+fp/hard\libg.a(lib_a-sprintf.o)
                0x0800cd80                sprintf
 .text.strncmp  0x0800cdc0       0x8c d:/clion/gcc_arm/gcc-arm-11.2-2022.02-mingw-w64-i686-arm-none-eabi/gcc-arm-11.2-2022.02-mingw-w64-i686-arm-none-eabi/bin/../lib/gcc/arm-none-eabi/11.2.1/thumb/v7e-m+fp/hard\libg.a(lib_a-strncmp.o)
                0x0800cdc0                strncmp
 *fill*         0x0800ce4c        0x4 
 .text._svfprintf_r
                0x0800ce50     0x1be0 d:/clion/gcc_arm/gcc-arm-11.2-2022.02-mingw-w64-i686-arm-none-eabi/gcc-arm-11.2-2022.02-mingw-w64-i686-arm-none-eabi/bin/../lib/gcc/arm-none-eabi/11.2.1/thumb/v7e-m+fp/hard\libg.a(lib_a-svfprintf.o)
                0x0800ce50                _svfprintf_r
 .text.__swbuf_r
                0x0800ea30       0xb0 d:/clion/gcc_arm/gcc-arm-11.2-2022.02-mingw-w64-i686-arm-none-eabi/gcc-arm-11.2-2022.02-mingw-w64-i686-arm-none-eabi/bin/../lib/gcc/arm-none-eabi/11.2.1/thumb/v7e-m+fp/hard\libg.a(lib_a-wbuf.o)
                0x0800ea30                __swbuf_r
 .text._wcrtomb_r
                0x0800eae0       0x4c d:/clion/gcc_arm/gcc-arm-11.2-2022.02-mingw-w64-i686-arm-none-eabi/gcc-arm-11.2-2022.02-mingw-w64-i686-arm-none-eabi/bin/../lib/gcc/arm-none-eabi/11.2.1/thumb/v7e-m+fp/hard\libg.a(lib_a-wcrtomb.o)
                0x0800eae0                _wcrtomb_r
 .text._wcsrtombs_r
                0x0800eb2c       0x18 d:/clion/gcc_arm/gcc-arm-11.2-2022.02-mingw-w64-i686-arm-none-eabi/gcc-arm-11.2-2022.02-mingw-w64-i686-arm-none-eabi/bin/../lib/gcc/arm-none-eabi/11.2.1/thumb/v7e-m+fp/hard\libg.a(lib_a-wcsrtombs.o)
                0x0800eb2c                _wcsrtombs_r
 .text.__swsetup_r
                0x0800eb44       0xd4 d:/clion/gcc_arm/gcc-arm-11.2-2022.02-mingw-w64-i686-arm-none-eabi/gcc-arm-11.2-2022.02-mingw-w64-i686-arm-none-eabi/bin/../lib/gcc/arm-none-eabi/11.2.1/thumb/v7e-m+fp/hard\libg.a(lib_a-wsetup.o)
                0x0800eb44                __swsetup_r